Archive member included to satisfy reference by file (symbol)

Generated_Source\PSoC6\pdl\middleware\emWin\libs\libemWin_nosnts_gcc.a(F13B_1.o)
                              .\CortexM4\ARM_GCC_541\Debug\main_cm4.o (GUI_Font13B_1)
Generated_Source\PSoC6\pdl\middleware\emWin\libs\libemWin_nosnts_gcc.a(F13B_ASCII.o)
                              Generated_Source\PSoC6\pdl\middleware\emWin\libs\libemWin_nosnts_gcc.a(F13B_1.o) (GUI_Font13B_ASCII_Prop1)
Generated_Source\PSoC6\pdl\middleware\emWin\libs\libemWin_nosnts_gcc.a(F6x8.o)
                              .\CortexM4\ARM_GCC_541\Debug\GUIConf.o (GUI_Font6x8)
Generated_Source\PSoC6\pdl\middleware\emWin\libs\libemWin_nosnts_gcc.a(GUI_Alloc.o)
                              .\CortexM4\ARM_GCC_541\Debug\GUIConf.o (GUI_ALLOC_AssignMemory)
Generated_Source\PSoC6\pdl\middleware\emWin\libs\libemWin_nosnts_gcc.a(GUI_CharM.o)
                              Generated_Source\PSoC6\pdl\middleware\emWin\libs\libemWin_nosnts_gcc.a(F6x8.o) (GUIMONO_DispChar)
Generated_Source\PSoC6\pdl\middleware\emWin\libs\libemWin_nosnts_gcc.a(GUI_CharP.o)
                              Generated_Source\PSoC6\pdl\middleware\emWin\libs\libemWin_nosnts_gcc.a(F13B_1.o) (GUIPROP_DispChar)
Generated_Source\PSoC6\pdl\middleware\emWin\libs\libemWin_nosnts_gcc.a(GUI_Common.o)
                              Generated_Source\PSoC6\pdl\middleware\emWin\libs\libemWin_nosnts_gcc.a(GUI_CharP.o) (GUI_GetBkColor)
Generated_Source\PSoC6\pdl\middleware\emWin\libs\libemWin_nosnts_gcc.a(GUI_Core.o)
                              Generated_Source\PSoC6\pdl\middleware\emWin\libs\libemWin_nosnts_gcc.a(GUI_Common.o) (GUI__apDevice)
Generated_Source\PSoC6\pdl\middleware\emWin\libs\libemWin_nosnts_gcc.a(GUI_Device.o)
                              .\CortexM4\ARM_GCC_541\Debug\LCDConf.o (GUI_DEVICE_CreateAndLink)
Generated_Source\PSoC6\pdl\middleware\emWin\libs\libemWin_nosnts_gcc.a(GUI_DispString.o)
                              Generated_Source\PSoC6\pdl\middleware\emWin\libs\libemWin_nosnts_gcc.a(GUI_Common.o) (GUI_DispString)
Generated_Source\PSoC6\pdl\middleware\emWin\libs\libemWin_nosnts_gcc.a(GUI_DispStringInRectEx.o)
                              Generated_Source\PSoC6\pdl\middleware\emWin\libs\libemWin_nosnts_gcc.a(GUI_DispString.o) (GUI_DispStringInRectEx)
Generated_Source\PSoC6\pdl\middleware\emWin\libs\libemWin_nosnts_gcc.a(GUI_DrawLine.o)
                              .\CortexM4\ARM_GCC_541\Debug\main_cm4.o (GUI_DrawLine)
Generated_Source\PSoC6\pdl\middleware\emWin\libs\libemWin_nosnts_gcc.a(GUI_FillPolygon.o)
                              Generated_Source\PSoC6\pdl\middleware\emWin\libs\libemWin_nosnts_gcc.a(GUI_DrawLine.o) (GL_FillPolygon)
Generated_Source\PSoC6\pdl\middleware\emWin\libs\libemWin_nosnts_gcc.a(GUI_OnKey.o)
                              Generated_Source\PSoC6\pdl\middleware\emWin\libs\libemWin_nosnts_gcc.a(GUI_Common.o) (GUI_GetKey)
Generated_Source\PSoC6\pdl\middleware\emWin\libs\libemWin_nosnts_gcc.a(GUI_UC.o)
                              Generated_Source\PSoC6\pdl\middleware\emWin\libs\libemWin_nosnts_gcc.a(GUI_DispString.o) (GUI_UC__GetCharCodeInc)
Generated_Source\PSoC6\pdl\middleware\emWin\libs\libemWin_nosnts_gcc.a(GUI_UC_EncodeNone.o)
                              Generated_Source\PSoC6\pdl\middleware\emWin\libs\libemWin_nosnts_gcc.a(GUI_Core.o) (GUI_UC_None)
Generated_Source\PSoC6\pdl\middleware\emWin\libs\libemWin_nosnts_gcc.a(GUI_WaitEvent.o)
                              Generated_Source\PSoC6\pdl\middleware\emWin\libs\libemWin_nosnts_gcc.a(GUI_OnKey.o) (GUI_SignalEvent)
Generated_Source\PSoC6\pdl\middleware\emWin\libs\libemWin_nosnts_gcc.a(GUICC_1.o)
                              .\CortexM4\ARM_GCC_541\Debug\LCDConf.o (LCD_API_ColorConv_1)
Generated_Source\PSoC6\pdl\middleware\emWin\libs\libemWin_nosnts_gcc.a(GUIDRV_BitPlains.o)
                              .\CortexM4\ARM_GCC_541\Debug\LCDConf.o (GUIDRV_BitPlains_Config)
Generated_Source\PSoC6\pdl\middleware\emWin\libs\libemWin_nosnts_gcc.a(LCD.o)
                              Generated_Source\PSoC6\pdl\middleware\emWin\libs\libemWin_nosnts_gcc.a(GUI_CharM.o) (LCD_SetDrawMode)
Generated_Source\PSoC6\pdl\middleware\emWin\libs\libemWin_nosnts_gcc.a(LCD_Color.o)
                              Generated_Source\PSoC6\pdl\middleware\emWin\libs\libemWin_nosnts_gcc.a(LCD.o) (LCD_InitColors)
Generated_Source\PSoC6\pdl\middleware\emWin\libs\libemWin_nosnts_gcc.a(LCD_GetColorIndex.o)
                              Generated_Source\PSoC6\pdl\middleware\emWin\libs\libemWin_nosnts_gcc.a(GUI_Common.o) (LCD_GetBkColorIndex)
Generated_Source\PSoC6\pdl\middleware\emWin\libs\libemWin_nosnts_gcc.a(LCD_GetEx.o)
                              Generated_Source\PSoC6\pdl\middleware\emWin\libs\libemWin_nosnts_gcc.a(LCD_Color.o) (LCD_GetBitsPerPixelEx)
Generated_Source\PSoC6\pdl\middleware\emWin\libs\libemWin_nosnts_gcc.a(LCD_GetNumDisplays.o)
[...]
Memory Configuration

Name             Origin             Length             Attributes
ram              0x08024000         0x00023800         xrw
flash            0x10080000         0x00080000         xr
em_eeprom        0x14000000         0x00008000         xr
sflash_user_data 0x16000800         0x00000800         xr
sflash_nar       0x16001a00         0x00000200         xr
sflash_public_key 0x16005a00         0x00000c00         xr
sflash_toc_2     0x16007c00         0x00000200         xr
sflash_rtoc_2    0x16007e00         0x00000200         xr
xip              0x18000000         0x08000000         xr
efuse            0x90700000         0x00100000         r
*default*        0x00000000         0xffffffff

Linker script and memory map

LOAD c:/program files (x86)/cypress/psoc creator/4.2/psoc creator/import/gnu/arm/5.4.1/bin/../lib/gcc/arm-none-eabi/5.4.1/armv7e-m/softfp/crti.o
LOAD c:/program files (x86)/cypress/psoc creator/4.2/psoc creator/import/gnu/arm/5.4.1/bin/../lib/gcc/arm-none-eabi/5.4.1/armv7e-m/softfp/crtbegin.o
LOAD c:/program files (x86)/cypress/psoc creator/4.2/psoc creator/import/gnu/arm/5.4.1/bin/../lib/gcc/arm-none-eabi/5.4.1/../../../../arm-none-eabi/lib/armv7e-m/softfp/crt0.o
START GROUP
LOAD Generated_Source\PSoC6\pdl\middleware\emWin\libs\libemWin_nosnts_gcc.a
LOAD Generated_Source\PSoC6\pdl\middleware\emWin\libs\libemWin_nosnts_cm4f_gcc.a
LOAD .\CortexM4\ARM_GCC_541\Debug\startup_psoc63_cm4.o
LOAD .\CortexM4\ARM_GCC_541\Debug\main_cm4.o
LOAD .\CortexM4\ARM_GCC_541\Debug\system_psoc63_cm4.o
LOAD .\CortexM4\ARM_GCC_541\Debug\pervasive_eink_hardware_driver.o
LOAD .\CortexM4\ARM_GCC_541\Debug\cy_eink_library.o
LOAD .\CortexM4\ARM_GCC_541\Debug\cy_eink_psoc_interface.o
LOAD .\CortexM4\ARM_GCC_541\Debug\Cypress Logo Full Color_PNG_1bpp.o
LOAD .\CortexM4\ARM_GCC_541\Debug\GUIConf.o
LOAD .\CortexM4\ARM_GCC_541\Debug\GUI_X.o
LOAD .\CortexM4\ARM_GCC_541\Debug\LCDConf.o
LOAD .\CortexM4\ARM_GCC_541\Debug\cy_ipc_config.o
LOAD .\CortexM4\ARM_GCC_541\Debug\cyfitter_sysint_cfg.o
LOAD .\CortexM4\ARM_GCC_541\Debug\cymetadata.o
LOAD .\CortexM4\ARM_GCC_541\Debug\CY_EINK_SPIM.o
LOAD .\CortexM4\ARM_GCC_541\Debug\CY_EINK_Timer.o
LOAD .\CortexM4\ARM_GCC_541\Debug\Status_SW2.o
LOAD .\CortexM4\ARM_GCC_541\Debug\cy_sysint.o
LOAD .\CortexM4\ARM_GCC_541\Debug\cy_ipc_drv.o
LOAD .\CortexM4\ARM_GCC_541\Debug\cy_ipc_sema.o
LOAD .\CortexM4\ARM_GCC_541\Debug\cy_ipc_pipe.o
LOAD .\CortexM4\ARM_GCC_541\Debug\cy_sysclk.o
LOAD .\CortexM4\ARM_GCC_541\Debug\cy_wdt.o
LOAD .\CortexM4\ARM_GCC_541\Debug\cy_tcpwm_counter.o
LOAD .\CortexM4\ARM_GCC_541\Debug\cy_tcpwm_pwm.o
LOAD .\CortexM4\ARM_GCC_541\Debug\cy_tcpwm_quaddec.o
LOAD .\CortexM4\ARM_GCC_541\Debug\cy_scb_common.o
LOAD .\CortexM4\ARM_GCC_541\Debug\cy_scb_i2c.o
LOAD .\CortexM4\ARM_GCC_541\Debug\cy_scb_ezi2c.o
LOAD .\CortexM4\ARM_GCC_541\Debug\cy_scb_spi.o
LOAD .\CortexM4\ARM_GCC_541\Debug\cy_scb_uart.o
LOAD .\CortexM4\ARM_GCC_541\Debug\cy_efuse.o
LOAD .\CortexM4\ARM_GCC_541\Debug\cy_flash.o
LOAD .\CortexM4\ARM_GCC_541\Debug\cy_gpio.o
LOAD .\CortexM4\ARM_GCC_541\Debug\cy_sysanalog.o
LOAD .\CortexM4\ARM_GCC_541\Debug\cy_syspm.o
LOAD .\CortexM4\ARM_GCC_541\Debug\cy_syslib.o
LOAD .\CortexM4\ARM_GCC_541\Debug\cy_syslib_gcc.o
LOAD .\CortexM4\ARM_GCC_541\Debug\cy_trigmux.o
LOAD .\CortexM4\ARM_GCC_541\Debug\cy_systick.o
LOAD .\CortexM4\ARM_GCC_541\Debug\cy_profile.o
LOAD .\CortexM4\ARM_GCC_541\Debug\cy_prot.o
LOAD .\CortexM4\ARM_GCC_541\Debug\cy_lvd.o
LOAD .\CortexM4\ARM_GCC_541\Debug\cy_ble_clk.o
LOAD .\CortexM4\ARM_GCC_541\Debug\PWM.o
LOAD .\CortexM4\ARM_GCC_541\Debug\Timer.o
LOAD .\CortexM4\ARM_GCC_541\Debug\Status_Button2.o
LOAD .\CortexM4\ARM_GCC_541\Debug\Status_Button3.o
END GROUP
START GROUP
LOAD c:/program files (x86)/cypress/psoc creator/4.2/psoc creator/import/gnu/arm/5.4.1/bin/../lib/gcc/arm-none-eabi/5.4.1/armv7e-m/softfp\libgcc.a
LOAD c:/program files (x86)/cypress/psoc creator/4.2/psoc creator/import/gnu/arm/5.4.1/bin/../lib/gcc/arm-none-eabi/5.4.1/../../../../arm-none-eabi/lib/armv7e-m/softfp\libg_nano.a
LOAD c:/program files (x86)/cypress/psoc creator/4.2/psoc creator/import/gnu/arm/5.4.1/bin/../lib/gcc/arm-none-eabi/5.4.1/../../../../arm-none-eabi/lib/armv7e-m/softfp\libc_nano.a
END GROUP
START GROUP
LOAD c:/program files (x86)/cypress/psoc creator/4.2/psoc creator/import/gnu/arm/5.4.1/bin/../lib/gcc/arm-none-eabi/5.4.1/armv7e-m/softfp\libgcc.a
LOAD c:/program files (x86)/cypress/psoc creator/4.2/psoc creator/import/gnu/arm/5.4.1/bin/../lib/gcc/arm-none-eabi/5.4.1/../../../../arm-none-eabi/lib/armv7e-m/softfp\libc_nano.a
END GROUP
LOAD c:/program files (x86)/cypress/psoc creator/4.2/psoc creator/import/gnu/arm/5.4.1/bin/../lib/gcc/arm-none-eabi/5.4.1/armv7e-m/softfp/crtend.o
LOAD c:/program files (x86)/cypress/psoc creator/4.2/psoc creator/import/gnu/arm/5.4.1/bin/../lib/gcc/arm-none-eabi/5.4.1/armv7e-m/softfp/crtn.o
START GROUP
LOAD c:/program files (x86)/cypress/psoc creator/4.2/psoc creator/import/gnu/arm/5.4.1/bin/../lib/gcc/arm-none-eabi/5.4.1/armv7e-m/softfp\libgcc.a
LOAD c:/program files (x86)/cypress/psoc creator/4.2/psoc creator/import/gnu/arm/5.4.1/bin/../lib/gcc/arm-none-eabi/5.4.1/../../../../arm-none-eabi/lib/armv7e-m/softfp\libc.a
LOAD c:/program files (x86)/cypress/psoc creator/4.2/psoc creator/import/gnu/arm/5.4.1/bin/../lib/gcc/arm-none-eabi/5.4.1/../../../../arm-none-eabi/lib/armv7e-m/softfp\libnosys.a
END GROUP
START GROUP
LOAD c:/program files (x86)/cypress/psoc creator/4.2/psoc creator/import/gnu/arm/5.4.1/bin/../lib/gcc/arm-none-eabi/5.4.1/armv7e-m/softfp\libgcc.a
LOAD c:/program files (x86)/cypress/psoc creator/4.2/psoc creator/import/gnu/arm/5.4.1/bin/../lib/gcc/arm-none-eabi/5.4.1/../../../../arm-none-eabi/lib/armv7e-m/softfp\libc.a
LOAD c:/program files (x86)/cypress/psoc creator/4.2/psoc creator/import/gnu/arm/5.4.1/bin/../lib/gcc/arm-none-eabi/5.4.1/../../../../arm-none-eabi/lib/armv7e-m/softfp\libm.a
LOAD c:/program files (x86)/cypress/psoc creator/4.2/psoc creator/import/gnu/arm/5.4.1/bin/../lib/gcc/arm-none-eabi/5.4.1/../../../../arm-none-eabi/lib/armv7e-m/softfp\libnosys.a
END GROUP

.text           0x10080000     0xb954
                0x10080000                . = ALIGN (0x4)
                0x10080000                __Vectors = .
 *(.vectors)
 .vectors       0x10080000      0x28c .\CortexM4\ARM_GCC_541\Debug\startup_psoc63_cm4.o
                0x1008028c                . = ALIGN (0x4)
                0x1008028c                __Vectors_End = .
                0x0000028c                __Vectors_Size = (__Vectors_End - __Vectors)
                0x1008028c                __end__ = .
                0x1008028c                . = ALIGN (0x4)
 *(.text*)
 .text          0x1008028c       0x5c c:/program files (x86)/cypress/psoc creator/4.2/psoc creator/import/gnu/arm/5.4.1/bin/../lib/gcc/arm-none-eabi/5.4.1/armv7e-m/softfp/crtbegin.o
 .text          0x100802e8       0x94 .\CortexM4\ARM_GCC_541\Debug\startup_psoc63_cm4.o
                0x100802e8                Cy_OnResetUser
                0x100802ea                Cy_SaveIRQ
                0x100802f2                Cy_RestoreIRQ
                0x100802f8                Reset_Handler
                0x1008035c                tcpwm_1_interrupts_11_IRQHandler
                0x1008035c                cpuss_interrupts_ipc_0_IRQHandler
                0x1008035c                tcpwm_1_interrupts_15_IRQHandler
                0x1008035c                ioss_interrupts_gpio_13_IRQHandler
                0x1008035c                tcpwm_1_interrupts_13_IRQHandler
                0x1008035c                cpuss_interrupts_dw1_8_IRQHandler
                0x1008035c                tcpwm_0_interrupts_0_IRQHandler
                0x1008035c                SysTick_Handler
                0x1008035c                cpuss_interrupt_fm_IRQHandler
                0x1008035c                cpuss_interrupts_ipc_7_IRQHandler
                0x1008035c                tcpwm_1_interrupts_14_IRQHandler
                0x1008035c                cpuss_interrupts_dw0_11_IRQHandler
                0x1008035c                tcpwm_1_interrupts_9_IRQHandler
                0x1008035c                cpuss_interrupts_cm0_cti_1_IRQHandler
                0x1008035c                tcpwm_1_interrupts_22_IRQHandler
                0x1008035c                cpuss_interrupts_dw0_4_IRQHandler
                0x1008035c                PendSV_Handler
                0x1008035c                NMI_Handler
                0x1008035c                cpuss_interrupts_dw1_12_IRQHandler
                0x1008035c                tcpwm_1_interrupts_12_IRQHandler
                0x1008035c                smif_interrupt_IRQHandler
                0x1008035c                tcpwm_1_interrupts_2_IRQHandler
                0x1008035c                cpuss_interrupts_ipc_13_IRQHandler
                0x1008035c                udb_interrupts_11_IRQHandler
                0x1008035c                tcpwm_1_interrupts_18_IRQHandler
                0x1008035c                cpuss_interrupts_ipc_6_IRQHandler
                0x1008035c                tcpwm_0_interrupts_2_IRQHandler
                0x1008035c                cpuss_interrupts_dw0_13_IRQHandler
                0x1008035c                udb_interrupts_2_IRQHandler
                0x1008035c                cpuss_interrupts_dw1_7_IRQHandler
                0x1008035c                ioss_interrupts_gpio_1_IRQHandler
                0x1008035c                ioss_interrupts_gpio_7_IRQHandler
                0x1008035c                scb_5_interrupt_IRQHandler
                0x1008035c                udb_interrupts_6_IRQHandler
                0x1008035c                cpuss_interrupts_fault_1_IRQHandler
                0x1008035c                cpuss_interrupts_ipc_4_IRQHandler
                0x1008035c                cpuss_interrupts_ipc_5_IRQHandler
                0x1008035c                cpuss_interrupts_dw1_10_IRQHandler
                0x1008035c                udb_interrupts_0_IRQHandler
                0x1008035c                tcpwm_1_interrupts_6_IRQHandler
                0x1008035c                scb_4_interrupt_IRQHandler
                0x1008035c                pass_interrupt_dacs_IRQHandler
                0x1008035c                ioss_interrupts_gpio_2_IRQHandler
                0x1008035c                cpuss_interrupts_dw1_9_IRQHandler
                0x1008035c                cpuss_interrupts_dw1_13_IRQHandler
                0x1008035c                scb_2_interrupt_IRQHandler
                0x1008035c                cpuss_interrupts_cm0_cti_0_IRQHandler
                0x1008035c                udb_interrupts_5_IRQHandler
                0x1008035c                srss_interrupt_IRQHandler
                0x1008035c                udb_interrupts_12_IRQHandler
                0x1008035c                scb_0_interrupt_IRQHandler
                0x1008035c                csd_interrupt_IRQHandler
                0x1008035c                udb_interrupts_1_IRQHandler
                0x1008035c                profile_interrupt_IRQHandler
                0x1008035c                tcpwm_1_interrupts_1_IRQHandler
                0x1008035c                cpuss_interrupts_ipc_12_IRQHandler
                0x1008035c                tcpwm_1_interrupts_3_IRQHandler
                0x1008035c                tcpwm_0_interrupts_7_IRQHandler
                0x1008035c                cpuss_interrupts_dw1_1_IRQHandler
                0x1008035c                cpuss_interrupts_dw1_0_IRQHandler
                0x1008035c                cpuss_interrupts_dw0_9_IRQHandler
                0x1008035c                DebugMon_Handler
                0x1008035c                cpuss_interrupts_dw0_5_IRQHandler
                0x1008035c                udb_interrupts_4_IRQHandler
                0x1008035c                tcpwm_1_interrupts_20_IRQHandler
                0x1008035c                ioss_interrupt_gpio_IRQHandler
                0x1008035c                tcpwm_0_interrupts_1_IRQHandler
                0x1008035c                ioss_interrupts_gpio_8_IRQHandler
                0x1008035c                tcpwm_0_interrupts_6_IRQHandler
                0x1008035c                scb_7_interrupt_IRQHandler
                0x1008035c                tcpwm_1_interrupts_7_IRQHandler
                0x1008035c                cpuss_interrupts_ipc_11_IRQHandler
                0x1008035c                udb_interrupts_13_IRQHandler
                0x1008035c                cpuss_interrupts_dw0_15_IRQHandler
                0x1008035c                udb_interrupts_7_IRQHandler
                0x1008035c                cpuss_interrupts_dw1_6_IRQHandler
                0x1008035c                cpuss_interrupt_crypto_IRQHandler
                0x1008035c                scb_1_interrupt_IRQHandler
                0x1008035c                Default_Handler
                0x1008035c                usb_interrupt_hi_IRQHandler
                0x1008035c                tcpwm_1_interrupts_0_IRQHandler
                0x1008035c                udb_interrupts_9_IRQHandler
                0x1008035c                audioss_interrupt_pdm_IRQHandler
                0x1008035c                srss_interrupt_mcwdt_0_IRQHandler
                0x1008035c                scb_3_interrupt_IRQHandler
                0x1008035c                pass_interrupt_ctbs_IRQHandler
                0x1008035c                udb_interrupts_8_IRQHandler
                0x1008035c                ioss_interrupts_gpio_3_IRQHandler
                0x1008035c                scb_6_interrupt_IRQHandler
                0x1008035c                cpuss_interrupts_cm4_cti_0_IRQHandler
                0x1008035c                cpuss_interrupts_dw1_3_IRQHandler
                0x1008035c                pass_interrupt_sar_IRQHandler
                0x1008035c                ioss_interrupts_gpio_0_IRQHandler
                0x1008035c                ioss_interrupts_gpio_14_IRQHandler
                0x1008035c                tcpwm_0_interrupts_4_IRQHandler
                0x1008035c                udb_interrupts_3_IRQHandler
                0x1008035c                tcpwm_0_interrupts_5_IRQHandler
                0x1008035c                cpuss_interrupts_ipc_15_IRQHandler
                0x1008035c                cpuss_interrupts_cm4_cti_1_IRQHandler
                0x1008035c                scb_8_interrupt_IRQHandler
                0x1008035c                srss_interrupt_mcwdt_1_IRQHandler
                0x1008035c                cpuss_interrupts_dw1_2_IRQHandler
                0x1008035c                SVC_Handler
                0x1008035c                cpuss_interrupts_dw1_5_IRQHandler
                0x1008035c                cpuss_interrupts_ipc_1_IRQHandler
                0x1008035c                cpuss_interrupts_dw0_0_IRQHandler
                0x1008035c                ioss_interrupts_gpio_12_IRQHandler
                0x1008035c                cpuss_interrupts_ipc_3_IRQHandler
                0x1008035c                tcpwm_1_interrupts_17_IRQHandler
                0x1008035c                srss_interrupt_backup_IRQHandler
                0x1008035c                bless_interrupt_IRQHandler
                0x1008035c                cpuss_interrupts_ipc_10_IRQHandler
                0x1008035c                cpuss_interrupts_ipc_9_IRQHandler
                0x1008035c                cpuss_interrupts_dw0_14_IRQHandler
                0x1008035c                tcpwm_1_interrupts_4_IRQHandler
                0x1008035c                tcpwm_0_interrupts_3_IRQHandler
                0x1008035c                cpuss_interrupts_dw1_15_IRQHandler
                0x1008035c                ioss_interrupts_gpio_10_IRQHandler
                0x1008035c                udb_interrupts_10_IRQHandler
                0x1008035c                cpuss_interrupts_dw0_8_IRQHandler
                0x1008035c                ioss_interrupts_gpio_11_IRQHandler
                0x1008035c                cpuss_interrupts_ipc_14_IRQHandler
                0x1008035c                ioss_interrupts_gpio_5_IRQHandler
                0x1008035c                ioss_interrupts_gpio_4_IRQHandler
                0x1008035c                tcpwm_1_interrupts_8_IRQHandler
                0x1008035c                cpuss_interrupts_dw1_14_IRQHandler
                0x1008035c                usb_interrupt_med_IRQHandler
                0x1008035c                cpuss_interrupts_dw0_2_IRQHandler
                0x1008035c                tcpwm_1_interrupts_23_IRQHandler
                0x1008035c                tcpwm_1_interrupts_10_IRQHandler
                0x1008035c                cpuss_interrupts_fault_0_IRQHandler
                0x1008035c                cpuss_interrupts_dw0_12_IRQHandler
                0x1008035c                ioss_interrupts_gpio_6_IRQHandler
                0x1008035c                tcpwm_1_interrupts_21_IRQHandler
                0x1008035c                tcpwm_1_interrupts_16_IRQHandler
                0x1008035c                cpuss_interrupts_dw1_4_IRQHandler
                0x1008035c                udb_interrupts_15_IRQHandler
                0x1008035c                cpuss_interrupts_dw1_11_IRQHandler
                0x1008035c                cpuss_interrupts_dw0_6_IRQHandler
                0x1008035c                ioss_interrupt_vdd_IRQHandler
                0x1008035c                cpuss_interrupts_dw0_7_IRQHandler
                0x1008035c                audioss_interrupt_i2s_IRQHandler
                0x1008035c                tcpwm_1_interrupts_5_IRQHandler
                0x1008035c                cpuss_interrupts_ipc_2_IRQHandler
                0x1008035c                cpuss_interrupts_dw0_10_IRQHandler
                0x1008035c                tcpwm_1_interrupts_19_IRQHandler
                0x1008035c                cpuss_interrupts_dw0_1_IRQHandler
                0x1008035c                lpcomp_interrupt_IRQHandler
                0x1008035c                ioss_interrupts_gpio_9_IRQHandler
                0x1008035c                usb_interrupt_lo_IRQHandler
                0x1008035c                cpuss_interrupts_ipc_8_IRQHandler
                0x1008035c                udb_interrupts_14_IRQHandler
                0x1008035c                cpuss_interrupts_dw0_3_IRQHandler
                0x10080360                UsageFault_Handler
                0x10080360                HardFault_Handler
                0x10080360                MemManage_Handler
                0x10080360                BusFault_Handler
 .text.UpdateDisplay
                0x1008037c       0x2c .\CortexM4\ARM_GCC_541\Debug\main_cm4.o
                0x1008037c                UpdateDisplay
 .text.TimerInterruptHandler
                0x100803a8       0xbc .\CortexM4\ARM_GCC_541\Debug\main_cm4.o
                0x100803a8                TimerInterruptHandler
 .text.ClearScreen
                0x10080464       0x20 .\CortexM4\ARM_GCC_541\Debug\main_cm4.o
                0x10080464                ClearScreen
 .text.WaitforSwitchPressAndRelease
                0x10080484       0xb4 .\CortexM4\ARM_GCC_541\Debug\main_cm4.o
                0x10080484                WaitforSwitchPressAndRelease
 .text.ShowGraph_WithUpdate
                0x10080538      0x11c .\CortexM4\ARM_GCC_541\Debug\main_cm4.o
                0x10080538                ShowGraph_WithUpdate
 .text.ShowGraph
                0x10080654      0x168 .\CortexM4\ARM_GCC_541\Debug\main_cm4.o
                0x10080654                ShowGraph
 .text.ShowTable
                0x100807bc      0x108 .\CortexM4\ARM_GCC_541\Debug\main_cm4.o
                0x100807bc                ShowTable
 .text.AddNew   0x100808c4      0x340 .\CortexM4\ARM_GCC_541\Debug\main_cm4.o
                0x100808c4                AddNew
 .text.ShowAddNewPage
                0x10080c04       0x90 .\CortexM4\ARM_GCC_541\Debug\main_cm4.o
                0x10080c04                ShowAddNewPage
 .text.Init_Interrupts
                0x10080c94       0x70 .\CortexM4\ARM_GCC_541\Debug\main_cm4.o
                0x10080c94                Init_Interrupts
 .text.main     0x10080d04       0x60 .\CortexM4\ARM_GCC_541\Debug\main_cm4.o
                0x10080d04                main
 .text.Cy_SystemInit
                0x10080d64        0x4 .\CortexM4\ARM_GCC_541\Debug\system_psoc63_cm4.o
                0x10080d64                Cy_SystemInit
 .text.SystemCoreClockUpdate
                0x10080d68      0x190 .\CortexM4\ARM_GCC_541\Debug\system_psoc63_cm4.o
                0x10080d68                SystemCoreClockUpdate
 .text.SystemInit
                0x10080ef8       0x48 .\CortexM4\ARM_GCC_541\Debug\system_psoc63_cm4.o
                0x10080ef8                SystemInit
 .text.Cy_SystemInitFpuEnable
                0x10080f40       0x28 .\CortexM4\ARM_GCC_541\Debug\system_psoc63_cm4.o
                0x10080f40                Cy_SystemInitFpuEnable
 .text.Pv_EINK_SendData
                0x10080f68       0x38 .\CortexM4\ARM_GCC_541\Debug\pervasive_eink_hardware_driver.o
                0x10080f68                Pv_EINK_SendData
 .text.Pv_EINK_SendByte
                0x10080fa0       0x18 .\CortexM4\ARM_GCC_541\Debug\pervasive_eink_hardware_driver.o
                0x10080fa0                Pv_EINK_SendByte
 .text.Pv_EINK_ReadByte
                0x10080fb8       0x30 .\CortexM4\ARM_GCC_541\Debug\pervasive_eink_hardware_driver.o
                0x10080fb8                Pv_EINK_ReadByte
 .text.Pv_EINK_Init
                0x10080fe8       0x34 .\CortexM4\ARM_GCC_541\Debug\pervasive_eink_hardware_driver.o
                0x10080fe8                Pv_EINK_Init
 .text.Pv_EINK_InitDriver
                0x1008101c      0x118 .\CortexM4\ARM_GCC_541\Debug\pervasive_eink_hardware_driver.o
                0x1008101c                Pv_EINK_InitDriver
 .text.Pv_EINK_SetTempFactor
                0x10081134       0x58 .\CortexM4\ARM_GCC_541\Debug\pervasive_eink_hardware_driver.o
                0x10081134                Pv_EINK_SetTempFactor
 .text.Pv_EINK_FullStageHandler
                0x1008118c      0x424 .\CortexM4\ARM_GCC_541\Debug\pervasive_eink_hardware_driver.o
                0x1008118c                Pv_EINK_FullStageHandler
 .text.Pv_EINK_PartialStageHandler
                0x100815b0      0x228 .\CortexM4\ARM_GCC_541\Debug\pervasive_eink_hardware_driver.o
                0x100815b0                Pv_EINK_PartialStageHandler
 .text.Pv_EINK_NothingFrame
                0x100817d8       0x5c .\CortexM4\ARM_GCC_541\Debug\pervasive_eink_hardware_driver.o
                0x100817d8                Pv_EINK_NothingFrame
 .text.Pv_EINK_DummyLine
                0x10081834       0x34 .\CortexM4\ARM_GCC_541\Debug\pervasive_eink_hardware_driver.o
                0x10081834                Pv_EINK_DummyLine
 .text.Pv_EINK_HardwarePowerOn
                0x10081868       0x44 .\CortexM4\ARM_GCC_541\Debug\pervasive_eink_hardware_driver.o
                0x10081868                Pv_EINK_HardwarePowerOn
 .text.Pv_EINK_HardwarePowerOff
                0x100818ac       0xa8 .\CortexM4\ARM_GCC_541\Debug\pervasive_eink_hardware_driver.o
                0x100818ac                Pv_EINK_HardwarePowerOff
 .text.Cy_EINK_Start
                0x10081954       0x10 .\CortexM4\ARM_GCC_541\Debug\cy_eink_library.o
                0x10081954                Cy_EINK_Start
 .text.Cy_EINK_Power
                0x10081964       0x18 .\CortexM4\ARM_GCC_541\Debug\cy_eink_library.o
                0x10081964                Cy_EINK_Power
 .text.Cy_EINK_ShowFrame
                0x1008197c       0x54 .\CortexM4\ARM_GCC_541\Debug\cy_eink_library.o
                0x1008197c                Cy_EINK_ShowFrame
 .text.Cy_EINK_TimerInit
                0x100819d0       0x14 .\CortexM4\ARM_GCC_541\Debug\cy_eink_psoc_interface.o
                0x100819d0                Cy_EINK_TimerInit
 .text.Cy_EINK_GetTimeTick
                0x100819e4        0xc .\CortexM4\ARM_GCC_541\Debug\cy_eink_psoc_interface.o
                0x100819e4                Cy_EINK_GetTimeTick
 .text.Cy_EINK_TimerStop
                0x100819f0        0xc .\CortexM4\ARM_GCC_541\Debug\cy_eink_psoc_interface.o
                0x100819f0                Cy_EINK_TimerStop
 .text.Cy_EINK_InitSPI
                0x100819fc       0x30 .\CortexM4\ARM_GCC_541\Debug\cy_eink_psoc_interface.o
                0x100819fc                Cy_EINK_InitSPI
 .text.Cy_EINK_AttachSPI
                0x10081a2c       0x1c .\CortexM4\ARM_GCC_541\Debug\cy_eink_psoc_interface.o
                0x10081a2c                Cy_EINK_AttachSPI
 .text.Cy_EINK_DetachSPI
                0x10081a48       0x14 .\CortexM4\ARM_GCC_541\Debug\cy_eink_psoc_interface.o
                0x10081a48                Cy_EINK_DetachSPI
 .text.Cy_EINK_WriteSPI
                0x10081a5c       0x60 .\CortexM4\ARM_GCC_541\Debug\cy_eink_psoc_interface.o
                0x10081a5c                Cy_EINK_WriteSPI
 .text.Cy_EINK_ReadSPI
                0x10081abc       0x68 .\CortexM4\ARM_GCC_541\Debug\cy_eink_psoc_interface.o
                0x10081abc                Cy_EINK_ReadSPI
 .text.Cy_EINK_WriteSPIBuffer
                0x10081b24       0x84 .\CortexM4\ARM_GCC_541\Debug\cy_eink_psoc_interface.o
                0x10081b24                Cy_EINK_WriteSPIBuffer
 .text.Cy_EINK_IsBusy
                0x10081ba8       0x18 .\CortexM4\ARM_GCC_541\Debug\cy_eink_psoc_interface.o
                0x10081ba8                Cy_EINK_IsBusy
 .text.GUI_X_Config
                0x10081bc0       0x1c .\CortexM4\ARM_GCC_541\Debug\GUIConf.o
                0x10081bc0                GUI_X_Config
 .text.GUI_X_Systick_Intr
                0x10081bdc       0x10 .\CortexM4\ARM_GCC_541\Debug\GUI_X.o
                0x10081bdc                GUI_X_Systick_Intr
 .text.GUI_X_Systick_Init
                0x10081bec       0x40 .\CortexM4\ARM_GCC_541\Debug\GUI_X.o
                0x10081bec                GUI_X_Systick_Init
 .text.GUI_X_Init
                0x10081c2c        0x8 .\CortexM4\ARM_GCC_541\Debug\GUI_X.o
                0x10081c2c                GUI_X_Init
 .text.LCD_X_Config
                0x10081c34       0x70 .\CortexM4\ARM_GCC_541\Debug\LCDConf.o
                0x10081c34                LCD_X_Config
 .text.LCD_X_DisplayDriver
                0x10081ca4       0x10 .\CortexM4\ARM_GCC_541\Debug\LCDConf.o
                0x10081ca4                LCD_X_DisplayDriver
 .text.LCD_GetDisplayBuffer
                0x10081cb4        0x8 .\CortexM4\ARM_GCC_541\Debug\LCDConf.o
                0x10081cb4                LCD_GetDisplayBuffer
 .text.Cy_IPC_SystemPipeIsr
                0x10081cbc        0xc .\CortexM4\ARM_GCC_541\Debug\cy_ipc_config.o
 .text.Cy_IPC_SystemSemaInit
                0x10081cc8       0x10 .\CortexM4\ARM_GCC_541\Debug\cy_ipc_config.o
                0x10081cc8                Cy_IPC_SystemSemaInit
 .text.Cy_IPC_SystemPipeInit
                0x10081cd8       0x24 .\CortexM4\ARM_GCC_541\Debug\cy_ipc_config.o
                0x10081cd8                Cy_IPC_SystemPipeInit
 .text.CY_EINK_Timer_Start
                0x10081cfc       0x30 .\CortexM4\ARM_GCC_541\Debug\CY_EINK_Timer.o
                0x10081cfc                CY_EINK_Timer_Start
 .text.Status_SW2_Read
                0x10081d2c        0xc .\CortexM4\ARM_GCC_541\Debug\Status_SW2.o
                0x10081d2c                Status_SW2_Read
 .text.Cy_SysInt_SetVector
                0x10081d38       0x44 .\CortexM4\ARM_GCC_541\Debug\cy_sysint.o
                0x10081d38                Cy_SysInt_SetVector
 .text.Cy_SysInt_Init
                0x10081d7c       0x7c .\CortexM4\ARM_GCC_541\Debug\cy_sysint.o
                0x10081d7c                Cy_SysInt_Init
 .text.Cy_IPC_Drv_LockRelease
                0x10081df8       0x30 .\CortexM4\ARM_GCC_541\Debug\cy_ipc_drv.o
                0x10081df8                Cy_IPC_Drv_LockRelease
 .text.Cy_IPC_Drv_SendMsgWord
                0x10081e28       0x3c .\CortexM4\ARM_GCC_541\Debug\cy_ipc_drv.o
                0x10081e28                Cy_IPC_Drv_SendMsgWord
 .text.Cy_IPC_Drv_ReadMsgWord
                0x10081e64       0x2c .\CortexM4\ARM_GCC_541\Debug\cy_ipc_drv.o
                0x10081e64                Cy_IPC_Drv_ReadMsgWord
 .text.Cy_IPC_Sema_Init
                0x10081e90       0xb0 .\CortexM4\ARM_GCC_541\Debug\cy_ipc_sema.o
                0x10081e90                Cy_IPC_Sema_Init
 .text.Cy_IPC_Sema_Clear
                0x10081f40       0x88 .\CortexM4\ARM_GCC_541\Debug\cy_ipc_sema.o
                0x10081f40                Cy_IPC_Sema_Clear
 .text.Cy_IPC_Sema_Status
                0x10081fc8       0x40 .\CortexM4\ARM_GCC_541\Debug\cy_ipc_sema.o
                0x10081fc8                Cy_IPC_Sema_Status
 .text.Cy_IPC_Pipe_Config
                0x10082008       0x10 .\CortexM4\ARM_GCC_541\Debug\cy_ipc_pipe.o
                0x10082008                Cy_IPC_Pipe_Config
 .text.Cy_IPC_Pipe_EndpointInit
                0x10082018       0xc8 .\CortexM4\ARM_GCC_541\Debug\cy_ipc_pipe.o
                0x10082018                Cy_IPC_Pipe_EndpointInit
 .text.Cy_IPC_Pipe_Init
                0x100820e0       0xc4 .\CortexM4\ARM_GCC_541\Debug\cy_ipc_pipe.o
                0x100820e0                Cy_IPC_Pipe_Init
 .text.Cy_IPC_Pipe_SendMessage
                0x100821a4       0xc0 .\CortexM4\ARM_GCC_541\Debug\cy_ipc_pipe.o
                0x100821a4                Cy_IPC_Pipe_SendMessage
 .text.Cy_IPC_Pipe_RegisterCallback
                0x10082264       0x60 .\CortexM4\ARM_GCC_541\Debug\cy_ipc_pipe.o
                0x10082264                Cy_IPC_Pipe_RegisterCallback
 .text.Cy_IPC_Pipe_ExecCallback
                0x100822c4       0xb0 .\CortexM4\ARM_GCC_541\Debug\cy_ipc_pipe.o
                0x100822c4                Cy_IPC_Pipe_ExecCallback
 .text.Cy_IPC_Pipe_ExecuteCallback
                0x10082374       0x3c .\CortexM4\ARM_GCC_541\Debug\cy_ipc_pipe.o
                0x10082374                Cy_IPC_Pipe_ExecuteCallback
 .text.Cy_TCPWM_Counter_Init
                0x100823b0      0x110 .\CortexM4\ARM_GCC_541\Debug\cy_tcpwm_counter.o
                0x100823b0                Cy_TCPWM_Counter_Init
 .text.Cy_TCPWM_PWM_Init
                0x100824c0      0x16c .\CortexM4\ARM_GCC_541\Debug\cy_tcpwm_pwm.o
                0x100824c0                Cy_TCPWM_PWM_Init
 .text.Cy_SCB_Write
                0x1008262c       0x28 .\CortexM4\ARM_GCC_541\Debug\cy_scb_common.o
                0x1008262c                Cy_SCB_Write
 .text.Cy_SCB_WriteArrayNoCheck
                0x10082654       0x38 .\CortexM4\ARM_GCC_541\Debug\cy_scb_common.o
                0x10082654                Cy_SCB_WriteArrayNoCheck
 .text.Cy_SCB_WriteArray
                0x1008268c       0x2c .\CortexM4\ARM_GCC_541\Debug\cy_scb_common.o
                0x1008268c                Cy_SCB_WriteArray
 .text.Cy_SCB_WriteArrayBlocking
                0x100826b8       0x30 .\CortexM4\ARM_GCC_541\Debug\cy_scb_common.o
                0x100826b8                Cy_SCB_WriteArrayBlocking
 .text.Cy_SCB_SPI_Init
                0x100826e8      0x28c .\CortexM4\ARM_GCC_541\Debug\cy_scb_spi.o
                0x100826e8                Cy_SCB_SPI_Init
 .text.Cy_SCB_SPI_Disable
                0x10082974       0x24 .\CortexM4\ARM_GCC_541\Debug\cy_scb_spi.o
                0x10082974                Cy_SCB_SPI_Disable
 .text.Cy_Flash_ProcessOpcode
                0x10082998       0xac .\CortexM4\ARM_GCC_541\Debug\cy_flash.o
 .text.Cy_Flash_OperationStatus
                0x10082a44       0x44 .\CortexM4\ARM_GCC_541\Debug\cy_flash.o
 .text.Cy_Flash_Init
                0x10082a88       0x4c .\CortexM4\ARM_GCC_541\Debug\cy_flash.o
                0x10082a88                Cy_Flash_Init
 .text.Cy_SysLib_Delay
                0x10082ad4       0x30 .\CortexM4\ARM_GCC_541\Debug\cy_syslib.o
                0x10082ad4                Cy_SysLib_Delay
 .text.Cy_SysLib_Halt
                0x10082b04        0x4 .\CortexM4\ARM_GCC_541\Debug\cy_syslib.o
                0x10082b04                Cy_SysLib_Halt
 .text.Cy_SysLib_AssertFailed
                0x10082b08       0x1c .\CortexM4\ARM_GCC_541\Debug\cy_syslib.o
                0x10082b08                Cy_SysLib_AssertFailed
 .text.Cy_SysLib_ProcessingFault
                0x10082b24        0x4 .\CortexM4\ARM_GCC_541\Debug\cy_syslib.o
                0x10082b24                Cy_SysLib_ProcessingFault
 .text.Cy_SysLib_FaultHandler
                0x10082b28       0xa4 .\CortexM4\ARM_GCC_541\Debug\cy_syslib.o
                0x10082b28                Cy_SysLib_FaultHandler
 *fill*         0x10082bcc        0x4 
 .text          0x10082bd0       0x20 .\CortexM4\ARM_GCC_541\Debug\cy_syslib_gcc.o
                0x10082bd0                Cy_SysLib_DelayCycles
                0x10082be2                Cy_SysLib_EnterCriticalSection
                0x10082bea                Cy_SysLib_ExitCriticalSection
 .text.Cy_SysTick_ServiceCallbacks
                0x10082bf0       0x2c .\CortexM4\ARM_GCC_541\Debug\cy_systick.o
 .text.Cy_SysTick_Enable
                0x10082c1c       0x18 .\CortexM4\ARM_GCC_541\Debug\cy_systick.o
                0x10082c1c                Cy_SysTick_Enable
 .text.Cy_SysTick_SetClockSource
                0x10082c34       0x30 .\CortexM4\ARM_GCC_541\Debug\cy_systick.o
                0x10082c34                Cy_SysTick_SetClockSource
 .text.Cy_SysTick_Init
                0x10082c64       0x44 .\CortexM4\ARM_GCC_541\Debug\cy_systick.o
                0x10082c64                Cy_SysTick_Init
 .text.Cy_SysTick_SetCallback
                0x10082ca8       0x1c .\CortexM4\ARM_GCC_541\Debug\cy_systick.o
                0x10082ca8                Cy_SysTick_SetCallback
 .text.Cy_SysTick_GetCallback
                0x10082cc4       0x14 .\CortexM4\ARM_GCC_541\Debug\cy_systick.o
                0x10082cc4                Cy_SysTick_GetCallback
 .text.PWM_Start
                0x10082cd8       0x30 .\CortexM4\ARM_GCC_541\Debug\PWM.o
                0x10082cd8                PWM_Start
 .text.Status_Button2_Read
                0x10082d08        0xc .\CortexM4\ARM_GCC_541\Debug\Status_Button2.o
                0x10082d08                Status_Button2_Read
 .text.Status_Button3_Read
                0x10082d14        0xc .\CortexM4\ARM_GCC_541\Debug\Status_Button3.o
                0x10082d14                Status_Button3_Read
 .text._PushFreeBlock
                0x10082d20       0x20 Generated_Source\PSoC6\pdl\middleware\emWin\libs\libemWin_nosnts_gcc.a(GUI_Alloc.o)
 .text._RemoveFreeBlock
                0x10082d40       0x44 Generated_Source\PSoC6\pdl\middleware\emWin\libs\libemWin_nosnts_gcc.a(GUI_Alloc.o)
 .text._AddFreeMemory
                0x10082d84       0xa8 Generated_Source\PSoC6\pdl\middleware\emWin\libs\libemWin_nosnts_gcc.a(GUI_Alloc.o)
 .text._RemoveHoles
                0x10082e2c       0x94 Generated_Source\PSoC6\pdl\middleware\emWin\libs\libemWin_nosnts_gcc.a(GUI_Alloc.o)
 .text.GUI_ALLOC_FreeFixedBlock
                0x10082ec0       0x18 Generated_Source\PSoC6\pdl\middleware\emWin\libs\libemWin_nosnts_gcc.a(GUI_Alloc.o)
                0x10082ec0                GUI_ALLOC_FreeFixedBlock
 .text.GUI_ALLOC_h2p
                0x10082ed8       0x14 Generated_Source\PSoC6\pdl\middleware\emWin\libs\libemWin_nosnts_gcc.a(GUI_Alloc.o)
                0x10082ed8                GUI_ALLOC_h2p
 .text.GUI_ALLOC_LockH
                0x10082eec       0x20 Generated_Source\PSoC6\pdl\middleware\emWin\libs\libemWin_nosnts_gcc.a(GUI_Alloc.o)
                0x10082eec                GUI_ALLOC_LockH
 .text.GUI_ALLOC_UnlockH
                0x10082f0c       0x30 Generated_Source\PSoC6\pdl\middleware\emWin\libs\libemWin_nosnts_gcc.a(GUI_Alloc.o)
                0x10082f0c                GUI_ALLOC_UnlockH
 .text.GUI_ALLOC_AssignMemory
                0x10082f3c       0x10 Generated_Source\PSoC6\pdl\middleware\emWin\libs\libemWin_nosnts_gcc.a(GUI_Alloc.o)
                0x10082f3c                GUI_ALLOC_AssignMemory
 .text.GUI_ALLOC_Free
                0x10082f4c       0x24 Generated_Source\PSoC6\pdl\middleware\emWin\libs\libemWin_nosnts_gcc.a(GUI_Alloc.o)
                0x10082f4c                GUI_ALLOC_Free
 .text._EnlargeBlocks
                0x10082f70       0x98 Generated_Source\PSoC6\pdl\middleware\emWin\libs\libemWin_nosnts_gcc.a(GUI_Alloc.o)
 .text._InitOnce
                0x10083008       0x6c Generated_Source\PSoC6\pdl\middleware\emWin\libs\libemWin_nosnts_gcc.a(GUI_Alloc.o)
 .text.GUI_ALLOC_GetFixedBlock
                0x10083074       0xb8 Generated_Source\PSoC6\pdl\middleware\emWin\libs\libemWin_nosnts_gcc.a(GUI_Alloc.o)
                0x10083074                GUI_ALLOC_GetFixedBlock
 .text._Alloc   0x1008312c      0x100 Generated_Source\PSoC6\pdl\middleware\emWin\libs\libemWin_nosnts_gcc.a(GUI_Alloc.o)
 .text.GUI_ALLOC_AllocNoInit
                0x1008322c       0x12 Generated_Source\PSoC6\pdl\middleware\emWin\libs\libemWin_nosnts_gcc.a(GUI_Alloc.o)
                0x1008322c                GUI_ALLOC_AllocNoInit
 *fill*         0x1008323e        0x2 
 .text.GUI_ALLOC_AllocZero
                0x10083240       0x2c Generated_Source\PSoC6\pdl\middleware\emWin\libs\libemWin_nosnts_gcc.a(GUI_Alloc.o)
                0x10083240                GUI_ALLOC_AllocZero
 .text.GUIMONO_DispChar
                0x1008326c      0x14c Generated_Source\PSoC6\pdl\middleware\emWin\libs\libemWin_nosnts_gcc.a(GUI_CharM.o)
                0x1008326c                GUIMONO_DispChar
 .text.GUIMONO_GetCharDistX
                0x100833b8       0x18 Generated_Source\PSoC6\pdl\middleware\emWin\libs\libemWin_nosnts_gcc.a(GUI_CharM.o)
                0x100833b8                GUIMONO_GetCharDistX
 .text.GUIMONO_GetFontInfo
                0x100833d0        0x6 Generated_Source\PSoC6\pdl\middleware\emWin\libs\libemWin_nosnts_gcc.a(GUI_CharM.o)
                0x100833d0                GUIMONO_GetFontInfo
 .text.GUIMONO_IsInFont
                0x100833d6       0x36 Generated_Source\PSoC6\pdl\middleware\emWin\libs\libemWin_nosnts_gcc.a(GUI_CharM.o)
                0x100833d6                GUIMONO_IsInFont
 .text.GUIPROP__FindChar
                0x1008340c       0x16 Generated_Source\PSoC6\pdl\middleware\emWin\libs\libemWin_nosnts_gcc.a(GUI_CharP.o)
                0x1008340c                GUIPROP__FindChar
 *fill*         0x10083422        0x2 
 .text.GUIPROP_DispChar
                0x10083424       0xd4 Generated_Source\PSoC6\pdl\middleware\emWin\libs\libemWin_nosnts_gcc.a(GUI_CharP.o)
                0x10083424                GUIPROP_DispChar
 .text.GUIPROP_GetCharDistX
                0x100834f8       0x38 Generated_Source\PSoC6\pdl\middleware\emWin\libs\libemWin_nosnts_gcc.a(GUI_CharP.o)
                0x100834f8                GUIPROP_GetCharDistX
 .text.GUIPROP_GetFontInfo
                0x10083530        0x6 Generated_Source\PSoC6\pdl\middleware\emWin\libs\libemWin_nosnts_gcc.a(GUI_CharP.o)
                0x10083530                GUIPROP_GetFontInfo
 .text.GUIPROP_IsInFont
                0x10083536       0x10 Generated_Source\PSoC6\pdl\middleware\emWin\libs\libemWin_nosnts_gcc.a(GUI_CharP.o)
                0x10083536                GUIPROP_IsInFont
 *fill*         0x10083546        0x2 
 .text._DrawTextLine
                0x10083548       0x98 Generated_Source\PSoC6\pdl\middleware\emWin\libs\libemWin_nosnts_gcc.a(GUI_Common.o)
 .text._cbDrawTextLine
                0x100835e0       0x18 Generated_Source\PSoC6\pdl\middleware\emWin\libs\libemWin_nosnts_gcc.a(GUI_Common.o)
 .text._cbDrawTextStyle
                0x100835f8       0x24 Generated_Source\PSoC6\pdl\middleware\emWin\libs\libemWin_nosnts_gcc.a(GUI_Common.o)
 .text.GUI_CalcColorDist
                0x1008361c       0x54 Generated_Source\PSoC6\pdl\middleware\emWin\libs\libemWin_nosnts_gcc.a(GUI_Common.o)
                0x1008361c                GUI_CalcColorDist
 .text.GUI_GetBkColor
                0x10083670        0xc Generated_Source\PSoC6\pdl\middleware\emWin\libs\libemWin_nosnts_gcc.a(GUI_Common.o)
                0x10083670                GUI_GetBkColor
 .text.GUI_GetColor
                0x1008367c        0xc Generated_Source\PSoC6\pdl\middleware\emWin\libs\libemWin_nosnts_gcc.a(GUI_Common.o)
                0x1008367c                GUI_GetColor
 .text.GUI_MergeRect
                0x10083688       0x62 Generated_Source\PSoC6\pdl\middleware\emWin\libs\libemWin_nosnts_gcc.a(GUI_Common.o)
                0x10083688                GUI_MergeRect
 .text.GUI_MoveRect
                0x100836ea       0x22 Generated_Source\PSoC6\pdl\middleware\emWin\libs\libemWin_nosnts_gcc.a(GUI_Common.o)
                0x100836ea                GUI_MoveRect
 .text.GUI_GotoXY
                0x1008370c       0x10 Generated_Source\PSoC6\pdl\middleware\emWin\libs\libemWin_nosnts_gcc.a(GUI_Common.o)
                0x1008370c                GUI_GotoXY
 .text.GUI_RectsIntersect
                0x1008371c       0x3c Generated_Source\PSoC6\pdl\middleware\emWin\libs\libemWin_nosnts_gcc.a(GUI_Common.o)
                0x1008371c                GUI_RectsIntersect
 .text.GUI_SelectLCD
                0x10083758       0x10 Generated_Source\PSoC6\pdl\middleware\emWin\libs\libemWin_nosnts_gcc.a(GUI_Common.o)
                0x10083758                GUI_SelectLCD
 .text.GUI_SetBkColor
                0x10083768        0x8 Generated_Source\PSoC6\pdl\middleware\emWin\libs\libemWin_nosnts_gcc.a(GUI_Common.o)
                0x10083768                GUI_SetBkColor
 .text.GUI_SetColor
                0x10083770        0x8 Generated_Source\PSoC6\pdl\middleware\emWin\libs\libemWin_nosnts_gcc.a(GUI_Common.o)
                0x10083770                GUI_SetColor
 .text.GUI_SetFont
                0x10083778       0x14 Generated_Source\PSoC6\pdl\middleware\emWin\libs\libemWin_nosnts_gcc.a(GUI_Common.o)
                0x10083778                GUI_SetFont
 .text.GUI_SetOrg
                0x1008378c       0x34 Generated_Source\PSoC6\pdl\middleware\emWin\libs\libemWin_nosnts_gcc.a(GUI_Common.o)
                0x1008378c                GUI_SetOrg
 .text.GUI_SetTextAlign
                0x100837c0       0x14 Generated_Source\PSoC6\pdl\middleware\emWin\libs\libemWin_nosnts_gcc.a(GUI_Common.o)
                0x100837c0                GUI_SetTextAlign
 .text.GUI_SetTextMode
                0x100837d4       0x14 Generated_Source\PSoC6\pdl\middleware\emWin\libs\libemWin_nosnts_gcc.a(GUI_Common.o)
                0x100837d4                GUI_SetTextMode
 .text.GUI_SetTextStyle
                0x100837e8       0x38 Generated_Source\PSoC6\pdl\middleware\emWin\libs\libemWin_nosnts_gcc.a(GUI_Common.o)
                0x100837e8                GUI_SetTextStyle
 .text._OnExit  0x10083820       0x44 Generated_Source\PSoC6\pdl\middleware\emWin\libs\libemWin_nosnts_gcc.a(GUI_Core.o)
 .text.GUI_SetDefaultFont
                0x10083864        0xc Generated_Source\PSoC6\pdl\middleware\emWin\libs\libemWin_nosnts_gcc.a(GUI_Core.o)
                0x10083864                GUI_SetDefaultFont
 .text.GUI_ClearRect
                0x10083870       0x5c Generated_Source\PSoC6\pdl\middleware\emWin\libs\libemWin_nosnts_gcc.a(GUI_Core.o)
                0x10083870                GUI_ClearRect
 .text.GUI_Clear
                0x100838cc       0x20 Generated_Source\PSoC6\pdl\middleware\emWin\libs\libemWin_nosnts_gcc.a(GUI_Core.o)
                0x100838cc                GUI_Clear
 .text.GUI__RegisterExit
                0x100838ec       0x10 Generated_Source\PSoC6\pdl\middleware\emWin\libs\libemWin_nosnts_gcc.a(GUI_Core.o)
                0x100838ec                GUI__RegisterExit
 .text.GUI__Config
                0x100838fc       0x30 Generated_Source\PSoC6\pdl\middleware\emWin\libs\libemWin_nosnts_gcc.a(GUI_Core.o)
                0x100838fc                GUI__Config
 .text.GUI_Init
                0x1008392c       0xf8 Generated_Source\PSoC6\pdl\middleware\emWin\libs\libemWin_nosnts_gcc.a(GUI_Core.o)
                0x1008392c                GUI_Init
 .text.GUI_DEVICE__GetpDriver
                0x10083a24       0x24 Generated_Source\PSoC6\pdl\middleware\emWin\libs\libemWin_nosnts_gcc.a(GUI_Device.o)
                0x10083a24                GUI_DEVICE__GetpDriver
 .text.GUI_DEVICE_Delete
                0x10083a48        0x8 Generated_Source\PSoC6\pdl\middleware\emWin\libs\libemWin_nosnts_gcc.a(GUI_Device.o)
                0x10083a48                GUI_DEVICE_Delete
 .text.GUI_DEVICE_Create
                0x10083a50       0x50 Generated_Source\PSoC6\pdl\middleware\emWin\libs\libemWin_nosnts_gcc.a(GUI_Device.o)
                0x10083a50                GUI_DEVICE_Create
 .text.GUI_DEVICE_Unlink
                0x10083aa0       0x38 Generated_Source\PSoC6\pdl\middleware\emWin\libs\libemWin_nosnts_gcc.a(GUI_Device.o)
                0x10083aa0                GUI_DEVICE_Unlink
 .text.GUI_DEVICE_Link
                0x10083ad8       0x8c Generated_Source\PSoC6\pdl\middleware\emWin\libs\libemWin_nosnts_gcc.a(GUI_Device.o)
                0x10083ad8                GUI_DEVICE_Link
 .text.GUI_DEVICE_CreateAndLink
                0x10083b64       0x2c Generated_Source\PSoC6\pdl\middleware\emWin\libs\libemWin_nosnts_gcc.a(GUI_Device.o)
                0x10083b64                GUI_DEVICE_CreateAndLink
 .text.GUI_DispString
                0x10083b90      0x110 Generated_Source\PSoC6\pdl\middleware\emWin\libs\libemWin_nosnts_gcc.a(GUI_DispString.o)
                0x10083b90                GUI_DispString
 .text.GUI_DispStringAt
                0x10083ca0       0x14 Generated_Source\PSoC6\pdl\middleware\emWin\libs\libemWin_nosnts_gcc.a(GUI_DispString.o)
                0x10083ca0                GUI_DispStringAt
 .text._SetLineColor
                0x10083cb4       0x8c Generated_Source\PSoC6\pdl\middleware\emWin\libs\libemWin_nosnts_gcc.a(GUI_DrawLine.o)
 .text.GUI_sin  0x10083d40       0x5c Generated_Source\PSoC6\pdl\middleware\emWin\libs\libemWin_nosnts_gcc.a(GUI_DrawLine.o)
                0x10083d40                GUI_sin
 .text.GUI_cos  0x10083d9c        0xe Generated_Source\PSoC6\pdl\middleware\emWin\libs\libemWin_nosnts_gcc.a(GUI_DrawLine.o)
                0x10083d9c                GUI_cos
 *fill*         0x10083daa        0x2 
 .text.GL_DrawLine1Ex
                0x10083dac      0x1a8 Generated_Source\PSoC6\pdl\middleware\emWin\libs\libemWin_nosnts_gcc.a(GUI_DrawLine.o)
                0x10083dac                GL_DrawLine1Ex
 .text.GL_DrawLineEx
                0x10083f54      0x19c Generated_Source\PSoC6\pdl\middleware\emWin\libs\libemWin_nosnts_gcc.a(GUI_DrawLine.o)
                0x10083f54                GL_DrawLineEx
 .text.GL_DrawLine
                0x100840f0       0x10 Generated_Source\PSoC6\pdl\middleware\emWin\libs\libemWin_nosnts_gcc.a(GUI_DrawLine.o)
                0x100840f0                GL_DrawLine
 .text.GUI_DrawLine
                0x10084100       0x38 Generated_Source\PSoC6\pdl\middleware\emWin\libs\libemWin_nosnts_gcc.a(GUI_DrawLine.o)
                0x10084100                GUI_DrawLine
 .text._Add     0x10084138       0x4c Generated_Source\PSoC6\pdl\middleware\emWin\libs\libemWin_nosnts_gcc.a(GUI_FillPolygon.o)
 .text.GL_FillPolygon
                0x10084184      0x1d4 Generated_Source\PSoC6\pdl\middleware\emWin\libs\libemWin_nosnts_gcc.a(GUI_FillPolygon.o)
                0x10084184                GL_FillPolygon
 .text.GUI_StoreKey
                0x10084358       0x18 Generated_Source\PSoC6\pdl\middleware\emWin\libs\libemWin_nosnts_gcc.a(GUI_OnKey.o)
                0x10084358                GUI_StoreKey
 .text.GUI_UC__GetCharCodeInc
                0x10084370       0x28 Generated_Source\PSoC6\pdl\middleware\emWin\libs\libemWin_nosnts_gcc.a(GUI_UC.o)
                0x10084370                GUI_UC__GetCharCodeInc
 .text.GUI_UC__NumChars2NumBytes
                0x10084398       0x28 Generated_Source\PSoC6\pdl\middleware\emWin\libs\libemWin_nosnts_gcc.a(GUI_UC.o)
                0x10084398                GUI_UC__NumChars2NumBytes
 .text._GetCharCode
                0x100843c0        0x4 Generated_Source\PSoC6\pdl\middleware\emWin\libs\libemWin_nosnts_gcc.a(GUI_UC_EncodeNone.o)
 .text._GetCharSize
                0x100843c4        0x4 Generated_Source\PSoC6\pdl\middleware\emWin\libs\libemWin_nosnts_gcc.a(GUI_UC_EncodeNone.o)
 .text._CalcSizeOfChar
                0x100843c8        0x4 Generated_Source\PSoC6\pdl\middleware\emWin\libs\libemWin_nosnts_gcc.a(GUI_UC_EncodeNone.o)
 .text._Encode  0x100843cc        0x6 Generated_Source\PSoC6\pdl\middleware\emWin\libs\libemWin_nosnts_gcc.a(GUI_UC_EncodeNone.o)
 *fill*         0x100843d2        0x2 
 .text.GUI_SignalEvent
                0x100843d4       0x14 Generated_Source\PSoC6\pdl\middleware\emWin\libs\libemWin_nosnts_gcc.a(GUI_WaitEvent.o)
                0x100843d4                GUI_SignalEvent
 .text.LCD_Color2Index_1
                0x100843e8       0x28 Generated_Source\PSoC6\pdl\middleware\emWin\libs\libemWin_nosnts_gcc.a(GUICC_1.o)
 .text._Index2Color_1
                0x10084410        0xc Generated_Source\PSoC6\pdl\middleware\emWin\libs\libemWin_nosnts_gcc.a(GUICC_1.o)
 .text._GetIndexMask_1
                0x1008441c        0x4 Generated_Source\PSoC6\pdl\middleware\emWin\libs\libemWin_nosnts_gcc.a(GUICC_1.o)
 .text._SetPixelIndex
                0x10084420       0x80 Generated_Source\PSoC6\pdl\middleware\emWin\libs\libemWin_nosnts_gcc.a(GUIDRV_BitPlains.o)
 .text._GetPixelIndex
                0x100844a0       0x5c Generated_Source\PSoC6\pdl\middleware\emWin\libs\libemWin_nosnts_gcc.a(GUIDRV_BitPlains.o)
 .text._XorPixel
                0x100844fc       0x24 Generated_Source\PSoC6\pdl\middleware\emWin\libs\libemWin_nosnts_gcc.a(GUIDRV_BitPlains.o)
 .text._DrawHLine
                0x10084520      0x2b0 Generated_Source\PSoC6\pdl\middleware\emWin\libs\libemWin_nosnts_gcc.a(GUIDRV_BitPlains.o)
 .text._FillRect
                0x100847d0       0x22 Generated_Source\PSoC6\pdl\middleware\emWin\libs\libemWin_nosnts_gcc.a(GUIDRV_BitPlains.o)
 .text._GetRect
                0x100847f2       0x16 Generated_Source\PSoC6\pdl\middleware\emWin\libs\libemWin_nosnts_gcc.a(GUIDRV_BitPlains.o)
 .text._GetDevProp
                0x10084808       0x46 Generated_Source\PSoC6\pdl\middleware\emWin\libs\libemWin_nosnts_gcc.a(GUIDRV_BitPlains.o)
 *fill*         0x1008484e        0x2 
 .text._GetDevFunc
                0x10084850       0x14 Generated_Source\PSoC6\pdl\middleware\emWin\libs\libemWin_nosnts_gcc.a(GUIDRV_BitPlains.o)
 .text._GetDevData
                0x10084864       0x38 Generated_Source\PSoC6\pdl\middleware\emWin\libs\libemWin_nosnts_gcc.a(GUIDRV_BitPlains.o)
 .text._Off     0x1008489c        0xe Generated_Source\PSoC6\pdl\middleware\emWin\libs\libemWin_nosnts_gcc.a(GUIDRV_BitPlains.o)
 .text._On      0x100848aa        0xe Generated_Source\PSoC6\pdl\middleware\emWin\libs\libemWin_nosnts_gcc.a(GUIDRV_BitPlains.o)
 .text._SetOrg  0x100848b8       0x22 Generated_Source\PSoC6\pdl\middleware\emWin\libs\libemWin_nosnts_gcc.a(GUIDRV_BitPlains.o)
 *fill*         0x100848da        0x2 
 .text._DrawVLine
                0x100848dc       0x48 Generated_Source\PSoC6\pdl\middleware\emWin\libs\libemWin_nosnts_gcc.a(GUIDRV_BitPlains.o)
 .text._DrawBitmap
                0x10084924      0x8d8 Generated_Source\PSoC6\pdl\middleware\emWin\libs\libemWin_nosnts_gcc.a(GUIDRV_BitPlains.o)
 .text._InitOnce.isra.2
                0x100851fc       0x2c Generated_Source\PSoC6\pdl\middleware\emWin\libs\libemWin_nosnts_gcc.a(GUIDRV_BitPlains.o)
 .text._Init    0x10085228       0x1a Generated_Source\PSoC6\pdl\middleware\emWin\libs\libemWin_nosnts_gcc.a(GUIDRV_BitPlains.o)
 .text._SetSize
                0x10085242       0x3c Generated_Source\PSoC6\pdl\middleware\emWin\libs\libemWin_nosnts_gcc.a(GUIDRV_BitPlains.o)
 .text._SetVSize
                0x1008527e       0x1c Generated_Source\PSoC6\pdl\middleware\emWin\libs\libemWin_nosnts_gcc.a(GUIDRV_BitPlains.o)
 .text._SetVRAMAddr
                0x1008529a       0x40 Generated_Source\PSoC6\pdl\middleware\emWin\libs\libemWin_nosnts_gcc.a(GUIDRV_BitPlains.o)
 .text.GUIDRV_BitPlains_Config
                0x100852da       0x18 Generated_Source\PSoC6\pdl\middleware\emWin\libs\libemWin_nosnts_gcc.a(GUIDRV_BitPlains.o)
                0x100852da                GUIDRV_BitPlains_Config
 *fill*         0x100852f2        0x2 
 .text._SetDrawMode
                0x100852f4       0x28 Generated_Source\PSoC6\pdl\middleware\emWin\libs\libemWin_nosnts_gcc.a(LCD.o)
 .text.LCD_SetDrawMode
                0x1008531c       0x10 Generated_Source\PSoC6\pdl\middleware\emWin\libs\libemWin_nosnts_gcc.a(LCD.o)
                0x1008531c                LCD_SetDrawMode
 .text.LCD_DrawPixel
                0x1008532c       0x5c Generated_Source\PSoC6\pdl\middleware\emWin\libs\libemWin_nosnts_gcc.a(LCD.o)
                0x1008532c                LCD_DrawPixel
 .text.LCD_DrawHLine
                0x10085388       0x4c Generated_Source\PSoC6\pdl\middleware\emWin\libs\libemWin_nosnts_gcc.a(LCD.o)
                0x10085388                LCD_DrawHLine
 .text.LCD_DrawVLine
                0x100853d4       0x4c Generated_Source\PSoC6\pdl\middleware\emWin\libs\libemWin_nosnts_gcc.a(LCD.o)
                0x100853d4                LCD_DrawVLine
 .text.LCD_FillRect
                0x10085420       0x54 Generated_Source\PSoC6\pdl\middleware\emWin\libs\libemWin_nosnts_gcc.a(LCD.o)
                0x10085420                LCD_FillRect
 .text.LCD__DrawBitmap_1bpp
                0x10085474      0x1cc Generated_Source\PSoC6\pdl\middleware\emWin\libs\libemWin_nosnts_gcc.a(LCD.o)
                0x10085474                LCD__DrawBitmap_1bpp
 .text.LCD_DrawBitmap
                0x10085640      0x20c Generated_Source\PSoC6\pdl\middleware\emWin\libs\libemWin_nosnts_gcc.a(LCD.o)
                0x10085640                LCD_DrawBitmap
 .text.LCD_SetClipRectMax
                0x1008584c       0x20 Generated_Source\PSoC6\pdl\middleware\emWin\libs\libemWin_nosnts_gcc.a(LCD.o)
                0x1008584c                LCD_SetClipRectMax
 .text.LCD_Init
                0x1008586c       0x94 Generated_Source\PSoC6\pdl\middleware\emWin\libs\libemWin_nosnts_gcc.a(LCD.o)
                0x1008586c                LCD_Init
 .text.LCD_Color2Index
                0x10085900       0x20 Generated_Source\PSoC6\pdl\middleware\emWin\libs\libemWin_nosnts_gcc.a(LCD.o)
                0x10085900                LCD_Color2Index
 .text.LCD_Index2Color
                0x10085920       0x20 Generated_Source\PSoC6\pdl\middleware\emWin\libs\libemWin_nosnts_gcc.a(LCD.o)
                0x10085920                LCD_Index2Color
 .text.LCD_SetColorIndex
                0x10085940       0x18 Generated_Source\PSoC6\pdl\middleware\emWin\libs\libemWin_nosnts_gcc.a(LCD.o)
                0x10085940                LCD_SetColorIndex
 .text._SetColor
                0x10085958       0x1c Generated_Source\PSoC6\pdl\middleware\emWin\libs\libemWin_nosnts_gcc.a(LCD.o)
 .text.LCD_SetBkColorIndex
                0x10085974       0x18 Generated_Source\PSoC6\pdl\middleware\emWin\libs\libemWin_nosnts_gcc.a(LCD.o)
                0x10085974                LCD_SetBkColorIndex
 .text._SetBkColor
                0x1008598c       0x1c Generated_Source\PSoC6\pdl\middleware\emWin\libs\libemWin_nosnts_gcc.a(LCD.o)
 .text.LCD_SetBkColor
                0x100859a8       0x10 Generated_Source\PSoC6\pdl\middleware\emWin\libs\libemWin_nosnts_gcc.a(LCD.o)
                0x100859a8                LCD_SetBkColor
 .text.LCD_SetColor
                0x100859b8       0x10 Generated_Source\PSoC6\pdl\middleware\emWin\libs\libemWin_nosnts_gcc.a(LCD.o)
                0x100859b8                LCD_SetColor
 .text._OnExit  0x100859c8       0x1c Generated_Source\PSoC6\pdl\middleware\emWin\libs\libemWin_nosnts_gcc.a(LCD_Color.o)
 .text.LCD_InitColors
                0x100859e4       0x40 Generated_Source\PSoC6\pdl\middleware\emWin\libs\libemWin_nosnts_gcc.a(LCD_Color.o)
                0x100859e4                LCD_InitColors
 .text.LCD_GetpPalConvTableUncached
                0x10085a24       0x68 Generated_Source\PSoC6\pdl\middleware\emWin\libs\libemWin_nosnts_gcc.a(LCD_Color.o)
                0x10085a24                LCD_GetpPalConvTableUncached
 .text.LCD_GetpPalConvTableBM
                0x10085a8c        0x8 Generated_Source\PSoC6\pdl\middleware\emWin\libs\libemWin_nosnts_gcc.a(LCD_Color.o)
                0x10085a8c                LCD_GetpPalConvTableBM
 .text.LCD_InitLUT
                0x10085a94       0x7c Generated_Source\PSoC6\pdl\middleware\emWin\libs\libemWin_nosnts_gcc.a(LCD_Color.o)
                0x10085a94                LCD_InitLUT
 .text.LCD_GetBkColorIndex
                0x10085b10       0x10 Generated_Source\PSoC6\pdl\middleware\emWin\libs\libemWin_nosnts_gcc.a(LCD_GetColorIndex.o)
                0x10085b10                LCD_GetBkColorIndex
 .text.LCD_GetColorIndex
                0x10085b20       0x10 Generated_Source\PSoC6\pdl\middleware\emWin\libs\libemWin_nosnts_gcc.a(LCD_GetColorIndex.o)
                0x10085b20                LCD_GetColorIndex
 .text._GetDevProp.part.0
                0x10085b30       0x16 Generated_Source\PSoC6\pdl\middleware\emWin\libs\libemWin_nosnts_gcc.a(LCD_GetEx.o)
 .text._GetDevProp
                0x10085b46       0x12 Generated_Source\PSoC6\pdl\middleware\emWin\libs\libemWin_nosnts_gcc.a(LCD_GetEx.o)
 .text._GetMaxValue
                0x10085b58       0x12 Generated_Source\PSoC6\pdl\middleware\emWin\libs\libemWin_nosnts_gcc.a(LCD_GetEx.o)
 .text.LCD_GetBitsPerPixelEx
                0x10085b6a        0xa Generated_Source\PSoC6\pdl\middleware\emWin\libs\libemWin_nosnts_gcc.a(LCD_GetEx.o)
                0x10085b6a                LCD_GetBitsPerPixelEx
 .text.LCD_GetNumColorsEx
                0x10085b74        0xa Generated_Source\PSoC6\pdl\middleware\emWin\libs\libemWin_nosnts_gcc.a(LCD_GetEx.o)
                0x10085b74                LCD_GetNumColorsEx
 .text.LCD_GetSwapXYEx
                0x10085b7e        0xa Generated_Source\PSoC6\pdl\middleware\emWin\libs\libemWin_nosnts_gcc.a(LCD_GetEx.o)
                0x10085b7e                LCD_GetSwapXYEx
 .text.LCD_GetNumColors
                0x10085b88       0x14 Generated_Source\PSoC6\pdl\middleware\emWin\libs\libemWin_nosnts_gcc.a(LCD_GetEx.o)
                0x10085b88                LCD_GetNumColors
 .text.LCD_GetSwapXY
                0x10085b9c       0x14 Generated_Source\PSoC6\pdl\middleware\emWin\libs\libemWin_nosnts_gcc.a(LCD_GetEx.o)
                0x10085b9c                LCD_GetSwapXY
 .text.GUI_GetBitsPerPixelEx
                0x10085bb0       0x18 Generated_Source\PSoC6\pdl\middleware\emWin\libs\libemWin_nosnts_gcc.a(LCD_GetEx.o)
                0x10085bb0                GUI_GetBitsPerPixelEx
 .text.LCD_GetPaletteEx
                0x10085bc8       0x14 Generated_Source\PSoC6\pdl\middleware\emWin\libs\libemWin_nosnts_gcc.a(LCD_GetEx.o)
                0x10085bc8                LCD_GetPaletteEx
 .text.LCD_GetPalette
                0x10085bdc       0x14 Generated_Source\PSoC6\pdl\middleware\emWin\libs\libemWin_nosnts_gcc.a(LCD_GetEx.o)
                0x10085bdc                LCD_GetPalette
 .text.GUI_GetpfIndex2ColorEx
                0x10085bf0       0x10 Generated_Source\PSoC6\pdl\middleware\emWin\libs\libemWin_nosnts_gcc.a(LCD_GetEx.o)
                0x10085bf0                GUI_GetpfIndex2ColorEx
 .text.GUI_GetpfColor2IndexEx
                0x10085c00       0x10 Generated_Source\PSoC6\pdl\middleware\emWin\libs\libemWin_nosnts_gcc.a(LCD_GetEx.o)
                0x10085c00                GUI_GetpfColor2IndexEx
 .text.LCD_GetXSizeMax
                0x10085c10        0xa Generated_Source\PSoC6\pdl\middleware\emWin\libs\libemWin_nosnts_gcc.a(LCD_GetEx.o)
                0x10085c10                LCD_GetXSizeMax
 .text.LCD_GetYSizeMax
                0x10085c1a        0xa Generated_Source\PSoC6\pdl\middleware\emWin\libs\libemWin_nosnts_gcc.a(LCD_GetEx.o)
                0x10085c1a                LCD_GetYSizeMax
 .text.LCD_SetDisplaySize
                0x10085c24        0xc Generated_Source\PSoC6\pdl\middleware\emWin\libs\libemWin_nosnts_gcc.a(LCD_GetEx.o)
                0x10085c24                LCD_SetDisplaySize
 .text.LCD_GetXSizeDisplay
                0x10085c30        0xc Generated_Source\PSoC6\pdl\middleware\emWin\libs\libemWin_nosnts_gcc.a(LCD_GetEx.o)
                0x10085c30                LCD_GetXSizeDisplay
 .text.LCD_GetYSizeDisplay
                0x10085c3c        0xc Generated_Source\PSoC6\pdl\middleware\emWin\libs\libemWin_nosnts_gcc.a(LCD_GetEx.o)
                0x10085c3c                LCD_GetYSizeDisplay
 .text.LCD__GetBPP
                0x10085c48       0x72 Generated_Source\PSoC6\pdl\middleware\emWin\libs\libemWin_nosnts_gcc.a(LCD_GetEx.o)
                0x10085c48                LCD__GetBPP
 .text.LCD__GetBPPDevice
                0x10085cba       0x2a Generated_Source\PSoC6\pdl\middleware\emWin\libs\libemWin_nosnts_gcc.a(LCD_GetEx.o)
                0x10085cba                LCD__GetBPPDevice
 .text.LCD_GetNumLayers
                0x10085ce4        0xe Generated_Source\PSoC6\pdl\middleware\emWin\libs\libemWin_nosnts_gcc.a(LCD_GetNumDisplays.o)
                0x10085ce4                LCD_GetNumLayers
 *fill*         0x10085cf2        0x2 
 .text.LCD_SelectLCD
                0x10085cf4       0x44 Generated_Source\PSoC6\pdl\middleware\emWin\libs\libemWin_nosnts_gcc.a(LCD_SelectLCD.o)
                0x10085cf4                LCD_SelectLCD
 .text.LCD_SetLUTEntryEx
                0x10085d38       0x2e Generated_Source\PSoC6\pdl\middleware\emWin\libs\libemWin_nosnts_gcc.a(LCD_Set.o)
                0x10085d38                LCD_SetLUTEntryEx
 .text.LCD_SetSizeEx
                0x10085d66       0x2e Generated_Source\PSoC6\pdl\middleware\emWin\libs\libemWin_nosnts_gcc.a(LCD_Set.o)
                0x10085d66                LCD_SetSizeEx
 .text.LCD_SetVRAMAddrEx
                0x10085d94       0x2a Generated_Source\PSoC6\pdl\middleware\emWin\libs\libemWin_nosnts_gcc.a(LCD_Set.o)
                0x10085d94                LCD_SetVRAMAddrEx
 .text.LCD_SetVSizeEx
                0x10085dbe       0x2e Generated_Source\PSoC6\pdl\middleware\emWin\libs\libemWin_nosnts_gcc.a(LCD_Set.o)
                0x10085dbe                LCD_SetVSizeEx
 .text.LCD_UpdateColorIndices
                0x10085dec       0x24 Generated_Source\PSoC6\pdl\middleware\emWin\libs\libemWin_nosnts_gcc.a(LCD_UpdateColorIndices.o)
                0x10085dec                LCD_UpdateColorIndices
 .text._OnExit  0x10085e10       0x88 Generated_Source\PSoC6\pdl\middleware\emWin\libs\libemWin_nosnts_gcc.a(WM.o)
 .text._Findy1  0x10085e98       0xb4 Generated_Source\PSoC6\pdl\middleware\emWin\libs\libemWin_nosnts_gcc.a(WM.o)
 .text._Findx0  0x10085f4c       0x8a Generated_Source\PSoC6\pdl\middleware\emWin\libs\libemWin_nosnts_gcc.a(WM.o)
 .text._Findx1  0x10085fd6       0x7c Generated_Source\PSoC6\pdl\middleware\emWin\libs\libemWin_nosnts_gcc.a(WM.o)
 *fill*         0x10086052        0x2 
 .text.WM__ClipAtParentBorders
                0x10086054       0x54 Generated_Source\PSoC6\pdl\middleware\emWin\libs\libemWin_nosnts_gcc.a(WM.o)
                0x10086054                WM__ClipAtParentBorders
 .text.WM__InsertWindowIntoList
                0x100860a8       0xaa Generated_Source\PSoC6\pdl\middleware\emWin\libs\libemWin_nosnts_gcc.a(WM.o)
                0x100860a8                WM__InsertWindowIntoList
 .text.WM__Client2Screen
                0x10086152       0x14 Generated_Source\PSoC6\pdl\middleware\emWin\libs\libemWin_nosnts_gcc.a(WM.o)
                0x10086152                WM__Client2Screen
 *fill*         0x10086166        0x2 
 .text._SetClipRectUserIntersect
                0x10086168       0x50 Generated_Source\PSoC6\pdl\middleware\emWin\libs\libemWin_nosnts_gcc.a(WM.o)
 .text.WM__ActivateClipRect
                0x100861b8       0x50 Generated_Source\PSoC6\pdl\middleware\emWin\libs\libemWin_nosnts_gcc.a(WM.o)
                0x100861b8                WM__ActivateClipRect
 .text.WM__InvalidateDrawAndDescs
                0x10086208       0x54 Generated_Source\PSoC6\pdl\middleware\emWin\libs\libemWin_nosnts_gcc.a(WM.o)
                0x10086208                WM__InvalidateDrawAndDescs
 .text.WM__RectIsNZ
                0x1008625c       0x22 Generated_Source\PSoC6\pdl\middleware\emWin\libs\libemWin_nosnts_gcc.a(WM.o)
                0x1008625c                WM__RectIsNZ
 *fill*         0x1008627e        0x2 
 .text._Invalidate1Abs
                0x10086280       0x88 Generated_Source\PSoC6\pdl\middleware\emWin\libs\libemWin_nosnts_gcc.a(WM.o)
 .text.WM__Invalidate1Abs
                0x10086308        0xa Generated_Source\PSoC6\pdl\middleware\emWin\libs\libemWin_nosnts_gcc.a(WM.o)
                0x10086308                WM__Invalidate1Abs
 .text.WM_InvalidateWindowAndDescsEx
                0x10086312       0x60 Generated_Source\PSoC6\pdl\middleware\emWin\libs\libemWin_nosnts_gcc.a(WM.o)
                0x10086312                WM_InvalidateWindowAndDescsEx
 *fill*         0x10086372        0x2 
 .text.WM__InvalidateRect
                0x10086374       0x80 Generated_Source\PSoC6\pdl\middleware\emWin\libs\libemWin_nosnts_gcc.a(WM.o)
                0x10086374                WM__InvalidateRect
 .text.WM__InvalidateRectEx
                0x100863f4        0xa Generated_Source\PSoC6\pdl\middleware\emWin\libs\libemWin_nosnts_gcc.a(WM.o)
                0x100863f4                WM__InvalidateRectEx
 .text.WM__SendMsgNoData
                0x100863fe       0x10 Generated_Source\PSoC6\pdl\middleware\emWin\libs\libemWin_nosnts_gcc.a(WM.o)
                0x100863fe                WM__SendMsgNoData
 .text.WM__GetClientRectWin
                0x1008640e       0x18 Generated_Source\PSoC6\pdl\middleware\emWin\libs\libemWin_nosnts_gcc.a(WM.o)
                0x1008640e                WM__GetClientRectWin
 *fill*         0x10086426        0x2 
 .text.WM_InvalidateRect
                0x10086428       0x80 Generated_Source\PSoC6\pdl\middleware\emWin\libs\libemWin_nosnts_gcc.a(WM.o)
                0x10086428                WM_InvalidateRect
 .text.WM_InvalidateWindow
                0x100864a8        0xa Generated_Source\PSoC6\pdl\middleware\emWin\libs\libemWin_nosnts_gcc.a(WM.o)
                0x100864a8                WM_InvalidateWindow
 *fill*         0x100864b2        0x2 
 .text.WM_SelectWindow
                0x100864b4       0x38 Generated_Source\PSoC6\pdl\middleware\emWin\libs\libemWin_nosnts_gcc.a(WM.o)
                0x100864b4                WM_SelectWindow
 .text.WM_CreateWindowAsChild
                0x100864ec      0x144 Generated_Source\PSoC6\pdl\middleware\emWin\libs\libemWin_nosnts_gcc.a(WM.o)
                0x100864ec                WM_CreateWindowAsChild
 .text.WM_CreateWindow
                0x10086630       0x1a Generated_Source\PSoC6\pdl\middleware\emWin\libs\libemWin_nosnts_gcc.a(WM.o)
                0x10086630                WM_CreateWindow
 *fill*         0x1008664a        0x2 
 .text.WM__GetNextIVR
                0x1008664c      0x160 Generated_Source\PSoC6\pdl\middleware\emWin\libs\libemWin_nosnts_gcc.a(WM.o)
                0x1008664c                WM__GetNextIVR
 .text.WM__InitIVRSearch
                0x100867ac      0x100 Generated_Source\PSoC6\pdl\middleware\emWin\libs\libemWin_nosnts_gcc.a(WM.o)
                0x100867ac                WM__InitIVRSearch
 .text.WM_Activate
                0x100868ac       0x10 Generated_Source\PSoC6\pdl\middleware\emWin\libs\libemWin_nosnts_gcc.a(WM.o)
                0x100868ac                WM_Activate
 .text.WM_DefaultProc
                0x100868bc       0x48 Generated_Source\PSoC6\pdl\middleware\emWin\libs\libemWin_nosnts_gcc.a(WM.o)
                0x100868bc                WM_DefaultProc
 .text._cbBackWin
                0x10086904       0x44 Generated_Source\PSoC6\pdl\middleware\emWin\libs\libemWin_nosnts_gcc.a(WM.o)
 .text.WM_Init  0x10086948       0xa4 Generated_Source\PSoC6\pdl\middleware\emWin\libs\libemWin_nosnts_gcc.a(WM.o)
                0x10086948                WM_Init
 .text.WM__GetFirstSibling
                0x100869ec       0x16 Generated_Source\PSoC6\pdl\middleware\emWin\libs\libemWin_nosnts_gcc.a(WM__Private.o)
                0x100869ec                WM__GetFirstSibling
 .text.WM__GetPrevSibling
                0x10086a02       0x28 Generated_Source\PSoC6\pdl\middleware\emWin\libs\libemWin_nosnts_gcc.a(WM__Private.o)
                0x10086a02                WM__GetPrevSibling
 *fill*         0x10086a2a        0x2 
 .text.WM__SendMessage
                0x10086a2c       0x38 Generated_Source\PSoC6\pdl\middleware\emWin\libs\libemWin_nosnts_gcc.a(WM__Private.o)
                0x10086a2c                WM__SendMessage
 .text.WM__AddCriticalHandle
                0x10086a64       0x10 Generated_Source\PSoC6\pdl\middleware\emWin\libs\libemWin_nosnts_gcc.a(WM__Private.o)
                0x10086a64                WM__AddCriticalHandle
 .text.WM__GetClientRectEx
                0x10086a74       0x20 Generated_Source\PSoC6\pdl\middleware\emWin\libs\libemWin_nosnts_gcc.a(WM__Private.o)
                0x10086a74                WM__GetClientRectEx
 .text.WM_GetDesktopWindow
                0x10086a94        0xc Generated_Source\PSoC6\pdl\middleware\emWin\libs\libemWin_nosnts_gcc.a(WM_Lib.o)
                0x10086a94                WM_GetDesktopWindow
 .text.WM_GetFirstChild
                0x10086aa0        0xe Generated_Source\PSoC6\pdl\middleware\emWin\libs\libemWin_nosnts_gcc.a(WM_Lib.o)
                0x10086aa0                WM_GetFirstChild
 .text.WM_GetParent
                0x10086aae        0xe Generated_Source\PSoC6\pdl\middleware\emWin\libs\libemWin_nosnts_gcc.a(WM_Lib.o)
                0x10086aae                WM_GetParent
 .text.WM_BringToBottom
                0x10086abc       0x80 Generated_Source\PSoC6\pdl\middleware\emWin\libs\libemWin_nosnts_gcc.a(WM_Lib.o)
                0x10086abc                WM_BringToBottom
 .text.WM_SendToParent
                0x10086b3c       0x1a Generated_Source\PSoC6\pdl\middleware\emWin\libs\libemWin_nosnts_gcc.a(WM_Lib.o)
                0x10086b3c                WM_SendToParent
 *fill*         0x10086b56        0x2 
 .text.GUI__ManageCacheEx
                0x10086b58       0xe0 Generated_Source\PSoC6\pdl\middleware\emWin\libs\libemWin_nosnts_gcc.a(GUI__ManageCache.o)
                0x10086b58                GUI__ManageCacheEx
 .text.GUI__ManageCache
                0x10086c38       0x14 Generated_Source\PSoC6\pdl\middleware\emWin\libs\libemWin_nosnts_gcc.a(GUI__ManageCache.o)
                0x10086c38                GUI__ManageCache
 .text.GUI__IntersectRect
                0x10086c4c       0x3c Generated_Source\PSoC6\pdl\middleware\emWin\libs\libemWin_nosnts_gcc.a(GUI__Private.o)
                0x10086c4c                GUI__IntersectRect
 .text.GUI__IntersectRects
                0x10086c88       0x68 Generated_Source\PSoC6\pdl\middleware\emWin\libs\libemWin_nosnts_gcc.a(GUI__Private.o)
                0x10086c88                GUI__IntersectRects
 .text.GUI_GetYAdjust
                0x10086cf0       0x2c Generated_Source\PSoC6\pdl\middleware\emWin\libs\libemWin_nosnts_gcc.a(GUI_Char.o)
                0x10086cf0                GUI_GetYAdjust
 .text.GUI_GetFontDistY
                0x10086d1c       0x10 Generated_Source\PSoC6\pdl\middleware\emWin\libs\libemWin_nosnts_gcc.a(GUI_Char.o)
                0x10086d1c                GUI_GetFontDistY
 .text.GUI_GetCharDistX
                0x10086d2c       0x14 Generated_Source\PSoC6\pdl\middleware\emWin\libs\libemWin_nosnts_gcc.a(GUI_Char.o)
                0x10086d2c                GUI_GetCharDistX
 .text.GUI_GetCharDistXEx
                0x10086d40       0x14 Generated_Source\PSoC6\pdl\middleware\emWin\libs\libemWin_nosnts_gcc.a(GUI_Char.o)
                0x10086d40                GUI_GetCharDistXEx
 .text._Log2VisBuffered
                0x10086d54        0x2 Generated_Source\PSoC6\pdl\middleware\emWin\libs\libemWin_nosnts_gcc.a(GUI_CharLine.o)
 *fill*         0x10086d56        0x2 
 .text._DispLine
                0x10086d58       0x9c Generated_Source\PSoC6\pdl\middleware\emWin\libs\libemWin_nosnts_gcc.a(GUI_CharLine.o)
 .text.GUI__GetLineNumChars
                0x10086df4       0x3c Generated_Source\PSoC6\pdl\middleware\emWin\libs\libemWin_nosnts_gcc.a(GUI_CharLine.o)
                0x10086df4                GUI__GetLineNumChars
 .text.GUI__GetOverlap
                0x10086e30       0x18 Generated_Source\PSoC6\pdl\middleware\emWin\libs\libemWin_nosnts_gcc.a(GUI_CharLine.o)
                0x10086e30                GUI__GetOverlap
 .text.GUI__GetLineDistX
                0x10086e48       0x5c Generated_Source\PSoC6\pdl\middleware\emWin\libs\libemWin_nosnts_gcc.a(GUI_CharLine.o)
                0x10086e48                GUI__GetLineDistX
 .text.GUI__DispLine
                0x10086ea4       0x9c Generated_Source\PSoC6\pdl\middleware\emWin\libs\libemWin_nosnts_gcc.a(GUI_CharLine.o)
                0x10086ea4                GUI__DispLine
 .text.GL_DrawPoint
                0x10086f40       0x28 Generated_Source\PSoC6\pdl\middleware\emWin\libs\libemWin_nosnts_gcc.a(GUI_DrawLib.o)
                0x10086f40                GL_DrawPoint
 .text.GUI_SelectLayer
                0x10086f68       0x28 Generated_Source\PSoC6\pdl\middleware\emWin\libs\libemWin_nosnts_gcc.a(GUI_SelectLayer.o)
                0x10086f68                GUI_SelectLayer
 .text._GetIndexMask_0
                0x10086f90       0x44 Generated_Source\PSoC6\pdl\middleware\emWin\libs\libemWin_nosnts_gcc.a(GUICC_0.o)
 .text._Index2Color_0
                0x10086fd4       0x20 Generated_Source\PSoC6\pdl\middleware\emWin\libs\libemWin_nosnts_gcc.a(GUICC_0.o)
 .text._Color2Index_0
                0x10086ff4       0x50 Generated_Source\PSoC6\pdl\middleware\emWin\libs\libemWin_nosnts_gcc.a(GUICC_0.o)
 .text.GUI_MEMDEV_GetBitsPerPixel
                0x10087044       0x26 Generated_Source\PSoC6\pdl\middleware\emWin\libs\libemWin_nosnts_gcc.a(GUIDEV.o)
                0x10087044                GUI_MEMDEV_GetBitsPerPixel
 *fill*         0x1008706a        0x2 
 .text.GUI_MEMDEV_Delete
                0x1008706c       0x40 Generated_Source\PSoC6\pdl\middleware\emWin\libs\libemWin_nosnts_gcc.a(GUIDEV.o)
                0x1008706c                GUI_MEMDEV_Delete
 .text._GetDevData
                0x100870ac       0x10 Generated_Source\PSoC6\pdl\middleware\emWin\libs\libemWin_nosnts_gcc.a(GUIDEV_1.o)
 .text._GetDevFunc
                0x100870bc       0x10 Generated_Source\PSoC6\pdl\middleware\emWin\libs\libemWin_nosnts_gcc.a(GUIDEV_1.o)
 .text._SetOrg  0x100870cc        0xc Generated_Source\PSoC6\pdl\middleware\emWin\libs\libemWin_nosnts_gcc.a(GUIDEV_1.o)
 .text._GetDevProp
                0x100870d8        0xc Generated_Source\PSoC6\pdl\middleware\emWin\libs\libemWin_nosnts_gcc.a(GUIDEV_1.o)
 .text._GetRect
                0x100870e4       0x30 Generated_Source\PSoC6\pdl\middleware\emWin\libs\libemWin_nosnts_gcc.a(GUIDEV_1.o)
 .text._XY2PTR_BITOFFSET
                0x10087114       0x44 Generated_Source\PSoC6\pdl\middleware\emWin\libs\libemWin_nosnts_gcc.a(GUIDEV_1.o)
 .text._GetPixelIndex
                0x10087158       0x18 Generated_Source\PSoC6\pdl\middleware\emWin\libs\libemWin_nosnts_gcc.a(GUIDEV_1.o)
 .text._XorPixel
                0x10087170       0x58 Generated_Source\PSoC6\pdl\middleware\emWin\libs\libemWin_nosnts_gcc.a(GUIDEV_1.o)
 .text._SetPixelIndex
                0x100871c8       0x60 Generated_Source\PSoC6\pdl\middleware\emWin\libs\libemWin_nosnts_gcc.a(GUIDEV_1.o)
 .text._DrawVLine
                0x10087228       0xb8 Generated_Source\PSoC6\pdl\middleware\emWin\libs\libemWin_nosnts_gcc.a(GUIDEV_1.o)
 .text._FillRect
                0x100872e0      0x158 Generated_Source\PSoC6\pdl\middleware\emWin\libs\libemWin_nosnts_gcc.a(GUIDEV_1.o)
 .text._DrawHLine
                0x10087438        0xa Generated_Source\PSoC6\pdl\middleware\emWin\libs\libemWin_nosnts_gcc.a(GUIDEV_1.o)
 *fill*         0x10087442        0x2 
 .text._DrawBitmap
                0x10087444      0x614 Generated_Source\PSoC6\pdl\middleware\emWin\libs\libemWin_nosnts_gcc.a(GUIDEV_1.o)
 .text._GetDevData
                0x10087a58       0x10 Generated_Source\PSoC6\pdl\middleware\emWin\libs\libemWin_nosnts_gcc.a(GUIDEV_8.o)
 .text._GetDevFunc
                0x10087a68       0x10 Generated_Source\PSoC6\pdl\middleware\emWin\libs\libemWin_nosnts_gcc.a(GUIDEV_8.o)
 .text._SetOrg  0x10087a78       0x10 Generated_Source\PSoC6\pdl\middleware\emWin\libs\libemWin_nosnts_gcc.a(GUIDEV_8.o)
 .text._GetRect
                0x10087a88       0x30 Generated_Source\PSoC6\pdl\middleware\emWin\libs\libemWin_nosnts_gcc.a(GUIDEV_8.o)
 .text._XY2PTR  0x10087ab8       0x38 Generated_Source\PSoC6\pdl\middleware\emWin\libs\libemWin_nosnts_gcc.a(GUIDEV_8.o)
 .text._GetPixelIndex
                0x10087af0        0xe Generated_Source\PSoC6\pdl\middleware\emWin\libs\libemWin_nosnts_gcc.a(GUIDEV_8.o)
 *fill*         0x10087afe        0x2 
 .text._XorPixel
                0x10087b00       0x54 Generated_Source\PSoC6\pdl\middleware\emWin\libs\libemWin_nosnts_gcc.a(GUIDEV_8.o)
 .text._SetPixelIndex
                0x10087b54       0x48 Generated_Source\PSoC6\pdl\middleware\emWin\libs\libemWin_nosnts_gcc.a(GUIDEV_8.o)
 .text._DrawVLine
                0x10087b9c       0xbc Generated_Source\PSoC6\pdl\middleware\emWin\libs\libemWin_nosnts_gcc.a(GUIDEV_8.o)
 .text._FillRect
                0x10087c58       0xb0 Generated_Source\PSoC6\pdl\middleware\emWin\libs\libemWin_nosnts_gcc.a(GUIDEV_8.o)
 .text._DrawHLine
                0x10087d08        0xa Generated_Source\PSoC6\pdl\middleware\emWin\libs\libemWin_nosnts_gcc.a(GUIDEV_8.o)
 *fill*         0x10087d12        0x2 
 .text._DrawBitmap
                0x10087d14      0x688 Generated_Source\PSoC6\pdl\middleware\emWin\libs\libemWin_nosnts_gcc.a(GUIDEV_8.o)
 .text._GetDevProp
                0x1008839c       0x1e Generated_Source\PSoC6\pdl\middleware\emWin\libs\libemWin_nosnts_gcc.a(GUIDEV_8.o)
 .text.GUI_USAGE_DecUseCnt
                0x100883ba       0x24 Generated_Source\PSoC6\pdl\middleware\emWin\libs\libemWin_nosnts_gcc.a(GUIDEV_Usage.o)
                0x100883ba                GUI_USAGE_DecUseCnt
 .text.GUI_USAGE_AddRect
                0x100883de       0x26 Generated_Source\PSoC6\pdl\middleware\emWin\libs\libemWin_nosnts_gcc.a(GUIDEV_Usage.o)
                0x100883de                GUI_USAGE_AddRect
 .text._Convert16
                0x10088404       0x34 Generated_Source\PSoC6\pdl\middleware\emWin\libs\libemWin_nosnts_gcc.a(GUIDEV_WriteToActiveOpaque.o)
 .text._Convert8
                0x10088438       0x34 Generated_Source\PSoC6\pdl\middleware\emWin\libs\libemWin_nosnts_gcc.a(GUIDEV_WriteToActiveOpaque.o)
 .text.GUI_MEMDEV__WriteToActiveOpaque
                0x1008846c      0x714 Generated_Source\PSoC6\pdl\middleware\emWin\libs\libemWin_nosnts_gcc.a(GUIDEV_WriteToActiveOpaque.o)
                0x1008846c                GUI_MEMDEV__WriteToActiveOpaque
 .text.LCD_SetClipRectEx
                0x10088b80       0x30 Generated_Source\PSoC6\pdl\middleware\emWin\libs\libemWin_nosnts_gcc.a(LCD_SetClipRectEx.o)
                0x10088b80                LCD_SetClipRectEx
 .text.GUI__CompactPixelIndices
                0x10088bb0      0x14a Generated_Source\PSoC6\pdl\middleware\emWin\libs\libemWin_nosnts_gcc.a(GUI__CompactPixelIndices.o)
                0x10088bb0                GUI__CompactPixelIndices
 *fill*         0x10088cfa        0x2 
 .text.GL_FillCircle
                0x10088cfc       0xcc Generated_Source\PSoC6\pdl\middleware\emWin\libs\libemWin_nosnts_gcc.a(GUI_Circ.o)
                0x10088cfc                GL_FillCircle
 .text.GUI_MEMDEV_GetDataPtr
                0x10088dc8       0x1c Generated_Source\PSoC6\pdl\middleware\emWin\libs\libemWin_nosnts_gcc.a(GUIDEV_GetDataPtr.o)
                0x10088dc8                GUI_MEMDEV_GetDataPtr
 .text          0x10088de4       0x14 c:/program files (x86)/cypress/psoc creator/4.2/psoc creator/import/gnu/arm/5.4.1/bin/../lib/gcc/arm-none-eabi/5.4.1/armv7e-m/softfp\libgcc.a(_thumb1_case_uqi.o)
                0x10088de4                __gnu_thumb1_case_uqi
 .text          0x10088df8       0x14 c:/program files (x86)/cypress/psoc creator/4.2/psoc creator/import/gnu/arm/5.4.1/bin/../lib/gcc/arm-none-eabi/5.4.1/armv7e-m/softfp\libgcc.a(_thumb1_case_uhi.o)
                0x10088df8                __gnu_thumb1_case_uhi
 .text          0x10088e0c       0x24 c:/program files (x86)/cypress/psoc creator/4.2/psoc creator/import/gnu/arm/5.4.1/bin/../lib/gcc/arm-none-eabi/5.4.1/armv7e-m/softfp\libgcc.a(_udivsi3.o)
                0x10088e0c                __aeabi_uidiv
                0x10088e0c                __udivsi3
                0x10088e20                __aeabi_uidivmod
 .text          0x10088e30       0x2c c:/program files (x86)/cypress/psoc creator/4.2/psoc creator/import/gnu/arm/5.4.1/bin/../lib/gcc/arm-none-eabi/5.4.1/armv7e-m/softfp\libgcc.a(_divsi3.o)
                0x10088e30                __divsi3
                0x10088e30                __aeabi_idiv
                0x10088e4c                __aeabi_idivmod
 .text          0x10088e5c        0x4 c:/program files (x86)/cypress/psoc creator/4.2/psoc creator/import/gnu/arm/5.4.1/bin/../lib/gcc/arm-none-eabi/5.4.1/armv7e-m/softfp\libgcc.a(_dvmd_tls.o)
                0x10088e5c                __aeabi_idiv0
                0x10088e5c                __aeabi_ldiv0
 .text.memcpy   0x10088e60       0x16 c:/program files (x86)/cypress/psoc creator/4.2/psoc creator/import/gnu/arm/5.4.1/bin/../lib/gcc/arm-none-eabi/5.4.1/../../../../arm-none-eabi/lib/armv7e-m/softfp\libg_nano.a(lib_a-memcpy-stub.o)
                0x10088e60                memcpy
 .text.memmove  0x10088e76       0x36 c:/program files (x86)/cypress/psoc creator/4.2/psoc creator/import/gnu/arm/5.4.1/bin/../lib/gcc/arm-none-eabi/5.4.1/../../../../arm-none-eabi/lib/armv7e-m/softfp\libg_nano.a(lib_a-memmove.o)
                0x10088e76                memmove
 .text.memset   0x10088eac       0x10 c:/program files (x86)/cypress/psoc creator/4.2/psoc creator/import/gnu/arm/5.4.1/bin/../lib/gcc/arm-none-eabi/5.4.1/../../../../arm-none-eabi/lib/armv7e-m/softfp\libg_nano.a(lib_a-memset.o)
                0x10088eac                memset
 .text.rand     0x10088ebc       0x74 c:/program files (x86)/cypress/psoc creator/4.2/psoc creator/import/gnu/arm/5.4.1/bin/../lib/gcc/arm-none-eabi/5.4.1/../../../../arm-none-eabi/lib/armv7e-m/softfp\libg_nano.a(lib_a-rand.o)
                0x10088ebc                rand
 .text.sprintf  0x10088f30       0x48 c:/program files (x86)/cypress/psoc creator/4.2/psoc creator/import/gnu/arm/5.4.1/bin/../lib/gcc/arm-none-eabi/5.4.1/../../../../arm-none-eabi/lib/armv7e-m/softfp\libg_nano.a(lib_a-sprintf.o)
                0x10088f30                siprintf
                0x10088f30                sprintf
 .text.strncpy  0x10088f78       0x26 c:/program files (x86)/cypress/psoc creator/4.2/psoc creator/import/gnu/arm/5.4.1/bin/../lib/gcc/arm-none-eabi/5.4.1/../../../../arm-none-eabi/lib/armv7e-m/softfp\libg_nano.a(lib_a-strncpy.o)
                0x10088f78                strncpy
 *fill*         0x10088f9e        0x2 
 .text.malloc   0x10088fa0       0x10 c:/program files (x86)/cypress/psoc creator/4.2/psoc creator/import/gnu/arm/5.4.1/bin/../lib/gcc/arm-none-eabi/5.4.1/../../../../arm-none-eabi/lib/armv7e-m/softfp\libg_nano.a(lib_a-malloc.o)
                0x10088fa0                malloc
 .text._free_r  0x10088fb0       0x9c c:/program files (x86)/cypress/psoc creator/4.2/psoc creator/import/gnu/arm/5.4.1/bin/../lib/gcc/arm-none-eabi/5.4.1/../../../../arm-none-eabi/lib/armv7e-m/softfp\libg_nano.a(lib_a-nano-freer.o)
                0x10088fb0                _free_r
 .text._malloc_r
                0x1008904c       0xbc c:/program files (x86)/cypress/psoc creator/4.2/psoc creator/import/gnu/arm/5.4.1/bin/../lib/gcc/arm-none-eabi/5.4.1/../../../../arm-none-eabi/lib/armv7e-m/softfp\libg_nano.a(lib_a-nano-mallocr.o)
                0x1008904c                _malloc_r
 .text.__ssputs_r
                0x10089108       0xb2 c:/program files (x86)/cypress/psoc creator/4.2/psoc creator/import/gnu/arm/5.4.1/bin/../lib/gcc/arm-none-eabi/5.4.1/../../../../arm-none-eabi/lib/armv7e-m/softfp\libg_nano.a(lib_a-nano-svfprintf.o)
                0x10089108                __ssputs_r
 *fill*         0x100891ba        0x2 
 .text._svfprintf_r
                0x100891bc      0x1e8 c:/program files (x86)/cypress/psoc creator/4.2/psoc creator/import/gnu/arm/5.4.1/bin/../lib/gcc/arm-none-eabi/5.4.1/../../../../arm-none-eabi/lib/armv7e-m/softfp\libg_nano.a(lib_a-nano-svfprintf.o)
                0x100891bc                _svfiprintf_r
                0x100891bc                _svfprintf_r
 .text._printf_common
                0x100893a4       0xec c:/program files (x86)/cypress/psoc creator/4.2/psoc creator/import/gnu/arm/5.4.1/bin/../lib/gcc/arm-none-eabi/5.4.1/../../../../arm-none-eabi/lib/armv7e-m/softfp\libg_nano.a(lib_a-nano-vfprintf_i.o)
                0x100893a4                _printf_common
 .text._printf_i
                0x10089490      0x24c c:/program files (x86)/cypress/psoc creator/4.2/psoc creator/import/gnu/arm/5.4.1/bin/../lib/gcc/arm-none-eabi/5.4.1/../../../../arm-none-eabi/lib/armv7e-m/softfp\libg_nano.a(lib_a-nano-vfprintf_i.o)
                0x10089490                _printf_i
 .text._sbrk_r  0x100896dc       0x20 c:/program files (x86)/cypress/psoc creator/4.2/psoc creator/import/gnu/arm/5.4.1/bin/../lib/gcc/arm-none-eabi/5.4.1/../../../../arm-none-eabi/lib/armv7e-m/softfp\libg_nano.a(lib_a-sbrkr.o)
                0x100896dc                _sbrk_r
 *fill*         0x100896fc        0x4 
 .text          0x10089700       0xa0 c:/program files (x86)/cypress/psoc creator/4.2/psoc creator/import/gnu/arm/5.4.1/bin/../lib/gcc/arm-none-eabi/5.4.1/../../../../arm-none-eabi/lib/armv7e-m/softfp\libg_nano.a(lib_a-memchr.o)
                0x10089700                memchr
 .text.__malloc_lock
                0x100897a0        0x2 c:/program files (x86)/cypress/psoc creator/4.2/psoc creator/import/gnu/arm/5.4.1/bin/../lib/gcc/arm-none-eabi/5.4.1/../../../../arm-none-eabi/lib/armv7e-m/softfp\libg_nano.a(lib_a-mlock.o)
                0x100897a0                __malloc_lock
 .text.__malloc_unlock
                0x100897a2        0x2 c:/program files (x86)/cypress/psoc creator/4.2/psoc creator/import/gnu/arm/5.4.1/bin/../lib/gcc/arm-none-eabi/5.4.1/../../../../arm-none-eabi/lib/armv7e-m/softfp\libg_nano.a(lib_a-mlock.o)
                0x100897a2                __malloc_unlock
 .text._realloc_r
                0x100897a4       0x4c c:/program files (x86)/cypress/psoc creator/4.2/psoc creator/import/gnu/arm/5.4.1/bin/../lib/gcc/arm-none-eabi/5.4.1/../../../../arm-none-eabi/lib/armv7e-m/softfp\libg_nano.a(lib_a-nano-reallocr.o)
                0x100897a4                _realloc_r
 .text._malloc_usable_size_r
                0x100897f0       0x14 c:/program files (x86)/cypress/psoc creator/4.2/psoc creator/import/gnu/arm/5.4.1/bin/../lib/gcc/arm-none-eabi/5.4.1/../../../../arm-none-eabi/lib/armv7e-m/softfp\libg_nano.a(lib_a-nano-msizer.o)
                0x100897f0                _malloc_usable_size_r
 .text._sbrk    0x10089804       0x1c c:/program files (x86)/cypress/psoc creator/4.2/psoc creator/import/gnu/arm/5.4.1/bin/../lib/gcc/arm-none-eabi/5.4.1/../../../../arm-none-eabi/lib/armv7e-m/softfp\libnosys.a(sbrk.o)
                0x10089804                _sbrk
 *(.init)
 .init          0x10089820        0x4 c:/program files (x86)/cypress/psoc creator/4.2/psoc creator/import/gnu/arm/5.4.1/bin/../lib/gcc/arm-none-eabi/5.4.1/armv7e-m/softfp/crti.o
                0x10089820                _init
 .init          0x10089824        0x8 c:/program files (x86)/cypress/psoc creator/4.2/psoc creator/import/gnu/arm/5.4.1/bin/../lib/gcc/arm-none-eabi/5.4.1/armv7e-m/softfp/crtn.o
 *(.fini)
 .fini          0x1008982c        0x4 c:/program files (x86)/cypress/psoc creator/4.2/psoc creator/import/gnu/arm/5.4.1/bin/../lib/gcc/arm-none-eabi/5.4.1/armv7e-m/softfp/crti.o
                0x1008982c                _fini
 .fini          0x10089830        0x8 c:/program files (x86)/cypress/psoc creator/4.2/psoc creator/import/gnu/arm/5.4.1/bin/../lib/gcc/arm-none-eabi/5.4.1/armv7e-m/softfp/crtn.o
 *crtbegin.o(.ctors)
 *crtbegin?.o(.ctors)
 *(EXCLUDE_FILE(*crtend.o *crtend?.o) .ctors)
 *(SORT(.ctors.*))
 *(.ctors)
 *crtbegin.o(.dtors)
 *crtbegin?.o(.dtors)
 *(EXCLUDE_FILE(*crtend.o *crtend?.o) .dtors)
 *(SORT(.dtors.*))
 *(.dtors)
 *(.rodata .rodata.* .constdata .constdata.* .conststring .conststring.*)
 .rodata        0x10089838       0x80 .\CortexM4\ARM_GCC_541\Debug\main_cm4.o
 .rodata.str1.4
                0x100898b8      0x150 .\CortexM4\ARM_GCC_541\Debug\main_cm4.o
 .rodata        0x10089a08        0xc .\CortexM4\ARM_GCC_541\Debug\pervasive_eink_hardware_driver.o
                0x10089a08                channelSelect
                0x10089a10                scanTable
 .rodata.str1.4
                0x10089a14       0x3f .\CortexM4\ARM_GCC_541\Debug\cy_eink_psoc_interface.o
 *fill*         0x10089a53        0x1 
 .rodata.str1.4
                0x10089a54        0x8 .\CortexM4\ARM_GCC_541\Debug\GUI_X.o
 .rodata        0x10089a5c       0x34 .\CortexM4\ARM_GCC_541\Debug\cy_ipc_config.o
 .rodata        0x10089a90       0x10 .\CortexM4\ARM_GCC_541\Debug\cyfitter_sysint_cfg.o
                0x10089a90                isrTimer_cfg
                0x10089a98                CY_EINK_SPIM_SCB_IRQ_cfg
 .rodata        0x10089aa0       0x34 .\CortexM4\ARM_GCC_541\Debug\CY_EINK_SPIM.o
                0x10089aa0                CY_EINK_SPIM_config
 .rodata        0x10089ad4       0x4c .\CortexM4\ARM_GCC_541\Debug\CY_EINK_Timer.o
                0x10089ad4                CY_EINK_Timer_config
 .rodata.str1.4
                0x10089b20       0x41 .\CortexM4\ARM_GCC_541\Debug\cy_sysint.o
 *fill*         0x10089b61        0x3 
 .rodata.str1.4
                0x10089b64       0x7f .\CortexM4\ARM_GCC_541\Debug\cy_ipc_drv.o
 *fill*         0x10089be3        0x1 
 .rodata.str1.4
                0x10089be4       0x3f .\CortexM4\ARM_GCC_541\Debug\cy_ipc_sema.o
 *fill*         0x10089c23        0x1 
 .rodata.str1.4
                0x10089c24       0x40 .\CortexM4\ARM_GCC_541\Debug\cy_ipc_pipe.o
                                 0x7f (size before relaxing)
 .rodata.str1.4
                0x10089c64       0x84 .\CortexM4\ARM_GCC_541\Debug\cy_scb_spi.o
                                 0x83 (size before relaxing)
 .rodata        0x10089ce8       0x64 .\CortexM4\ARM_GCC_541\Debug\PWM.o
                0x10089ce8                PWM_config
 .rodata        0x10089d4c       0x4c .\CortexM4\ARM_GCC_541\Debug\Timer.o
                0x10089d4c                Timer_config
 .rodata        0x10089d98      0x8ac Generated_Source\PSoC6\pdl\middleware\emWin\libs\libemWin_nosnts_gcc.a(F13B_1.o)
                0x10089d98                GUI_Font13B_1
 .rodata        0x1008a644      0x8b1 Generated_Source\PSoC6\pdl\middleware\emWin\libs\libemWin_nosnts_gcc.a(F13B_ASCII.o)
                0x1008a644                GUI_Font13B_ASCII
                0x1008a668                GUI_Font13B_ASCII_Prop1
 *fill*         0x1008aef5        0x3 
 .rodata        0x1008aef8      0x73c Generated_Source\PSoC6\pdl\middleware\emWin\libs\libemWin_nosnts_gcc.a(F6x8.o)
                0x1008aef8                GUI_Font6x9
                0x1008af1c                GUI_Font6x8
 .rodata        0x1008b634        0x8 Generated_Source\PSoC6\pdl\middleware\emWin\libs\libemWin_nosnts_gcc.a(GUI_Core.o)
 .rodata.str1.1
                0x1008b63c       0x14 Generated_Source\PSoC6\pdl\middleware\emWin\libs\libemWin_nosnts_gcc.a(GUI_Core.o)
 .rodata        0x1008b650       0x44 Generated_Source\PSoC6\pdl\middleware\emWin\libs\libemWin_nosnts_gcc.a(GUI_DrawLine.o)
                0x1008b672                aTan
 .rodata        0x1008b694       0x10 Generated_Source\PSoC6\pdl\middleware\emWin\libs\libemWin_nosnts_gcc.a(GUI_UC_EncodeNone.o)
                0x1008b694                GUI_UC_None
 .rodata        0x1008b6a4       0x18 Generated_Source\PSoC6\pdl\middleware\emWin\libs\libemWin_nosnts_gcc.a(GUICC_1.o)
                0x1008b6a4                LCD_API_ColorConv_1
 .rodata        0x1008b6bc       0x50 Generated_Source\PSoC6\pdl\middleware\emWin\libs\libemWin_nosnts_gcc.a(GUIDRV_BitPlains.o)
                0x1008b6d8                GUIDRV_BitPlains_API
 .rodata        0x1008b70c        0xc Generated_Source\PSoC6\pdl\middleware\emWin\libs\libemWin_nosnts_gcc.a(LCD.o)
 .rodata        0x1008b718       0x18 Generated_Source\PSoC6\pdl\middleware\emWin\libs\libemWin_nosnts_gcc.a(GUICC_0.o)
                0x1008b718                LCD_API_ColorConv_0
 .rodata        0x1008b730       0x74 Generated_Source\PSoC6\pdl\middleware\emWin\libs\libemWin_nosnts_gcc.a(GUIDEV_1.o)
                0x1008b730                GUI_MEMDEV_DEVICE_1
 .rodata        0x1008b7a4       0x74 Generated_Source\PSoC6\pdl\middleware\emWin\libs\libemWin_nosnts_gcc.a(GUIDEV_8.o)
                0x1008b7a4                GUI_MEMDEV_DEVICE_8
 .rodata        0x1008b818      0x100 Generated_Source\PSoC6\pdl\middleware\emWin\libs\libemWin_nosnts_gcc.a(LCD_Mirror.o)
                0x1008b818                LCD_aMirror
 .rodata.str1.1
                0x1008b918        0x2 c:/program files (x86)/cypress/psoc creator/4.2/psoc creator/import/gnu/arm/5.4.1/bin/../lib/gcc/arm-none-eabi/5.4.1/../../../../arm-none-eabi/lib/armv7e-m/softfp\libg_nano.a(lib_a-impure.o)
 .rodata.str1.1
                0x1008b91a       0x11 c:/program files (x86)/cypress/psoc creator/4.2/psoc creator/import/gnu/arm/5.4.1/bin/../lib/gcc/arm-none-eabi/5.4.1/../../../../arm-none-eabi/lib/armv7e-m/softfp\libg_nano.a(lib_a-nano-svfprintf.o)
 .rodata.str1.1
                0x1008b92b       0x22 c:/program files (x86)/cypress/psoc creator/4.2/psoc creator/import/gnu/arm/5.4.1/bin/../lib/gcc/arm-none-eabi/5.4.1/../../../../arm-none-eabi/lib/armv7e-m/softfp\libg_nano.a(lib_a-nano-vfprintf_i.o)
 *(.eh_frame*)
 *fill*         0x1008b94d        0x3 
 .eh_frame      0x1008b950        0x0 c:/program files (x86)/cypress/psoc creator/4.2/psoc creator/import/gnu/arm/5.4.1/bin/../lib/gcc/arm-none-eabi/5.4.1/armv7e-m/softfp/crtbegin.o
 .eh_frame      0x1008b950        0x4 c:/program files (x86)/cypress/psoc creator/4.2/psoc creator/import/gnu/arm/5.4.1/bin/../lib/gcc/arm-none-eabi/5.4.1/armv7e-m/softfp/crtend.o

.glue_7         0x1008b954        0x0
 .glue_7        0x1008b954        0x0 linker stubs

.glue_7t        0x1008b954        0x0
 .glue_7t       0x1008b954        0x0 linker stubs

.vfp11_veneer   0x1008b954        0x0
 .vfp11_veneer  0x1008b954        0x0 linker stubs

.v4_bx          0x1008b954        0x0