Archive member included to satisfy reference by file (symbol)

Generated_Source\PSoC6\pdl\middleware\emWin\libs\libemWin_nosnts_gcc.a(F13B_1.o)
                              .\CortexM4\ARM_GCC_541\Debug\main_cm4.o (GUI_Font13B_1)
Generated_Source\PSoC6\pdl\middleware\emWin\libs\libemWin_nosnts_gcc.a(F13B_ASCII.o)
                              Generated_Source\PSoC6\pdl\middleware\emWin\libs\libemWin_nosnts_gcc.a(F13B_1.o) (GUI_Font13B_ASCII_Prop1)
Generated_Source\PSoC6\pdl\middleware\emWin\libs\libemWin_nosnts_gcc.a(F6x8.o)
                              .\CortexM4\ARM_GCC_541\Debug\GUIConf.o (GUI_Font6x8)
Generated_Source\PSoC6\pdl\middleware\emWin\libs\libemWin_nosnts_gcc.a(GUI_Alloc.o)
                              .\CortexM4\ARM_GCC_541\Debug\GUIConf.o (GUI_ALLOC_AssignMemory)
Generated_Source\PSoC6\pdl\middleware\emWin\libs\libemWin_nosnts_gcc.a(GUI_CharM.o)
                              Generated_Source\PSoC6\pdl\middleware\emWin\libs\libemWin_nosnts_gcc.a(F6x8.o) (GUIMONO_DispChar)
Generated_Source\PSoC6\pdl\middleware\emWin\libs\libemWin_nosnts_gcc.a(GUI_CharP.o)
                              Generated_Source\PSoC6\pdl\middleware\emWin\libs\libemWin_nosnts_gcc.a(F13B_1.o) (GUIPROP_DispChar)
Generated_Source\PSoC6\pdl\middleware\emWin\libs\libemWin_nosnts_gcc.a(GUI_Common.o)
                              Generated_Source\PSoC6\pdl\middleware\emWin\libs\libemWin_nosnts_gcc.a(GUI_CharP.o) (GUI_GetBkColor)
Generated_Source\PSoC6\pdl\middleware\emWin\libs\libemWin_nosnts_gcc.a(GUI_Core.o)
                              Generated_Source\PSoC6\pdl\middleware\emWin\libs\libemWin_nosnts_gcc.a(GUI_Common.o) (GUI__apDevice)
Generated_Source\PSoC6\pdl\middleware\emWin\libs\libemWin_nosnts_gcc.a(GUI_Device.o)
                              .\CortexM4\ARM_GCC_541\Debug\LCDConf.o (GUI_DEVICE_CreateAndLink)
Generated_Source\PSoC6\pdl\middleware\emWin\libs\libemWin_nosnts_gcc.a(GUI_DispString.o)
                              Generated_Source\PSoC6\pdl\middleware\emWin\libs\libemWin_nosnts_gcc.a(GUI_Common.o) (GUI_DispString)
Generated_Source\PSoC6\pdl\middleware\emWin\libs\libemWin_nosnts_gcc.a(GUI_DispStringInRectEx.o)
                              Generated_Source\PSoC6\pdl\middleware\emWin\libs\libemWin_nosnts_gcc.a(GUI_DispString.o) (GUI_DispStringInRectEx)
Generated_Source\PSoC6\pdl\middleware\emWin\libs\libemWin_nosnts_gcc.a(GUI_DrawLine.o)
                              .\CortexM4\ARM_GCC_541\Debug\main_cm4.o (GUI_DrawLine)
Generated_Source\PSoC6\pdl\middleware\emWin\libs\libemWin_nosnts_gcc.a(GUI_FillPolygon.o)
                              Generated_Source\PSoC6\pdl\middleware\emWin\libs\libemWin_nosnts_gcc.a(GUI_DrawLine.o) (GL_FillPolygon)
Generated_Source\PSoC6\pdl\middleware\emWin\libs\libemWin_nosnts_gcc.a(GUI_OnKey.o)
                              Generated_Source\PSoC6\pdl\middleware\emWin\libs\libemWin_nosnts_gcc.a(GUI_Common.o) (GUI_GetKey)
Generated_Source\PSoC6\pdl\middleware\emWin\libs\libemWin_nosnts_gcc.a(GUI_UC.o)
                              Generated_Source\PSoC6\pdl\middleware\emWin\libs\libemWin_nosnts_gcc.a(GUI_DispString.o) (GUI_UC__GetCharCodeInc)
Generated_Source\PSoC6\pdl\middleware\emWin\libs\libemWin_nosnts_gcc.a(GUI_UC_EncodeNone.o)
                              Generated_Source\PSoC6\pdl\middleware\emWin\libs\libemWin_nosnts_gcc.a(GUI_Core.o) (GUI_UC_None)
Generated_Source\PSoC6\pdl\middleware\emWin\libs\libemWin_nosnts_gcc.a(GUI_WaitEvent.o)
                              Generated_Source\PSoC6\pdl\middleware\emWin\libs\libemWin_nosnts_gcc.a(GUI_OnKey.o) (GUI_SignalEvent)
Generated_Source\PSoC6\pdl\middleware\emWin\libs\libemWin_nosnts_gcc.a(GUICC_1.o)
                              .\CortexM4\ARM_GCC_541\Debug\LCDConf.o (LCD_API_ColorConv_1)
Generated_Source\PSoC6\pdl\middleware\emWin\libs\libemWin_nosnts_gcc.a(GUIDRV_BitPlains.o)
                              .\CortexM4\ARM_GCC_541\Debug\LCDConf.o (GUIDRV_BitPlains_Config)
Generated_Source\PSoC6\pdl\middleware\emWin\libs\libemWin_nosnts_gcc.a(LCD.o)
                              Generated_Source\PSoC6\pdl\middleware\emWin\libs\libemWin_nosnts_gcc.a(GUI_CharM.o) (LCD_SetDrawMode)
Generated_Source\PSoC6\pdl\middleware\emWin\libs\libemWin_nosnts_gcc.a(LCD_Color.o)
                              Generated_Source\PSoC6\pdl\middleware\emWin\libs\libemWin_nosnts_gcc.a(LCD.o) (LCD_InitColors)
Generated_Source\PSoC6\pdl\middleware\emWin\libs\libemWin_nosnts_gcc.a(LCD_GetColorIndex.o)
                              Generated_Source\PSoC6\pdl\middleware\emWin\libs\libemWin_nosnts_gcc.a(GUI_Common.o) (LCD_GetBkColorIndex)
Generated_Source\PSoC6\pdl\middleware\emWin\libs\libemWin_nosnts_gcc.a(LCD_GetEx.o)
                              Generated_Source\PSoC6\pdl\middleware\emWin\libs\libemWin_nosnts_gcc.a(LCD_Color.o) (LCD_GetBitsPerPixelEx)
Generated_Source\PSoC6\pdl\middleware\emWin\libs\libemWin_nosnts_gcc.a(LCD_GetNumDisplays.o)
[...]
Memory Configuration

Name             Origin             Length             Attributes
ram              0x08024000         0x00023800         xrw
flash            0x10080000         0x00080000         xr
em_eeprom        0x14000000         0x00008000         xr
sflash_user_data 0x16000800         0x00000800         xr
sflash_nar       0x16001a00         0x00000200         xr
sflash_public_key 0x16005a00         0x00000c00         xr
sflash_toc_2     0x16007c00         0x00000200         xr
sflash_rtoc_2    0x16007e00         0x00000200         xr
xip              0x18000000         0x08000000         xr
efuse            0x90700000         0x00100000         r
*default*        0x00000000         0xffffffff

Linker script and memory map

LOAD c:/program files (x86)/cypress/psoc creator/4.2/psoc creator/import/gnu/arm/5.4.1/bin/../lib/gcc/arm-none-eabi/5.4.1/armv7e-m/softfp/crti.o
LOAD c:/program files (x86)/cypress/psoc creator/4.2/psoc creator/import/gnu/arm/5.4.1/bin/../lib/gcc/arm-none-eabi/5.4.1/armv7e-m/softfp/crtbegin.o
LOAD c:/program files (x86)/cypress/psoc creator/4.2/psoc creator/import/gnu/arm/5.4.1/bin/../lib/gcc/arm-none-eabi/5.4.1/../../../../arm-none-eabi/lib/armv7e-m/softfp/crt0.o
START GROUP
LOAD Generated_Source\PSoC6\pdl\middleware\emWin\libs\libemWin_nosnts_gcc.a
LOAD Generated_Source\PSoC6\pdl\middleware\emWin\libs\libemWin_nosnts_cm4f_gcc.a
LOAD .\CortexM4\ARM_GCC_541\Debug\startup_psoc63_cm4.o
LOAD .\CortexM4\ARM_GCC_541\Debug\main_cm4.o
LOAD .\CortexM4\ARM_GCC_541\Debug\system_psoc63_cm4.o
LOAD .\CortexM4\ARM_GCC_541\Debug\pervasive_eink_hardware_driver.o
LOAD .\CortexM4\ARM_GCC_541\Debug\cy_eink_library.o
LOAD .\CortexM4\ARM_GCC_541\Debug\cy_eink_psoc_interface.o
LOAD .\CortexM4\ARM_GCC_541\Debug\Cypress Logo Full Color_PNG_1bpp.o
LOAD .\CortexM4\ARM_GCC_541\Debug\GUIConf.o
LOAD .\CortexM4\ARM_GCC_541\Debug\GUI_X.o
LOAD .\CortexM4\ARM_GCC_541\Debug\LCDConf.o
LOAD .\CortexM4\ARM_GCC_541\Debug\cy_ipc_config.o
LOAD .\CortexM4\ARM_GCC_541\Debug\cyfitter_sysint_cfg.o
LOAD .\CortexM4\ARM_GCC_541\Debug\cymetadata.o
LOAD .\CortexM4\ARM_GCC_541\Debug\CY_EINK_SPIM.o
LOAD .\CortexM4\ARM_GCC_541\Debug\CY_EINK_Timer.o
LOAD .\CortexM4\ARM_GCC_541\Debug\cy_sysint.o
LOAD .\CortexM4\ARM_GCC_541\Debug\cy_ipc_drv.o
LOAD .\CortexM4\ARM_GCC_541\Debug\cy_ipc_sema.o
LOAD .\CortexM4\ARM_GCC_541\Debug\cy_ipc_pipe.o
LOAD .\CortexM4\ARM_GCC_541\Debug\cy_sysclk.o
LOAD .\CortexM4\ARM_GCC_541\Debug\cy_wdt.o
LOAD .\CortexM4\ARM_GCC_541\Debug\cy_tcpwm_counter.o
LOAD .\CortexM4\ARM_GCC_541\Debug\cy_tcpwm_pwm.o
LOAD .\CortexM4\ARM_GCC_541\Debug\cy_tcpwm_quaddec.o
LOAD .\CortexM4\ARM_GCC_541\Debug\cy_scb_common.o
LOAD .\CortexM4\ARM_GCC_541\Debug\cy_scb_i2c.o
LOAD .\CortexM4\ARM_GCC_541\Debug\cy_scb_ezi2c.o
LOAD .\CortexM4\ARM_GCC_541\Debug\cy_scb_spi.o
LOAD .\CortexM4\ARM_GCC_541\Debug\cy_scb_uart.o
LOAD .\CortexM4\ARM_GCC_541\Debug\cy_efuse.o
LOAD .\CortexM4\ARM_GCC_541\Debug\cy_flash.o
LOAD .\CortexM4\ARM_GCC_541\Debug\cy_gpio.o
LOAD .\CortexM4\ARM_GCC_541\Debug\cy_sysanalog.o
LOAD .\CortexM4\ARM_GCC_541\Debug\cy_syspm.o
LOAD .\CortexM4\ARM_GCC_541\Debug\cy_syslib.o
LOAD .\CortexM4\ARM_GCC_541\Debug\cy_syslib_gcc.o
LOAD .\CortexM4\ARM_GCC_541\Debug\cy_trigmux.o
LOAD .\CortexM4\ARM_GCC_541\Debug\cy_systick.o
LOAD .\CortexM4\ARM_GCC_541\Debug\cy_profile.o
LOAD .\CortexM4\ARM_GCC_541\Debug\cy_prot.o
LOAD .\CortexM4\ARM_GCC_541\Debug\cy_lvd.o
LOAD .\CortexM4\ARM_GCC_541\Debug\cy_ble_clk.o
LOAD .\CortexM4\ARM_GCC_541\Debug\PWM.o
LOAD .\CortexM4\ARM_GCC_541\Debug\Timer.o
LOAD .\CortexM4\ARM_GCC_541\Debug\Status_Button2.o
LOAD .\CortexM4\ARM_GCC_541\Debug\Status_Button3.o
LOAD .\CortexM4\ARM_GCC_541\Debug\Status_Button1.o
END GROUP
START GROUP
LOAD c:/program files (x86)/cypress/psoc creator/4.2/psoc creator/import/gnu/arm/5.4.1/bin/../lib/gcc/arm-none-eabi/5.4.1/armv7e-m/softfp\libgcc.a
LOAD c:/program files (x86)/cypress/psoc creator/4.2/psoc creator/import/gnu/arm/5.4.1/bin/../lib/gcc/arm-none-eabi/5.4.1/../../../../arm-none-eabi/lib/armv7e-m/softfp\libg_nano.a
LOAD c:/program files (x86)/cypress/psoc creator/4.2/psoc creator/import/gnu/arm/5.4.1/bin/../lib/gcc/arm-none-eabi/5.4.1/../../../../arm-none-eabi/lib/armv7e-m/softfp\libc_nano.a
END GROUP
START GROUP
LOAD c:/program files (x86)/cypress/psoc creator/4.2/psoc creator/import/gnu/arm/5.4.1/bin/../lib/gcc/arm-none-eabi/5.4.1/armv7e-m/softfp\libgcc.a
LOAD c:/program files (x86)/cypress/psoc creator/4.2/psoc creator/import/gnu/arm/5.4.1/bin/../lib/gcc/arm-none-eabi/5.4.1/../../../../arm-none-eabi/lib/armv7e-m/softfp\libc_nano.a
END GROUP
LOAD c:/program files (x86)/cypress/psoc creator/4.2/psoc creator/import/gnu/arm/5.4.1/bin/../lib/gcc/arm-none-eabi/5.4.1/armv7e-m/softfp/crtend.o
LOAD c:/program files (x86)/cypress/psoc creator/4.2/psoc creator/import/gnu/arm/5.4.1/bin/../lib/gcc/arm-none-eabi/5.4.1/armv7e-m/softfp/crtn.o
START GROUP
LOAD c:/program files (x86)/cypress/psoc creator/4.2/psoc creator/import/gnu/arm/5.4.1/bin/../lib/gcc/arm-none-eabi/5.4.1/armv7e-m/softfp\libgcc.a
LOAD c:/program files (x86)/cypress/psoc creator/4.2/psoc creator/import/gnu/arm/5.4.1/bin/../lib/gcc/arm-none-eabi/5.4.1/../../../../arm-none-eabi/lib/armv7e-m/softfp\libc.a
LOAD c:/program files (x86)/cypress/psoc creator/4.2/psoc creator/import/gnu/arm/5.4.1/bin/../lib/gcc/arm-none-eabi/5.4.1/../../../../arm-none-eabi/lib/armv7e-m/softfp\libnosys.a
END GROUP
START GROUP
LOAD c:/program files (x86)/cypress/psoc creator/4.2/psoc creator/import/gnu/arm/5.4.1/bin/../lib/gcc/arm-none-eabi/5.4.1/armv7e-m/softfp\libgcc.a
LOAD c:/program files (x86)/cypress/psoc creator/4.2/psoc creator/import/gnu/arm/5.4.1/bin/../lib/gcc/arm-none-eabi/5.4.1/../../../../arm-none-eabi/lib/armv7e-m/softfp\libc.a
LOAD c:/program files (x86)/cypress/psoc creator/4.2/psoc creator/import/gnu/arm/5.4.1/bin/../lib/gcc/arm-none-eabi/5.4.1/../../../../arm-none-eabi/lib/armv7e-m/softfp\libm.a
LOAD c:/program files (x86)/cypress/psoc creator/4.2/psoc creator/import/gnu/arm/5.4.1/bin/../lib/gcc/arm-none-eabi/5.4.1/../../../../arm-none-eabi/lib/armv7e-m/softfp\libnosys.a
END GROUP

.text           0x10080000     0xdb50
                0x10080000                . = ALIGN (0x4)
                0x10080000                __Vectors = .
 *(.vectors)
 .vectors       0x10080000      0x28c .\CortexM4\ARM_GCC_541\Debug\startup_psoc63_cm4.o
                0x1008028c                . = ALIGN (0x4)
                0x1008028c                __Vectors_End = .
                0x0000028c                __Vectors_Size = (__Vectors_End - __Vectors)
                0x1008028c                __end__ = .
                0x1008028c                . = ALIGN (0x4)
 *(.text*)
 .text          0x1008028c       0x5c c:/program files (x86)/cypress/psoc creator/4.2/psoc creator/import/gnu/arm/5.4.1/bin/../lib/gcc/arm-none-eabi/5.4.1/armv7e-m/softfp/crtbegin.o
 .text          0x100802e8       0x94 .\CortexM4\ARM_GCC_541\Debug\startup_psoc63_cm4.o
                0x100802e8                Cy_OnResetUser
                0x100802ea                Cy_SaveIRQ
                0x100802f2                Cy_RestoreIRQ
                0x100802f8                Reset_Handler
                0x1008035c                tcpwm_1_interrupts_11_IRQHandler
                0x1008035c                cpuss_interrupts_ipc_0_IRQHandler
                0x1008035c                tcpwm_1_interrupts_15_IRQHandler
                0x1008035c                ioss_interrupts_gpio_13_IRQHandler
                0x1008035c                tcpwm_1_interrupts_13_IRQHandler
                0x1008035c                cpuss_interrupts_dw1_8_IRQHandler
                0x1008035c                tcpwm_0_interrupts_0_IRQHandler
                0x1008035c                SysTick_Handler
                0x1008035c                cpuss_interrupt_fm_IRQHandler
                0x1008035c                cpuss_interrupts_ipc_7_IRQHandler
                0x1008035c                tcpwm_1_interrupts_14_IRQHandler
                0x1008035c                cpuss_interrupts_dw0_11_IRQHandler
                0x1008035c                tcpwm_1_interrupts_9_IRQHandler
                0x1008035c                cpuss_interrupts_cm0_cti_1_IRQHandler
                0x1008035c                tcpwm_1_interrupts_22_IRQHandler
                0x1008035c                cpuss_interrupts_dw0_4_IRQHandler
                0x1008035c                PendSV_Handler
                0x1008035c                NMI_Handler
                0x1008035c                cpuss_interrupts_dw1_12_IRQHandler
                0x1008035c                tcpwm_1_interrupts_12_IRQHandler
                0x1008035c                smif_interrupt_IRQHandler
                0x1008035c                tcpwm_1_interrupts_2_IRQHandler
                0x1008035c                cpuss_interrupts_ipc_13_IRQHandler
                0x1008035c                udb_interrupts_11_IRQHandler
                0x1008035c                tcpwm_1_interrupts_18_IRQHandler
                0x1008035c                cpuss_interrupts_ipc_6_IRQHandler
                0x1008035c                tcpwm_0_interrupts_2_IRQHandler
                0x1008035c                cpuss_interrupts_dw0_13_IRQHandler
                0x1008035c                udb_interrupts_2_IRQHandler
                0x1008035c                cpuss_interrupts_dw1_7_IRQHandler
                0x1008035c                ioss_interrupts_gpio_1_IRQHandler
                0x1008035c                ioss_interrupts_gpio_7_IRQHandler
                0x1008035c                scb_5_interrupt_IRQHandler
                0x1008035c                udb_interrupts_6_IRQHandler
                0x1008035c                cpuss_interrupts_fault_1_IRQHandler
                0x1008035c                cpuss_interrupts_ipc_4_IRQHandler
                0x1008035c                cpuss_interrupts_ipc_5_IRQHandler
                0x1008035c                cpuss_interrupts_dw1_10_IRQHandler
                0x1008035c                udb_interrupts_0_IRQHandler
                0x1008035c                tcpwm_1_interrupts_6_IRQHandler
                0x1008035c                scb_4_interrupt_IRQHandler
                0x1008035c                pass_interrupt_dacs_IRQHandler
                0x1008035c                ioss_interrupts_gpio_2_IRQHandler
                0x1008035c                cpuss_interrupts_dw1_9_IRQHandler
                0x1008035c                cpuss_interrupts_dw1_13_IRQHandler
                0x1008035c                scb_2_interrupt_IRQHandler
                0x1008035c                cpuss_interrupts_cm0_cti_0_IRQHandler
                0x1008035c                udb_interrupts_5_IRQHandler
                0x1008035c                srss_interrupt_IRQHandler
                0x1008035c                udb_interrupts_12_IRQHandler
                0x1008035c                scb_0_interrupt_IRQHandler
                0x1008035c                csd_interrupt_IRQHandler
                0x1008035c                udb_interrupts_1_IRQHandler
                0x1008035c                profile_interrupt_IRQHandler
                0x1008035c                tcpwm_1_interrupts_1_IRQHandler
                0x1008035c                cpuss_interrupts_ipc_12_IRQHandler
                0x1008035c                tcpwm_1_interrupts_3_IRQHandler
                0x1008035c                tcpwm_0_interrupts_7_IRQHandler
                0x1008035c                cpuss_interrupts_dw1_1_IRQHandler
                0x1008035c                cpuss_interrupts_dw1_0_IRQHandler
                0x1008035c                cpuss_interrupts_dw0_9_IRQHandler
                0x1008035c                DebugMon_Handler
                0x1008035c                cpuss_interrupts_dw0_5_IRQHandler
                0x1008035c                udb_interrupts_4_IRQHandler
                0x1008035c                tcpwm_1_interrupts_20_IRQHandler
                0x1008035c                ioss_interrupt_gpio_IRQHandler
                0x1008035c                tcpwm_0_interrupts_1_IRQHandler
                0x1008035c                ioss_interrupts_gpio_8_IRQHandler
                0x1008035c                tcpwm_0_interrupts_6_IRQHandler
                0x1008035c                scb_7_interrupt_IRQHandler
                0x1008035c                tcpwm_1_interrupts_7_IRQHandler
                0x1008035c                cpuss_interrupts_ipc_11_IRQHandler
                0x1008035c                udb_interrupts_13_IRQHandler
                0x1008035c                cpuss_interrupts_dw0_15_IRQHandler
                0x1008035c                udb_interrupts_7_IRQHandler
                0x1008035c                cpuss_interrupts_dw1_6_IRQHandler
                0x1008035c                cpuss_interrupt_crypto_IRQHandler
                0x1008035c                scb_1_interrupt_IRQHandler
                0x1008035c                Default_Handler
                0x1008035c                usb_interrupt_hi_IRQHandler
                0x1008035c                tcpwm_1_interrupts_0_IRQHandler
                0x1008035c                udb_interrupts_9_IRQHandler
                0x1008035c                audioss_interrupt_pdm_IRQHandler
                0x1008035c                srss_interrupt_mcwdt_0_IRQHandler
                0x1008035c                scb_3_interrupt_IRQHandler
                0x1008035c                pass_interrupt_ctbs_IRQHandler
                0x1008035c                udb_interrupts_8_IRQHandler
                0x1008035c                ioss_interrupts_gpio_3_IRQHandler
                0x1008035c                scb_6_interrupt_IRQHandler
                0x1008035c                cpuss_interrupts_cm4_cti_0_IRQHandler
                0x1008035c                cpuss_interrupts_dw1_3_IRQHandler
                0x1008035c                pass_interrupt_sar_IRQHandler
                0x1008035c                ioss_interrupts_gpio_0_IRQHandler
                0x1008035c                ioss_interrupts_gpio_14_IRQHandler
                0x1008035c                tcpwm_0_interrupts_4_IRQHandler
                0x1008035c                udb_interrupts_3_IRQHandler
                0x1008035c                tcpwm_0_interrupts_5_IRQHandler
                0x1008035c                cpuss_interrupts_ipc_15_IRQHandler
                0x1008035c                cpuss_interrupts_cm4_cti_1_IRQHandler
                0x1008035c                scb_8_interrupt_IRQHandler
                0x1008035c                srss_interrupt_mcwdt_1_IRQHandler
                0x1008035c                cpuss_interrupts_dw1_2_IRQHandler
                0x1008035c                SVC_Handler
                0x1008035c                cpuss_interrupts_dw1_5_IRQHandler
                0x1008035c                cpuss_interrupts_ipc_1_IRQHandler
                0x1008035c                cpuss_interrupts_dw0_0_IRQHandler
                0x1008035c                ioss_interrupts_gpio_12_IRQHandler
                0x1008035c                cpuss_interrupts_ipc_3_IRQHandler
                0x1008035c                tcpwm_1_interrupts_17_IRQHandler
                0x1008035c                srss_interrupt_backup_IRQHandler
                0x1008035c                bless_interrupt_IRQHandler
                0x1008035c                cpuss_interrupts_ipc_10_IRQHandler
                0x1008035c                cpuss_interrupts_ipc_9_IRQHandler
                0x1008035c                cpuss_interrupts_dw0_14_IRQHandler
                0x1008035c                tcpwm_1_interrupts_4_IRQHandler
                0x1008035c                tcpwm_0_interrupts_3_IRQHandler
                0x1008035c                cpuss_interrupts_dw1_15_IRQHandler
                0x1008035c                ioss_interrupts_gpio_10_IRQHandler
                0x1008035c                udb_interrupts_10_IRQHandler
                0x1008035c                cpuss_interrupts_dw0_8_IRQHandler
                0x1008035c                ioss_interrupts_gpio_11_IRQHandler
                0x1008035c                cpuss_interrupts_ipc_14_IRQHandler
                0x1008035c                ioss_interrupts_gpio_5_IRQHandler
                0x1008035c                ioss_interrupts_gpio_4_IRQHandler
                0x1008035c                tcpwm_1_interrupts_8_IRQHandler
                0x1008035c                cpuss_interrupts_dw1_14_IRQHandler
                0x1008035c                usb_interrupt_med_IRQHandler
                0x1008035c                cpuss_interrupts_dw0_2_IRQHandler
                0x1008035c                tcpwm_1_interrupts_23_IRQHandler
                0x1008035c                tcpwm_1_interrupts_10_IRQHandler
                0x1008035c                cpuss_interrupts_fault_0_IRQHandler
                0x1008035c                cpuss_interrupts_dw0_12_IRQHandler
                0x1008035c                ioss_interrupts_gpio_6_IRQHandler
                0x1008035c                tcpwm_1_interrupts_21_IRQHandler
                0x1008035c                tcpwm_1_interrupts_16_IRQHandler
                0x1008035c                cpuss_interrupts_dw1_4_IRQHandler
                0x1008035c                udb_interrupts_15_IRQHandler
                0x1008035c                cpuss_interrupts_dw1_11_IRQHandler
                0x1008035c                cpuss_interrupts_dw0_6_IRQHandler
                0x1008035c                ioss_interrupt_vdd_IRQHandler
                0x1008035c                cpuss_interrupts_dw0_7_IRQHandler
                0x1008035c                audioss_interrupt_i2s_IRQHandler
                0x1008035c                tcpwm_1_interrupts_5_IRQHandler
                0x1008035c                cpuss_interrupts_ipc_2_IRQHandler
                0x1008035c                cpuss_interrupts_dw0_10_IRQHandler
                0x1008035c                tcpwm_1_interrupts_19_IRQHandler
                0x1008035c                cpuss_interrupts_dw0_1_IRQHandler
                0x1008035c                lpcomp_interrupt_IRQHandler
                0x1008035c                ioss_interrupts_gpio_9_IRQHandler
                0x1008035c                usb_interrupt_lo_IRQHandler
                0x1008035c                cpuss_interrupts_ipc_8_IRQHandler
                0x1008035c                udb_interrupts_14_IRQHandler
                0x1008035c                cpuss_interrupts_dw0_3_IRQHandler
                0x10080360                UsageFault_Handler
                0x10080360                HardFault_Handler
                0x10080360                MemManage_Handler
                0x10080360                BusFault_Handler
 .text.__NVIC_EnableIRQ
                0x1008037c       0x3c .\CortexM4\ARM_GCC_541\Debug\main_cm4.o
 .text.__NVIC_ClearPendingIRQ
                0x100803b8       0x3c .\CortexM4\ARM_GCC_541\Debug\main_cm4.o
 .text.Cy_TCPWM_Enable_Multiple
                0x100803f4       0x1c .\CortexM4\ARM_GCC_541\Debug\main_cm4.o
 .text.Cy_TCPWM_TriggerReloadOrIndex
                0x10080410       0x1c .\CortexM4\ARM_GCC_541\Debug\main_cm4.o
 .text.Cy_TCPWM_ClearInterrupt
                0x1008042c       0x38 .\CortexM4\ARM_GCC_541\Debug\main_cm4.o
 .text.Cy_TCPWM_Counter_SetPeriod
                0x10080464       0x28 .\CortexM4\ARM_GCC_541\Debug\main_cm4.o
 .text.Cy_TCPWM_PWM_SetCompare0
                0x1008048c       0x28 .\CortexM4\ARM_GCC_541\Debug\main_cm4.o
 .text.UpdateDisplay
                0x100804b4       0x40 .\CortexM4\ARM_GCC_541\Debug\main_cm4.o
                0x100804b4                UpdateDisplay
 .text.ClearScreen
                0x100804f4       0x24 .\CortexM4\ARM_GCC_541\Debug\main_cm4.o
                0x100804f4                ClearScreen
 .text.WaitforSwitchPressAndRelease
                0x10080518       0xe4 .\CortexM4\ARM_GCC_541\Debug\main_cm4.o
                0x10080518                WaitforSwitchPressAndRelease
 .text.ShowGraph_WithUpdate
                0x100805fc      0x1b4 .\CortexM4\ARM_GCC_541\Debug\main_cm4.o
                0x100805fc                ShowGraph_WithUpdate
 .text.ShowGraph
                0x100807b0      0x22c .\CortexM4\ARM_GCC_541\Debug\main_cm4.o
                0x100807b0                ShowGraph
 .text.ShowTable
                0x100809dc      0x168 .\CortexM4\ARM_GCC_541\Debug\main_cm4.o
                0x100809dc                ShowTable
 .text.AddNew   0x10080b44      0x454 .\CortexM4\ARM_GCC_541\Debug\main_cm4.o
                0x10080b44                AddNew
 .text.ShowAddNewPage
                0x10080f98       0xbc .\CortexM4\ARM_GCC_541\Debug\main_cm4.o
                0x10080f98                ShowAddNewPage
 .text.TimerInterruptHandler
                0x10081054       0xfc .\CortexM4\ARM_GCC_541\Debug\main_cm4.o
                0x10081054                TimerInterruptHandler
 .text.Init_Interrupts
                0x10081150       0x64 .\CortexM4\ARM_GCC_541\Debug\main_cm4.o
                0x10081150                Init_Interrupts
 .text.main     0x100811b4       0x78 .\CortexM4\ARM_GCC_541\Debug\main_cm4.o
                0x100811b4                main
 .text.SystemInit
                0x1008122c       0x54 .\CortexM4\ARM_GCC_541\Debug\system_psoc63_cm4.o
                0x1008122c                SystemInit
 .text.Cy_SystemInit
                0x10081280       0x10 .\CortexM4\ARM_GCC_541\Debug\system_psoc63_cm4.o
                0x10081280                Cy_SystemInit
 .text.SystemCoreClockUpdate
                0x10081290      0x300 .\CortexM4\ARM_GCC_541\Debug\system_psoc63_cm4.o
                0x10081290                SystemCoreClockUpdate
 .text.Cy_SystemInitFpuEnable
                0x10081590       0x38 .\CortexM4\ARM_GCC_541\Debug\system_psoc63_cm4.o
                0x10081590                Cy_SystemInitFpuEnable
 .text.Cy_GPIO_Write
                0x100815c8       0x54 .\CortexM4\ARM_GCC_541\Debug\pervasive_eink_hardware_driver.o
 .text.Pv_EINK_SendData
                0x1008161c       0x64 .\CortexM4\ARM_GCC_541\Debug\pervasive_eink_hardware_driver.o
                0x1008161c                Pv_EINK_SendData
 .text.Pv_EINK_SendByte
                0x10081680       0x24 .\CortexM4\ARM_GCC_541\Debug\pervasive_eink_hardware_driver.o
                0x10081680                Pv_EINK_SendByte
 .text.Pv_EINK_ReadByte
                0x100816a4       0x68 .\CortexM4\ARM_GCC_541\Debug\pervasive_eink_hardware_driver.o
                0x100816a4                Pv_EINK_ReadByte
 .text.Pv_EINK_Init
                0x1008170c       0x58 .\CortexM4\ARM_GCC_541\Debug\pervasive_eink_hardware_driver.o
                0x1008170c                Pv_EINK_Init
 .text.Pv_EINK_InitDriver
                0x10081764      0x148 .\CortexM4\ARM_GCC_541\Debug\pervasive_eink_hardware_driver.o
                0x10081764                Pv_EINK_InitDriver
 .text.Pv_EINK_SetTempFactor
                0x100818ac       0x9c .\CortexM4\ARM_GCC_541\Debug\pervasive_eink_hardware_driver.o
                0x100818ac                Pv_EINK_SetTempFactor
 .text.Pv_EINK_FullStageHandler
                0x10081948      0x6dc .\CortexM4\ARM_GCC_541\Debug\pervasive_eink_hardware_driver.o
                0x10081948                Pv_EINK_FullStageHandler
 .text.Pv_EINK_PartialStageHandler
                0x10082024      0x3b4 .\CortexM4\ARM_GCC_541\Debug\pervasive_eink_hardware_driver.o
                0x10082024                Pv_EINK_PartialStageHandler
 .text.Pv_EINK_NothingFrame
                0x100823d8       0x98 .\CortexM4\ARM_GCC_541\Debug\pervasive_eink_hardware_driver.o
                0x100823d8                Pv_EINK_NothingFrame
 .text.Pv_EINK_DummyLine
                0x10082470       0x48 .\CortexM4\ARM_GCC_541\Debug\pervasive_eink_hardware_driver.o
                0x10082470                Pv_EINK_DummyLine
 .text.Pv_EINK_HardwarePowerOn
                0x100824b8       0x70 .\CortexM4\ARM_GCC_541\Debug\pervasive_eink_hardware_driver.o
                0x100824b8                Pv_EINK_HardwarePowerOn
 .text.Pv_EINK_HardwarePowerOff
                0x10082528       0xe0 .\CortexM4\ARM_GCC_541\Debug\pervasive_eink_hardware_driver.o
                0x10082528                Pv_EINK_HardwarePowerOff
 .text.Cy_EINK_Start
                0x10082608       0x20 .\CortexM4\ARM_GCC_541\Debug\cy_eink_library.o
                0x10082608                Cy_EINK_Start
 .text.Cy_EINK_Power
                0x10082628       0x4c .\CortexM4\ARM_GCC_541\Debug\cy_eink_library.o
                0x10082628                Cy_EINK_Power
 .text.Cy_EINK_ShowFrame
                0x10082674       0x78 .\CortexM4\ARM_GCC_541\Debug\cy_eink_library.o
                0x10082674                Cy_EINK_ShowFrame
 .text.Cy_TCPWM_Disable_Multiple
                0x100826ec       0x1c .\CortexM4\ARM_GCC_541\Debug\cy_eink_psoc_interface.o
 .text.Cy_TCPWM_Counter_SetCounter
                0x10082708       0x28 .\CortexM4\ARM_GCC_541\Debug\cy_eink_psoc_interface.o
 .text.Cy_TCPWM_Counter_GetCounter
                0x10082730       0x24 .\CortexM4\ARM_GCC_541\Debug\cy_eink_psoc_interface.o
 .text.Cy_SCB_ReadRxFifo
                0x10082754       0x1c .\CortexM4\ARM_GCC_541\Debug\cy_eink_psoc_interface.o
 .text.Cy_SCB_ClearRxFifo
                0x10082770       0x3c .\CortexM4\ARM_GCC_541\Debug\cy_eink_psoc_interface.o
 .text.Cy_SCB_GetNumInTxFifo
                0x100827ac       0x20 .\CortexM4\ARM_GCC_541\Debug\cy_eink_psoc_interface.o
 .text.Cy_SCB_GetTxSrValid
                0x100827cc       0x20 .\CortexM4\ARM_GCC_541\Debug\cy_eink_psoc_interface.o
 .text.Cy_SCB_IsTxComplete
                0x100827ec       0x2c .\CortexM4\ARM_GCC_541\Debug\cy_eink_psoc_interface.o
 .text.Cy_SCB_ClearTxFifo
                0x10082818       0x3c .\CortexM4\ARM_GCC_541\Debug\cy_eink_psoc_interface.o
 .text.Cy_SCB_GetRxInterruptStatus
                0x10082854       0x20 .\CortexM4\ARM_GCC_541\Debug\cy_eink_psoc_interface.o
 .text.Cy_SCB_ClearRxInterrupt
                0x10082874       0x3c .\CortexM4\ARM_GCC_541\Debug\cy_eink_psoc_interface.o
 .text.Cy_SCB_SPI_Enable
                0x100828b0       0x20 .\CortexM4\ARM_GCC_541\Debug\cy_eink_psoc_interface.o
 .text.Cy_SCB_SPI_GetRxFifoStatus
                0x100828d0       0x1c .\CortexM4\ARM_GCC_541\Debug\cy_eink_psoc_interface.o
 .text.Cy_SCB_SPI_ClearRxFifoStatus
                0x100828ec       0x34 .\CortexM4\ARM_GCC_541\Debug\cy_eink_psoc_interface.o
 .text.Cy_SCB_SPI_ClearRxFifo
                0x10082920       0x18 .\CortexM4\ARM_GCC_541\Debug\cy_eink_psoc_interface.o
 .text.Cy_SCB_SPI_IsTxComplete
                0x10082938       0x18 .\CortexM4\ARM_GCC_541\Debug\cy_eink_psoc_interface.o
 .text.Cy_SCB_SPI_ClearTxFifo
                0x10082950       0x18 .\CortexM4\ARM_GCC_541\Debug\cy_eink_psoc_interface.o
 .text.Cy_SCB_SPI_Read
                0x10082968       0x18 .\CortexM4\ARM_GCC_541\Debug\cy_eink_psoc_interface.o
 .text.Cy_SCB_SPI_Write
                0x10082980       0x1c .\CortexM4\ARM_GCC_541\Debug\cy_eink_psoc_interface.o
 .text.Cy_SCB_SPI_WriteArrayBlocking
                0x1008299c       0x38 .\CortexM4\ARM_GCC_541\Debug\cy_eink_psoc_interface.o
 .text.Cy_GPIO_Read
                0x100829d4       0x34 .\CortexM4\ARM_GCC_541\Debug\cy_eink_psoc_interface.o
 .text.Cy_GPIO_Write
                0x10082a08       0x54 .\CortexM4\ARM_GCC_541\Debug\cy_eink_psoc_interface.o
 .text.CY_EINK_Timer_Disable
                0x10082a5c       0x14 .\CortexM4\ARM_GCC_541\Debug\cy_eink_psoc_interface.o
 .text.CY_EINK_Timer_SetCounter
                0x10082a70       0x20 .\CortexM4\ARM_GCC_541\Debug\cy_eink_psoc_interface.o
 .text.CY_EINK_Timer_GetCounter
                0x10082a90       0x18 .\CortexM4\ARM_GCC_541\Debug\cy_eink_psoc_interface.o
 .text.Cy_EINK_TimerInit
                0x10082aa8       0x14 .\CortexM4\ARM_GCC_541\Debug\cy_eink_psoc_interface.o
                0x10082aa8                Cy_EINK_TimerInit
 .text.Cy_EINK_GetTimeTick
                0x10082abc       0x18 .\CortexM4\ARM_GCC_541\Debug\cy_eink_psoc_interface.o
                0x10082abc                Cy_EINK_GetTimeTick
 .text.Cy_EINK_TimerStop
                0x10082ad4        0xc .\CortexM4\ARM_GCC_541\Debug\cy_eink_psoc_interface.o
                0x10082ad4                Cy_EINK_TimerStop
 .text.Cy_EINK_InitSPI
                0x10082ae0       0x34 .\CortexM4\ARM_GCC_541\Debug\cy_eink_psoc_interface.o
                0x10082ae0                Cy_EINK_InitSPI
 .text.Cy_EINK_AttachSPI
                0x10082b14       0x20 .\CortexM4\ARM_GCC_541\Debug\cy_eink_psoc_interface.o
                0x10082b14                Cy_EINK_AttachSPI
 .text.Cy_EINK_DetachSPI
                0x10082b34       0x18 .\CortexM4\ARM_GCC_541\Debug\cy_eink_psoc_interface.o
                0x10082b34                Cy_EINK_DetachSPI
 .text.Cy_EINK_WriteSPI
                0x10082b4c       0x48 .\CortexM4\ARM_GCC_541\Debug\cy_eink_psoc_interface.o
                0x10082b4c                Cy_EINK_WriteSPI
 .text.Cy_EINK_ReadSPI
                0x10082b94       0x54 .\CortexM4\ARM_GCC_541\Debug\cy_eink_psoc_interface.o
                0x10082b94                Cy_EINK_ReadSPI
 .text.Cy_EINK_WriteSPIBuffer
                0x10082be8       0x50 .\CortexM4\ARM_GCC_541\Debug\cy_eink_psoc_interface.o
                0x10082be8                Cy_EINK_WriteSPIBuffer
 .text.Cy_EINK_IsBusy
                0x10082c38       0x20 .\CortexM4\ARM_GCC_541\Debug\cy_eink_psoc_interface.o
                0x10082c38                Cy_EINK_IsBusy
 .text.GUI_X_Config
                0x10082c58       0x1c .\CortexM4\ARM_GCC_541\Debug\GUIConf.o
                0x10082c58                GUI_X_Config
 .text.GUI_X_Init
                0x10082c74        0xc .\CortexM4\ARM_GCC_541\Debug\GUI_X.o
                0x10082c74                GUI_X_Init
 .text.GUI_X_Systick_Intr
                0x10082c80       0x1c .\CortexM4\ARM_GCC_541\Debug\GUI_X.o
                0x10082c80                GUI_X_Systick_Intr
 .text.GUI_X_Systick_Init
                0x10082c9c       0x58 .\CortexM4\ARM_GCC_541\Debug\GUI_X.o
                0x10082c9c                GUI_X_Systick_Init
 .text.LCD_X_Config
                0x10082cf4       0x7c .\CortexM4\ARM_GCC_541\Debug\LCDConf.o
                0x10082cf4                LCD_X_Config
 .text.LCD_X_DisplayDriver
                0x10082d70       0x2c .\CortexM4\ARM_GCC_541\Debug\LCDConf.o
                0x10082d70                LCD_X_DisplayDriver
 .text.LCD_GetDisplayBuffer
                0x10082d9c       0x14 .\CortexM4\ARM_GCC_541\Debug\LCDConf.o
                0x10082d9c                LCD_GetDisplayBuffer
 .text.Cy_IPC_SystemSemaInit
                0x10082db0       0x14 .\CortexM4\ARM_GCC_541\Debug\cy_ipc_config.o
                0x10082db0                Cy_IPC_SystemSemaInit
 .text.Cy_IPC_SystemPipeInit
                0x10082dc4       0x30 .\CortexM4\ARM_GCC_541\Debug\cy_ipc_config.o
                0x10082dc4                Cy_IPC_SystemPipeInit
 .text.Cy_IPC_SystemPipeIsr
                0x10082df4       0x10 .\CortexM4\ARM_GCC_541\Debug\cy_ipc_config.o
 .text.Cy_TCPWM_Enable_Multiple
                0x10082e04       0x1c .\CortexM4\ARM_GCC_541\Debug\CY_EINK_Timer.o
 .text.Cy_TCPWM_TriggerStart
                0x10082e20       0x1c .\CortexM4\ARM_GCC_541\Debug\CY_EINK_Timer.o
 .text.CY_EINK_Timer_Start
                0x10082e3c       0x3c .\CortexM4\ARM_GCC_541\Debug\CY_EINK_Timer.o
                0x10082e3c                CY_EINK_Timer_Start
 .text.__NVIC_SetPriority
                0x10082e78       0x54 .\CortexM4\ARM_GCC_541\Debug\cy_sysint.o
 .text.Cy_SysInt_Init
                0x10082ecc       0x7c .\CortexM4\ARM_GCC_541\Debug\cy_sysint.o
                0x10082ecc                Cy_SysInt_Init
 .text.Cy_SysInt_SetVector
                0x10082f48       0x6c .\CortexM4\ARM_GCC_541\Debug\cy_sysint.o
                0x10082f48                Cy_SysInt_SetVector
 .text.Cy_IPC_Drv_AcquireNotify
                0x10082fb4       0x34 .\CortexM4\ARM_GCC_541\Debug\cy_ipc_drv.o
 .text.Cy_IPC_Drv_ReleaseNotify
                0x10082fe8       0x34 .\CortexM4\ARM_GCC_541\Debug\cy_ipc_drv.o
 .text.Cy_IPC_Drv_WriteDataValue
                0x1008301c       0x1c .\CortexM4\ARM_GCC_541\Debug\cy_ipc_drv.o
 .text.Cy_IPC_Drv_ReadDataValue
                0x10083038       0x18 .\CortexM4\ARM_GCC_541\Debug\cy_ipc_drv.o
 .text.Cy_IPC_Drv_IsLockAcquired
                0x10083050       0x20 .\CortexM4\ARM_GCC_541\Debug\cy_ipc_drv.o
 .text.Cy_IPC_Drv_LockAcquire
                0x10083070       0x2c .\CortexM4\ARM_GCC_541\Debug\cy_ipc_drv.o
 .text.Cy_IPC_Drv_LockRelease
                0x1008309c       0x38 .\CortexM4\ARM_GCC_541\Debug\cy_ipc_drv.o
                0x1008309c                Cy_IPC_Drv_LockRelease
 .text.Cy_IPC_Drv_SendMsgWord
                0x100830d4       0x40 .\CortexM4\ARM_GCC_541\Debug\cy_ipc_drv.o
                0x100830d4                Cy_IPC_Drv_SendMsgWord
 .text.Cy_IPC_Drv_ReadMsgWord
                0x10083114       0x4c .\CortexM4\ARM_GCC_541\Debug\cy_ipc_drv.o
                0x10083114                Cy_IPC_Drv_ReadMsgWord
 .text.Cy_IPC_Drv_GetIpcBaseAddress
                0x10083160       0x30 .\CortexM4\ARM_GCC_541\Debug\cy_ipc_sema.o
 .text.Cy_IPC_Drv_ReadDataValue
                0x10083190       0x18 .\CortexM4\ARM_GCC_541\Debug\cy_ipc_sema.o
 .text.Cy_IPC_Drv_SendMsgPtr
                0x100831a8       0x38 .\CortexM4\ARM_GCC_541\Debug\cy_ipc_sema.o
 .text.Cy_IPC_Drv_LockAcquire
                0x100831e0       0x2c .\CortexM4\ARM_GCC_541\Debug\cy_ipc_sema.o
 .text.Cy_IPC_Sema_Init
                0x1008320c       0xe0 .\CortexM4\ARM_GCC_541\Debug\cy_ipc_sema.o
                0x1008320c                Cy_IPC_Sema_Init
 .text.Cy_IPC_Sema_Clear
                0x100832ec       0xe0 .\CortexM4\ARM_GCC_541\Debug\cy_ipc_sema.o
                0x100832ec                Cy_IPC_Sema_Clear
 .text.Cy_IPC_Sema_Status
                0x100833cc       0x74 .\CortexM4\ARM_GCC_541\Debug\cy_ipc_sema.o
                0x100833cc                Cy_IPC_Sema_Status
 .text.__NVIC_EnableIRQ
                0x10083440       0x3c .\CortexM4\ARM_GCC_541\Debug\cy_ipc_pipe.o
 .text.Cy_IPC_Drv_GetIpcBaseAddress
                0x1008347c       0x30 .\CortexM4\ARM_GCC_541\Debug\cy_ipc_pipe.o
 .text.Cy_IPC_Drv_GetIntrBaseAddr
                0x100834ac       0x30 .\CortexM4\ARM_GCC_541\Debug\cy_ipc_pipe.o
 .text.Cy_IPC_Drv_SetInterruptMask
                0x100834dc       0x50 .\CortexM4\ARM_GCC_541\Debug\cy_ipc_pipe.o
 .text.Cy_IPC_Drv_GetInterruptStatusMasked
                0x1008352c       0x18 .\CortexM4\ARM_GCC_541\Debug\cy_ipc_pipe.o
 .text.Cy_IPC_Drv_GetInterruptStatus
                0x10083544       0x18 .\CortexM4\ARM_GCC_541\Debug\cy_ipc_pipe.o
 .text.Cy_IPC_Drv_ClearInterrupt
                0x1008355c       0x54 .\CortexM4\ARM_GCC_541\Debug\cy_ipc_pipe.o
 .text.Cy_IPC_Drv_AcquireNotify
                0x100835b0       0x34 .\CortexM4\ARM_GCC_541\Debug\cy_ipc_pipe.o
 .text.Cy_IPC_Drv_WriteDataValue
                0x100835e4       0x1c .\CortexM4\ARM_GCC_541\Debug\cy_ipc_pipe.o
 .text.Cy_IPC_Drv_IsLockAcquired
                0x10083600       0x20 .\CortexM4\ARM_GCC_541\Debug\cy_ipc_pipe.o
 .text.Cy_IPC_Drv_ExtractAcquireMask
                0x10083620       0x18 .\CortexM4\ARM_GCC_541\Debug\cy_ipc_pipe.o
 .text.Cy_IPC_Drv_ExtractReleaseMask
                0x10083638       0x18 .\CortexM4\ARM_GCC_541\Debug\cy_ipc_pipe.o
 .text.Cy_IPC_Drv_ReadMsgPtr
                0x10083650       0x30 .\CortexM4\ARM_GCC_541\Debug\cy_ipc_pipe.o
 .text.Cy_IPC_Drv_LockAcquire
                0x10083680       0x2c .\CortexM4\ARM_GCC_541\Debug\cy_ipc_pipe.o
 .text.Cy_IPC_Pipe_Config
                0x100836ac       0x28 .\CortexM4\ARM_GCC_541\Debug\cy_ipc_pipe.o
                0x100836ac                Cy_IPC_Pipe_Config
 .text.Cy_IPC_Pipe_Init
                0x100836d4       0xe8 .\CortexM4\ARM_GCC_541\Debug\cy_ipc_pipe.o
                0x100836d4                Cy_IPC_Pipe_Init
 .text.Cy_IPC_Pipe_EndpointInit
                0x100837bc       0xbc .\CortexM4\ARM_GCC_541\Debug\cy_ipc_pipe.o
                0x100837bc                Cy_IPC_Pipe_EndpointInit
 .text.Cy_IPC_Pipe_SendMessage
                0x10083878      0x114 .\CortexM4\ARM_GCC_541\Debug\cy_ipc_pipe.o
                0x10083878                Cy_IPC_Pipe_SendMessage
 .text.Cy_IPC_Pipe_RegisterCallback
                0x1008398c       0x88 .\CortexM4\ARM_GCC_541\Debug\cy_ipc_pipe.o
                0x1008398c                Cy_IPC_Pipe_RegisterCallback
 .text.Cy_IPC_Pipe_ExecuteCallback
                0x10083a14       0x50 .\CortexM4\ARM_GCC_541\Debug\cy_ipc_pipe.o
                0x10083a14                Cy_IPC_Pipe_ExecuteCallback
 .text.Cy_IPC_Pipe_ExecCallback
                0x10083a64      0x150 .\CortexM4\ARM_GCC_541\Debug\cy_ipc_pipe.o
                0x10083a64                Cy_IPC_Pipe_ExecCallback
 .text.Cy_TCPWM_Counter_Init
                0x10083bb4      0x1a4 .\CortexM4\ARM_GCC_541\Debug\cy_tcpwm_counter.o
                0x10083bb4                Cy_TCPWM_Counter_Init
 .text.Cy_TCPWM_PWM_Init
                0x10083d58      0x248 .\CortexM4\ARM_GCC_541\Debug\cy_tcpwm_pwm.o
                0x10083d58                Cy_TCPWM_PWM_Init
 .text.Cy_SCB_WriteTxFifo
                0x10083fa0       0x20 .\CortexM4\ARM_GCC_541\Debug\cy_scb_common.o
 .text.Cy_SCB_GetNumInTxFifo
                0x10083fc0       0x20 .\CortexM4\ARM_GCC_541\Debug\cy_scb_common.o
 .text.Cy_SCB_GetFifoSize
                0x10083fe0       0x28 .\CortexM4\ARM_GCC_541\Debug\cy_scb_common.o
 .text.Cy_SCB_IsTxDataWidthByte
                0x10084008       0x28 .\CortexM4\ARM_GCC_541\Debug\cy_scb_common.o
 .text.Cy_SCB_Write
                0x10084030       0x38 .\CortexM4\ARM_GCC_541\Debug\cy_scb_common.o
                0x10084030                Cy_SCB_Write
 .text.Cy_SCB_WriteArrayNoCheck
                0x10084068       0x74 .\CortexM4\ARM_GCC_541\Debug\cy_scb_common.o
                0x10084068                Cy_SCB_WriteArrayNoCheck
 .text.Cy_SCB_WriteArray
                0x100840dc       0x40 .\CortexM4\ARM_GCC_541\Debug\cy_scb_common.o
                0x100840dc                Cy_SCB_WriteArray
 .text.Cy_SCB_WriteArrayBlocking
                0x1008411c       0x54 .\CortexM4\ARM_GCC_541\Debug\cy_scb_common.o
                0x1008411c                Cy_SCB_WriteArrayBlocking
 .text.Cy_SCB_SetRxInterruptMask
                0x10084170       0x38 .\CortexM4\ARM_GCC_541\Debug\cy_scb_spi.o
 .text.Cy_SCB_SetTxInterruptMask
                0x100841a8       0x38 .\CortexM4\ARM_GCC_541\Debug\cy_scb_spi.o
 .text.Cy_SCB_GetFifoSize
                0x100841e0       0x28 .\CortexM4\ARM_GCC_541\Debug\cy_scb_spi.o
 .text.CY_SCB_SPI_GetSclkMode
                0x10084208       0x50 .\CortexM4\ARM_GCC_541\Debug\cy_scb_spi.o
 .text.Cy_SCB_SPI_Init
                0x10084258      0x368 .\CortexM4\ARM_GCC_541\Debug\cy_scb_spi.o
                0x10084258                Cy_SCB_SPI_Init
 .text.Cy_SCB_SPI_Disable
                0x100845c0       0x50 .\CortexM4\ARM_GCC_541\Debug\cy_scb_spi.o
                0x100845c0                Cy_SCB_SPI_Disable
 .text.__NVIC_EnableIRQ
                0x10084610       0x3c .\CortexM4\ARM_GCC_541\Debug\cy_flash.o
 .text.Cy_SysClk_ClkPeriGetDivider
                0x1008464c       0x20 .\CortexM4\ARM_GCC_541\Debug\cy_flash.o
 .text.Cy_SysClk_ClkSlowGetDivider
                0x1008466c       0x20 .\CortexM4\ARM_GCC_541\Debug\cy_flash.o
 .text.Cy_IPC_Drv_GetIpcBaseAddress
                0x1008468c       0x30 .\CortexM4\ARM_GCC_541\Debug\cy_flash.o
 .text.Cy_IPC_Drv_ReadDataValue
                0x100846bc       0x18 .\CortexM4\ARM_GCC_541\Debug\cy_flash.o
 .text.Cy_IPC_Drv_IsLockAcquired
                0x100846d4       0x20 .\CortexM4\ARM_GCC_541\Debug\cy_flash.o
 .text.Cy_IPC_Drv_SendMsgPtr
                0x100846f4       0x38 .\CortexM4\ARM_GCC_541\Debug\cy_flash.o
 .text.Cy_Flash_Init
                0x1008472c       0x3c .\CortexM4\ARM_GCC_541\Debug\cy_flash.o
                0x1008472c                Cy_Flash_Init
 .text.Cy_Flash_ProcessOpcode
                0x10084768       0xf8 .\CortexM4\ARM_GCC_541\Debug\cy_flash.o
 .text.Cy_Flash_OperationStatus
                0x10084860       0x64 .\CortexM4\ARM_GCC_541\Debug\cy_flash.o
 .text.Cy_SysLib_Delay
                0x100848c4       0x44 .\CortexM4\ARM_GCC_541\Debug\cy_syslib.o
                0x100848c4                Cy_SysLib_Delay
 .text.Cy_SysLib_Halt
                0x10084908        0xc .\CortexM4\ARM_GCC_541\Debug\cy_syslib.o
                0x10084908                Cy_SysLib_Halt
 .text.Cy_SysLib_AssertFailed
                0x10084914       0x28 .\CortexM4\ARM_GCC_541\Debug\cy_syslib.o
                0x10084914                Cy_SysLib_AssertFailed
 .text.Cy_SysLib_FaultHandler
                0x1008493c      0x11c .\CortexM4\ARM_GCC_541\Debug\cy_syslib.o
                0x1008493c                Cy_SysLib_FaultHandler
 .text.Cy_SysLib_ProcessingFault
                0x10084a58        0x8 .\CortexM4\ARM_GCC_541\Debug\cy_syslib.o
                0x10084a58                Cy_SysLib_ProcessingFault
 .text          0x10084a60       0x20 .\CortexM4\ARM_GCC_541\Debug\cy_syslib_gcc.o
                0x10084a60                Cy_SysLib_DelayCycles
                0x10084a72                Cy_SysLib_EnterCriticalSection
                0x10084a7a                Cy_SysLib_ExitCriticalSection
 .text.Cy_SysTick_EnableInterrupt
                0x10084a80       0x20 .\CortexM4\ARM_GCC_541\Debug\cy_systick.o
 .text.Cy_SysTick_SetReload
                0x10084aa0       0x24 .\CortexM4\ARM_GCC_541\Debug\cy_systick.o
 .text.Cy_SysTick_Clear
                0x10084ac4       0x18 .\CortexM4\ARM_GCC_541\Debug\cy_systick.o
 .text.Cy_SysTick_GetCountFlag
                0x10084adc       0x1c .\CortexM4\ARM_GCC_541\Debug\cy_systick.o
 .text.Cy_SysTick_Init
                0x10084af8       0x58 .\CortexM4\ARM_GCC_541\Debug\cy_systick.o
                0x10084af8                Cy_SysTick_Init
 .text.Cy_SysTick_Enable
                0x10084b50       0x1c .\CortexM4\ARM_GCC_541\Debug\cy_systick.o
                0x10084b50                Cy_SysTick_Enable
 .text.Cy_SysTick_SetClockSource
                0x10084b6c       0x4c .\CortexM4\ARM_GCC_541\Debug\cy_systick.o
                0x10084b6c                Cy_SysTick_SetClockSource
 .text.Cy_SysTick_SetCallback
                0x10084bb8       0x3c .\CortexM4\ARM_GCC_541\Debug\cy_systick.o
                0x10084bb8                Cy_SysTick_SetCallback
 .text.Cy_SysTick_GetCallback
                0x10084bf4       0x30 .\CortexM4\ARM_GCC_541\Debug\cy_systick.o
                0x10084bf4                Cy_SysTick_GetCallback
 .text.Cy_SysTick_ServiceCallbacks
                0x10084c24       0x44 .\CortexM4\ARM_GCC_541\Debug\cy_systick.o
 .text.Cy_TCPWM_Enable_Multiple
                0x10084c68       0x1c .\CortexM4\ARM_GCC_541\Debug\PWM.o
 .text.Cy_TCPWM_TriggerStart
                0x10084c84       0x1c .\CortexM4\ARM_GCC_541\Debug\PWM.o
 .text.PWM_Start
                0x10084ca0       0x3c .\CortexM4\ARM_GCC_541\Debug\PWM.o
                0x10084ca0                PWM_Start
 .text.Status_Button2_Read
                0x10084cdc       0x18 .\CortexM4\ARM_GCC_541\Debug\Status_Button2.o
                0x10084cdc                Status_Button2_Read
 .text.Status_Button3_Read
                0x10084cf4       0x18 .\CortexM4\ARM_GCC_541\Debug\Status_Button3.o
                0x10084cf4                Status_Button3_Read
 .text.Status_Button1_Read
                0x10084d0c       0x18 .\CortexM4\ARM_GCC_541\Debug\Status_Button1.o
                0x10084d0c                Status_Button1_Read
 .text._PushFreeBlock
                0x10084d24       0x20 Generated_Source\PSoC6\pdl\middleware\emWin\libs\libemWin_nosnts_gcc.a(GUI_Alloc.o)
 .text._RemoveFreeBlock
                0x10084d44       0x44 Generated_Source\PSoC6\pdl\middleware\emWin\libs\libemWin_nosnts_gcc.a(GUI_Alloc.o)
 .text._AddFreeMemory
                0x10084d88       0xa8 Generated_Source\PSoC6\pdl\middleware\emWin\libs\libemWin_nosnts_gcc.a(GUI_Alloc.o)
 .text._RemoveHoles
                0x10084e30       0x94 Generated_Source\PSoC6\pdl\middleware\emWin\libs\libemWin_nosnts_gcc.a(GUI_Alloc.o)
 .text.GUI_ALLOC_FreeFixedBlock
                0x10084ec4       0x18 Generated_Source\PSoC6\pdl\middleware\emWin\libs\libemWin_nosnts_gcc.a(GUI_Alloc.o)
                0x10084ec4                GUI_ALLOC_FreeFixedBlock
 .text.GUI_ALLOC_h2p
                0x10084edc       0x14 Generated_Source\PSoC6\pdl\middleware\emWin\libs\libemWin_nosnts_gcc.a(GUI_Alloc.o)
                0x10084edc                GUI_ALLOC_h2p
 .text.GUI_ALLOC_LockH
                0x10084ef0       0x20 Generated_Source\PSoC6\pdl\middleware\emWin\libs\libemWin_nosnts_gcc.a(GUI_Alloc.o)
                0x10084ef0                GUI_ALLOC_LockH
 .text.GUI_ALLOC_UnlockH
                0x10084f10       0x30 Generated_Source\PSoC6\pdl\middleware\emWin\libs\libemWin_nosnts_gcc.a(GUI_Alloc.o)
                0x10084f10                GUI_ALLOC_UnlockH
 .text.GUI_ALLOC_AssignMemory
                0x10084f40       0x10 Generated_Source\PSoC6\pdl\middleware\emWin\libs\libemWin_nosnts_gcc.a(GUI_Alloc.o)
                0x10084f40                GUI_ALLOC_AssignMemory
 .text.GUI_ALLOC_Free
                0x10084f50       0x24 Generated_Source\PSoC6\pdl\middleware\emWin\libs\libemWin_nosnts_gcc.a(GUI_Alloc.o)
                0x10084f50                GUI_ALLOC_Free
 .text._EnlargeBlocks
                0x10084f74       0x98 Generated_Source\PSoC6\pdl\middleware\emWin\libs\libemWin_nosnts_gcc.a(GUI_Alloc.o)
 .text._InitOnce
                0x1008500c       0x6c Generated_Source\PSoC6\pdl\middleware\emWin\libs\libemWin_nosnts_gcc.a(GUI_Alloc.o)
 .text.GUI_ALLOC_GetFixedBlock
                0x10085078       0xb8 Generated_Source\PSoC6\pdl\middleware\emWin\libs\libemWin_nosnts_gcc.a(GUI_Alloc.o)
                0x10085078                GUI_ALLOC_GetFixedBlock
 .text._Alloc   0x10085130      0x100 Generated_Source\PSoC6\pdl\middleware\emWin\libs\libemWin_nosnts_gcc.a(GUI_Alloc.o)
 .text.GUI_ALLOC_AllocNoInit
                0x10085230       0x12 Generated_Source\PSoC6\pdl\middleware\emWin\libs\libemWin_nosnts_gcc.a(GUI_Alloc.o)
                0x10085230                GUI_ALLOC_AllocNoInit
 *fill*         0x10085242        0x2 
 .text.GUI_ALLOC_AllocZero
                0x10085244       0x2c Generated_Source\PSoC6\pdl\middleware\emWin\libs\libemWin_nosnts_gcc.a(GUI_Alloc.o)
                0x10085244                GUI_ALLOC_AllocZero
 .text.GUIMONO_DispChar
                0x10085270      0x14c Generated_Source\PSoC6\pdl\middleware\emWin\libs\libemWin_nosnts_gcc.a(GUI_CharM.o)
                0x10085270                GUIMONO_DispChar
 .text.GUIMONO_GetCharDistX
                0x100853bc       0x18 Generated_Source\PSoC6\pdl\middleware\emWin\libs\libemWin_nosnts_gcc.a(GUI_CharM.o)
                0x100853bc                GUIMONO_GetCharDistX
 .text.GUIMONO_GetFontInfo
                0x100853d4        0x6 Generated_Source\PSoC6\pdl\middleware\emWin\libs\libemWin_nosnts_gcc.a(GUI_CharM.o)
                0x100853d4                GUIMONO_GetFontInfo
 .text.GUIMONO_IsInFont
                0x100853da       0x36 Generated_Source\PSoC6\pdl\middleware\emWin\libs\libemWin_nosnts_gcc.a(GUI_CharM.o)
                0x100853da                GUIMONO_IsInFont
 .text.GUIPROP__FindChar
                0x10085410       0x16 Generated_Source\PSoC6\pdl\middleware\emWin\libs\libemWin_nosnts_gcc.a(GUI_CharP.o)
                0x10085410                GUIPROP__FindChar
 *fill*         0x10085426        0x2 
 .text.GUIPROP_DispChar
                0x10085428       0xd4 Generated_Source\PSoC6\pdl\middleware\emWin\libs\libemWin_nosnts_gcc.a(GUI_CharP.o)
                0x10085428                GUIPROP_DispChar
 .text.GUIPROP_GetCharDistX
                0x100854fc       0x38 Generated_Source\PSoC6\pdl\middleware\emWin\libs\libemWin_nosnts_gcc.a(GUI_CharP.o)
                0x100854fc                GUIPROP_GetCharDistX
 .text.GUIPROP_GetFontInfo
                0x10085534        0x6 Generated_Source\PSoC6\pdl\middleware\emWin\libs\libemWin_nosnts_gcc.a(GUI_CharP.o)
                0x10085534                GUIPROP_GetFontInfo
 .text.GUIPROP_IsInFont
                0x1008553a       0x10 Generated_Source\PSoC6\pdl\middleware\emWin\libs\libemWin_nosnts_gcc.a(GUI_CharP.o)
                0x1008553a                GUIPROP_IsInFont
 *fill*         0x1008554a        0x2 
 .text._DrawTextLine
                0x1008554c       0x98 Generated_Source\PSoC6\pdl\middleware\emWin\libs\libemWin_nosnts_gcc.a(GUI_Common.o)
 .text._cbDrawTextLine
                0x100855e4       0x18 Generated_Source\PSoC6\pdl\middleware\emWin\libs\libemWin_nosnts_gcc.a(GUI_Common.o)
 .text._cbDrawTextStyle
                0x100855fc       0x24 Generated_Source\PSoC6\pdl\middleware\emWin\libs\libemWin_nosnts_gcc.a(GUI_Common.o)
 .text.GUI_CalcColorDist
                0x10085620       0x54 Generated_Source\PSoC6\pdl\middleware\emWin\libs\libemWin_nosnts_gcc.a(GUI_Common.o)
                0x10085620                GUI_CalcColorDist
 .text.GUI_GetBkColor
                0x10085674        0xc Generated_Source\PSoC6\pdl\middleware\emWin\libs\libemWin_nosnts_gcc.a(GUI_Common.o)
                0x10085674                GUI_GetBkColor
 .text.GUI_GetColor
                0x10085680        0xc Generated_Source\PSoC6\pdl\middleware\emWin\libs\libemWin_nosnts_gcc.a(GUI_Common.o)
                0x10085680                GUI_GetColor
 .text.GUI_MergeRect
                0x1008568c       0x62 Generated_Source\PSoC6\pdl\middleware\emWin\libs\libemWin_nosnts_gcc.a(GUI_Common.o)
                0x1008568c                GUI_MergeRect
 .text.GUI_MoveRect
                0x100856ee       0x22 Generated_Source\PSoC6\pdl\middleware\emWin\libs\libemWin_nosnts_gcc.a(GUI_Common.o)
                0x100856ee                GUI_MoveRect
 .text.GUI_GotoXY
                0x10085710       0x10 Generated_Source\PSoC6\pdl\middleware\emWin\libs\libemWin_nosnts_gcc.a(GUI_Common.o)
                0x10085710                GUI_GotoXY
 .text.GUI_RectsIntersect
                0x10085720       0x3c Generated_Source\PSoC6\pdl\middleware\emWin\libs\libemWin_nosnts_gcc.a(GUI_Common.o)
                0x10085720                GUI_RectsIntersect
 .text.GUI_SelectLCD
                0x1008575c       0x10 Generated_Source\PSoC6\pdl\middleware\emWin\libs\libemWin_nosnts_gcc.a(GUI_Common.o)
                0x1008575c                GUI_SelectLCD
 .text.GUI_SetBkColor
                0x1008576c        0x8 Generated_Source\PSoC6\pdl\middleware\emWin\libs\libemWin_nosnts_gcc.a(GUI_Common.o)
                0x1008576c                GUI_SetBkColor
 .text.GUI_SetColor
                0x10085774        0x8 Generated_Source\PSoC6\pdl\middleware\emWin\libs\libemWin_nosnts_gcc.a(GUI_Common.o)
                0x10085774                GUI_SetColor
 .text.GUI_SetFont
                0x1008577c       0x14 Generated_Source\PSoC6\pdl\middleware\emWin\libs\libemWin_nosnts_gcc.a(GUI_Common.o)
                0x1008577c                GUI_SetFont
 .text.GUI_SetOrg
                0x10085790       0x34 Generated_Source\PSoC6\pdl\middleware\emWin\libs\libemWin_nosnts_gcc.a(GUI_Common.o)
                0x10085790                GUI_SetOrg
 .text.GUI_SetTextAlign
                0x100857c4       0x14 Generated_Source\PSoC6\pdl\middleware\emWin\libs\libemWin_nosnts_gcc.a(GUI_Common.o)
                0x100857c4                GUI_SetTextAlign
 .text.GUI_SetTextMode
                0x100857d8       0x14 Generated_Source\PSoC6\pdl\middleware\emWin\libs\libemWin_nosnts_gcc.a(GUI_Common.o)
                0x100857d8                GUI_SetTextMode
 .text.GUI_SetTextStyle
                0x100857ec       0x38 Generated_Source\PSoC6\pdl\middleware\emWin\libs\libemWin_nosnts_gcc.a(GUI_Common.o)
                0x100857ec                GUI_SetTextStyle
 .text._OnExit  0x10085824       0x44 Generated_Source\PSoC6\pdl\middleware\emWin\libs\libemWin_nosnts_gcc.a(GUI_Core.o)
 .text.GUI_SetDefaultFont
                0x10085868        0xc Generated_Source\PSoC6\pdl\middleware\emWin\libs\libemWin_nosnts_gcc.a(GUI_Core.o)
                0x10085868                GUI_SetDefaultFont
 .text.GUI_ClearRect
                0x10085874       0x5c Generated_Source\PSoC6\pdl\middleware\emWin\libs\libemWin_nosnts_gcc.a(GUI_Core.o)
                0x10085874                GUI_ClearRect
 .text.GUI_Clear
                0x100858d0       0x20 Generated_Source\PSoC6\pdl\middleware\emWin\libs\libemWin_nosnts_gcc.a(GUI_Core.o)
                0x100858d0                GUI_Clear
 .text.GUI__RegisterExit
                0x100858f0       0x10 Generated_Source\PSoC6\pdl\middleware\emWin\libs\libemWin_nosnts_gcc.a(GUI_Core.o)
                0x100858f0                GUI__RegisterExit
 .text.GUI__Config
                0x10085900       0x30 Generated_Source\PSoC6\pdl\middleware\emWin\libs\libemWin_nosnts_gcc.a(GUI_Core.o)
                0x10085900                GUI__Config
 .text.GUI_Init
                0x10085930       0xf8 Generated_Source\PSoC6\pdl\middleware\emWin\libs\libemWin_nosnts_gcc.a(GUI_Core.o)
                0x10085930                GUI_Init
 .text.GUI_DEVICE__GetpDriver
                0x10085a28       0x24 Generated_Source\PSoC6\pdl\middleware\emWin\libs\libemWin_nosnts_gcc.a(GUI_Device.o)
                0x10085a28                GUI_DEVICE__GetpDriver
 .text.GUI_DEVICE_Delete
                0x10085a4c        0x8 Generated_Source\PSoC6\pdl\middleware\emWin\libs\libemWin_nosnts_gcc.a(GUI_Device.o)
                0x10085a4c                GUI_DEVICE_Delete
 .text.GUI_DEVICE_Create
                0x10085a54       0x50 Generated_Source\PSoC6\pdl\middleware\emWin\libs\libemWin_nosnts_gcc.a(GUI_Device.o)
                0x10085a54                GUI_DEVICE_Create
 .text.GUI_DEVICE_Unlink
                0x10085aa4       0x38 Generated_Source\PSoC6\pdl\middleware\emWin\libs\libemWin_nosnts_gcc.a(GUI_Device.o)
                0x10085aa4                GUI_DEVICE_Unlink
 .text.GUI_DEVICE_Link
                0x10085adc       0x8c Generated_Source\PSoC6\pdl\middleware\emWin\libs\libemWin_nosnts_gcc.a(GUI_Device.o)
                0x10085adc                GUI_DEVICE_Link
 .text.GUI_DEVICE_CreateAndLink
                0x10085b68       0x2c Generated_Source\PSoC6\pdl\middleware\emWin\libs\libemWin_nosnts_gcc.a(GUI_Device.o)
                0x10085b68                GUI_DEVICE_CreateAndLink
 .text.GUI_DispString
                0x10085b94      0x110 Generated_Source\PSoC6\pdl\middleware\emWin\libs\libemWin_nosnts_gcc.a(GUI_DispString.o)
                0x10085b94                GUI_DispString
 .text.GUI_DispStringAt
                0x10085ca4       0x14 Generated_Source\PSoC6\pdl\middleware\emWin\libs\libemWin_nosnts_gcc.a(GUI_DispString.o)
                0x10085ca4                GUI_DispStringAt
 .text._SetLineColor
                0x10085cb8       0x8c Generated_Source\PSoC6\pdl\middleware\emWin\libs\libemWin_nosnts_gcc.a(GUI_DrawLine.o)
 .text.GUI_sin  0x10085d44       0x5c Generated_Source\PSoC6\pdl\middleware\emWin\libs\libemWin_nosnts_gcc.a(GUI_DrawLine.o)
                0x10085d44                GUI_sin
 .text.GUI_cos  0x10085da0        0xe Generated_Source\PSoC6\pdl\middleware\emWin\libs\libemWin_nosnts_gcc.a(GUI_DrawLine.o)
                0x10085da0                GUI_cos
 *fill*         0x10085dae        0x2 
 .text.GL_DrawLine1Ex
                0x10085db0      0x1a8 Generated_Source\PSoC6\pdl\middleware\emWin\libs\libemWin_nosnts_gcc.a(GUI_DrawLine.o)
                0x10085db0                GL_DrawLine1Ex
 .text.GL_DrawLineEx
                0x10085f58      0x19c Generated_Source\PSoC6\pdl\middleware\emWin\libs\libemWin_nosnts_gcc.a(GUI_DrawLine.o)
                0x10085f58                GL_DrawLineEx
 .text.GL_DrawLine
                0x100860f4       0x10 Generated_Source\PSoC6\pdl\middleware\emWin\libs\libemWin_nosnts_gcc.a(GUI_DrawLine.o)
                0x100860f4                GL_DrawLine
 .text.GUI_DrawLine
                0x10086104       0x38 Generated_Source\PSoC6\pdl\middleware\emWin\libs\libemWin_nosnts_gcc.a(GUI_DrawLine.o)
                0x10086104                GUI_DrawLine
 .text._Add     0x1008613c       0x4c Generated_Source\PSoC6\pdl\middleware\emWin\libs\libemWin_nosnts_gcc.a(GUI_FillPolygon.o)
 .text.GL_FillPolygon
                0x10086188      0x1d4 Generated_Source\PSoC6\pdl\middleware\emWin\libs\libemWin_nosnts_gcc.a(GUI_FillPolygon.o)
                0x10086188                GL_FillPolygon
 .text.GUI_StoreKey
                0x1008635c       0x18 Generated_Source\PSoC6\pdl\middleware\emWin\libs\libemWin_nosnts_gcc.a(GUI_OnKey.o)
                0x1008635c                GUI_StoreKey
 .text.GUI_UC__GetCharCodeInc
                0x10086374       0x28 Generated_Source\PSoC6\pdl\middleware\emWin\libs\libemWin_nosnts_gcc.a(GUI_UC.o)
                0x10086374                GUI_UC__GetCharCodeInc
 .text.GUI_UC__NumChars2NumBytes
                0x1008639c       0x28 Generated_Source\PSoC6\pdl\middleware\emWin\libs\libemWin_nosnts_gcc.a(GUI_UC.o)
                0x1008639c                GUI_UC__NumChars2NumBytes
 .text._GetCharCode
                0x100863c4        0x4 Generated_Source\PSoC6\pdl\middleware\emWin\libs\libemWin_nosnts_gcc.a(GUI_UC_EncodeNone.o)
 .text._GetCharSize
                0x100863c8        0x4 Generated_Source\PSoC6\pdl\middleware\emWin\libs\libemWin_nosnts_gcc.a(GUI_UC_EncodeNone.o)
 .text._CalcSizeOfChar
                0x100863cc        0x4 Generated_Source\PSoC6\pdl\middleware\emWin\libs\libemWin_nosnts_gcc.a(GUI_UC_EncodeNone.o)
 .text._Encode  0x100863d0        0x6 Generated_Source\PSoC6\pdl\middleware\emWin\libs\libemWin_nosnts_gcc.a(GUI_UC_EncodeNone.o)
 *fill*         0x100863d6        0x2 
 .text.GUI_SignalEvent
                0x100863d8       0x14 Generated_Source\PSoC6\pdl\middleware\emWin\libs\libemWin_nosnts_gcc.a(GUI_WaitEvent.o)
                0x100863d8                GUI_SignalEvent
 .text.LCD_Color2Index_1
                0x100863ec       0x28 Generated_Source\PSoC6\pdl\middleware\emWin\libs\libemWin_nosnts_gcc.a(GUICC_1.o)
 .text._Index2Color_1
                0x10086414        0xc Generated_Source\PSoC6\pdl\middleware\emWin\libs\libemWin_nosnts_gcc.a(GUICC_1.o)
 .text._GetIndexMask_1
                0x10086420        0x4 Generated_Source\PSoC6\pdl\middleware\emWin\libs\libemWin_nosnts_gcc.a(GUICC_1.o)
 .text._SetPixelIndex
                0x10086424       0x80 Generated_Source\PSoC6\pdl\middleware\emWin\libs\libemWin_nosnts_gcc.a(GUIDRV_BitPlains.o)
 .text._GetPixelIndex
                0x100864a4       0x5c Generated_Source\PSoC6\pdl\middleware\emWin\libs\libemWin_nosnts_gcc.a(GUIDRV_BitPlains.o)
 .text._XorPixel
                0x10086500       0x24 Generated_Source\PSoC6\pdl\middleware\emWin\libs\libemWin_nosnts_gcc.a(GUIDRV_BitPlains.o)
 .text._DrawHLine
                0x10086524      0x2b0 Generated_Source\PSoC6\pdl\middleware\emWin\libs\libemWin_nosnts_gcc.a(GUIDRV_BitPlains.o)
 .text._FillRect
                0x100867d4       0x22 Generated_Source\PSoC6\pdl\middleware\emWin\libs\libemWin_nosnts_gcc.a(GUIDRV_BitPlains.o)
 .text._GetRect
                0x100867f6       0x16 Generated_Source\PSoC6\pdl\middleware\emWin\libs\libemWin_nosnts_gcc.a(GUIDRV_BitPlains.o)
 .text._GetDevProp
                0x1008680c       0x46 Generated_Source\PSoC6\pdl\middleware\emWin\libs\libemWin_nosnts_gcc.a(GUIDRV_BitPlains.o)
 *fill*         0x10086852        0x2 
 .text._GetDevFunc
                0x10086854       0x14 Generated_Source\PSoC6\pdl\middleware\emWin\libs\libemWin_nosnts_gcc.a(GUIDRV_BitPlains.o)
 .text._GetDevData
                0x10086868       0x38 Generated_Source\PSoC6\pdl\middleware\emWin\libs\libemWin_nosnts_gcc.a(GUIDRV_BitPlains.o)
 .text._Off     0x100868a0        0xe Generated_Source\PSoC6\pdl\middleware\emWin\libs\libemWin_nosnts_gcc.a(GUIDRV_BitPlains.o)
 .text._On      0x100868ae        0xe Generated_Source\PSoC6\pdl\middleware\emWin\libs\libemWin_nosnts_gcc.a(GUIDRV_BitPlains.o)
 .text._SetOrg  0x100868bc       0x22 Generated_Source\PSoC6\pdl\middleware\emWin\libs\libemWin_nosnts_gcc.a(GUIDRV_BitPlains.o)
 *fill*         0x100868de        0x2 
 .text._DrawVLine
                0x100868e0       0x48 Generated_Source\PSoC6\pdl\middleware\emWin\libs\libemWin_nosnts_gcc.a(GUIDRV_BitPlains.o)
 .text._DrawBitmap
                0x10086928      0x8d8 Generated_Source\PSoC6\pdl\middleware\emWin\libs\libemWin_nosnts_gcc.a(GUIDRV_BitPlains.o)
 .text._InitOnce.isra.2
                0x10087200       0x2c Generated_Source\PSoC6\pdl\middleware\emWin\libs\libemWin_nosnts_gcc.a(GUIDRV_BitPlains.o)
 .text._Init    0x1008722c       0x1a Generated_Source\PSoC6\pdl\middleware\emWin\libs\libemWin_nosnts_gcc.a(GUIDRV_BitPlains.o)
 .text._SetSize
                0x10087246       0x3c Generated_Source\PSoC6\pdl\middleware\emWin\libs\libemWin_nosnts_gcc.a(GUIDRV_BitPlains.o)
 .text._SetVSize
                0x10087282       0x1c Generated_Source\PSoC6\pdl\middleware\emWin\libs\libemWin_nosnts_gcc.a(GUIDRV_BitPlains.o)
 .text._SetVRAMAddr
                0x1008729e       0x40 Generated_Source\PSoC6\pdl\middleware\emWin\libs\libemWin_nosnts_gcc.a(GUIDRV_BitPlains.o)
 .text.GUIDRV_BitPlains_Config
                0x100872de       0x18 Generated_Source\PSoC6\pdl\middleware\emWin\libs\libemWin_nosnts_gcc.a(GUIDRV_BitPlains.o)
                0x100872de                GUIDRV_BitPlains_Config
 *fill*         0x100872f6        0x2 
 .text._SetDrawMode
                0x100872f8       0x28 Generated_Source\PSoC6\pdl\middleware\emWin\libs\libemWin_nosnts_gcc.a(LCD.o)
 .text.LCD_SetDrawMode
                0x10087320       0x10 Generated_Source\PSoC6\pdl\middleware\emWin\libs\libemWin_nosnts_gcc.a(LCD.o)
                0x10087320                LCD_SetDrawMode
 .text.LCD_DrawPixel
                0x10087330       0x5c Generated_Source\PSoC6\pdl\middleware\emWin\libs\libemWin_nosnts_gcc.a(LCD.o)
                0x10087330                LCD_DrawPixel
 .text.LCD_DrawHLine
                0x1008738c       0x4c Generated_Source\PSoC6\pdl\middleware\emWin\libs\libemWin_nosnts_gcc.a(LCD.o)
                0x1008738c                LCD_DrawHLine
 .text.LCD_DrawVLine
                0x100873d8       0x4c Generated_Source\PSoC6\pdl\middleware\emWin\libs\libemWin_nosnts_gcc.a(LCD.o)
                0x100873d8                LCD_DrawVLine
 .text.LCD_FillRect
                0x10087424       0x54 Generated_Source\PSoC6\pdl\middleware\emWin\libs\libemWin_nosnts_gcc.a(LCD.o)
                0x10087424                LCD_FillRect
 .text.LCD__DrawBitmap_1bpp
                0x10087478      0x1cc Generated_Source\PSoC6\pdl\middleware\emWin\libs\libemWin_nosnts_gcc.a(LCD.o)
                0x10087478                LCD__DrawBitmap_1bpp
 .text.LCD_DrawBitmap
                0x10087644      0x20c Generated_Source\PSoC6\pdl\middleware\emWin\libs\libemWin_nosnts_gcc.a(LCD.o)
                0x10087644                LCD_DrawBitmap
 .text.LCD_SetClipRectMax
                0x10087850       0x20 Generated_Source\PSoC6\pdl\middleware\emWin\libs\libemWin_nosnts_gcc.a(LCD.o)
                0x10087850                LCD_SetClipRectMax
 .text.LCD_Init
                0x10087870       0x94 Generated_Source\PSoC6\pdl\middleware\emWin\libs\libemWin_nosnts_gcc.a(LCD.o)
                0x10087870                LCD_Init
 .text.LCD_Color2Index
                0x10087904       0x20 Generated_Source\PSoC6\pdl\middleware\emWin\libs\libemWin_nosnts_gcc.a(LCD.o)
                0x10087904                LCD_Color2Index
 .text.LCD_Index2Color
                0x10087924       0x20 Generated_Source\PSoC6\pdl\middleware\emWin\libs\libemWin_nosnts_gcc.a(LCD.o)
                0x10087924                LCD_Index2Color
 .text.LCD_SetColorIndex
                0x10087944       0x18 Generated_Source\PSoC6\pdl\middleware\emWin\libs\libemWin_nosnts_gcc.a(LCD.o)
                0x10087944                LCD_SetColorIndex
 .text._SetColor
                0x1008795c       0x1c Generated_Source\PSoC6\pdl\middleware\emWin\libs\libemWin_nosnts_gcc.a(LCD.o)
 .text.LCD_SetBkColorIndex
                0x10087978       0x18 Generated_Source\PSoC6\pdl\middleware\emWin\libs\libemWin_nosnts_gcc.a(LCD.o)
                0x10087978                LCD_SetBkColorIndex
 .text._SetBkColor
                0x10087990       0x1c Generated_Source\PSoC6\pdl\middleware\emWin\libs\libemWin_nosnts_gcc.a(LCD.o)
 .text.LCD_SetBkColor
                0x100879ac       0x10 Generated_Source\PSoC6\pdl\middleware\emWin\libs\libemWin_nosnts_gcc.a(LCD.o)
                0x100879ac                LCD_SetBkColor
 .text.LCD_SetColor
                0x100879bc       0x10 Generated_Source\PSoC6\pdl\middleware\emWin\libs\libemWin_nosnts_gcc.a(LCD.o)
                0x100879bc                LCD_SetColor
 .text._OnExit  0x100879cc       0x1c Generated_Source\PSoC6\pdl\middleware\emWin\libs\libemWin_nosnts_gcc.a(LCD_Color.o)
 .text.LCD_InitColors
                0x100879e8       0x40 Generated_Source\PSoC6\pdl\middleware\emWin\libs\libemWin_nosnts_gcc.a(LCD_Color.o)
                0x100879e8                LCD_InitColors
 .text.LCD_GetpPalConvTableUncached
                0x10087a28       0x68 Generated_Source\PSoC6\pdl\middleware\emWin\libs\libemWin_nosnts_gcc.a(LCD_Color.o)
                0x10087a28                LCD_GetpPalConvTableUncached
 .text.LCD_GetpPalConvTableBM
                0x10087a90        0x8 Generated_Source\PSoC6\pdl\middleware\emWin\libs\libemWin_nosnts_gcc.a(LCD_Color.o)
                0x10087a90                LCD_GetpPalConvTableBM
 .text.LCD_InitLUT
                0x10087a98       0x7c Generated_Source\PSoC6\pdl\middleware\emWin\libs\libemWin_nosnts_gcc.a(LCD_Color.o)
                0x10087a98                LCD_InitLUT
 .text.LCD_GetBkColorIndex
                0x10087b14       0x10 Generated_Source\PSoC6\pdl\middleware\emWin\libs\libemWin_nosnts_gcc.a(LCD_GetColorIndex.o)
                0x10087b14                LCD_GetBkColorIndex
 .text.LCD_GetColorIndex
                0x10087b24       0x10 Generated_Source\PSoC6\pdl\middleware\emWin\libs\libemWin_nosnts_gcc.a(LCD_GetColorIndex.o)
                0x10087b24                LCD_GetColorIndex
 .text._GetDevProp.part.0
                0x10087b34       0x16 Generated_Source\PSoC6\pdl\middleware\emWin\libs\libemWin_nosnts_gcc.a(LCD_GetEx.o)
 .text._GetDevProp
                0x10087b4a       0x12 Generated_Source\PSoC6\pdl\middleware\emWin\libs\libemWin_nosnts_gcc.a(LCD_GetEx.o)
 .text._GetMaxValue
                0x10087b5c       0x12 Generated_Source\PSoC6\pdl\middleware\emWin\libs\libemWin_nosnts_gcc.a(LCD_GetEx.o)
 .text.LCD_GetBitsPerPixelEx
                0x10087b6e        0xa Generated_Source\PSoC6\pdl\middleware\emWin\libs\libemWin_nosnts_gcc.a(LCD_GetEx.o)
                0x10087b6e                LCD_GetBitsPerPixelEx
 .text.LCD_GetNumColorsEx
                0x10087b78        0xa Generated_Source\PSoC6\pdl\middleware\emWin\libs\libemWin_nosnts_gcc.a(LCD_GetEx.o)
                0x10087b78                LCD_GetNumColorsEx
 .text.LCD_GetSwapXYEx
                0x10087b82        0xa Generated_Source\PSoC6\pdl\middleware\emWin\libs\libemWin_nosnts_gcc.a(LCD_GetEx.o)
                0x10087b82                LCD_GetSwapXYEx
 .text.LCD_GetNumColors
                0x10087b8c       0x14 Generated_Source\PSoC6\pdl\middleware\emWin\libs\libemWin_nosnts_gcc.a(LCD_GetEx.o)
                0x10087b8c                LCD_GetNumColors
 .text.LCD_GetSwapXY
                0x10087ba0       0x14 Generated_Source\PSoC6\pdl\middleware\emWin\libs\libemWin_nosnts_gcc.a(LCD_GetEx.o)
                0x10087ba0                LCD_GetSwapXY
 .text.GUI_GetBitsPerPixelEx
                0x10087bb4       0x18 Generated_Source\PSoC6\pdl\middleware\emWin\libs\libemWin_nosnts_gcc.a(LCD_GetEx.o)
                0x10087bb4                GUI_GetBitsPerPixelEx
 .text.LCD_GetPaletteEx
                0x10087bcc       0x14 Generated_Source\PSoC6\pdl\middleware\emWin\libs\libemWin_nosnts_gcc.a(LCD_GetEx.o)
                0x10087bcc                LCD_GetPaletteEx
 .text.LCD_GetPalette
                0x10087be0       0x14 Generated_Source\PSoC6\pdl\middleware\emWin\libs\libemWin_nosnts_gcc.a(LCD_GetEx.o)
                0x10087be0                LCD_GetPalette
 .text.GUI_GetpfIndex2ColorEx
                0x10087bf4       0x10 Generated_Source\PSoC6\pdl\middleware\emWin\libs\libemWin_nosnts_gcc.a(LCD_GetEx.o)
                0x10087bf4                GUI_GetpfIndex2ColorEx
 .text.GUI_GetpfColor2IndexEx
                0x10087c04       0x10 Generated_Source\PSoC6\pdl\middleware\emWin\libs\libemWin_nosnts_gcc.a(LCD_GetEx.o)
                0x10087c04                GUI_GetpfColor2IndexEx
 .text.LCD_GetXSizeMax
                0x10087c14        0xa Generated_Source\PSoC6\pdl\middleware\emWin\libs\libemWin_nosnts_gcc.a(LCD_GetEx.o)
                0x10087c14                LCD_GetXSizeMax
 .text.LCD_GetYSizeMax
                0x10087c1e        0xa Generated_Source\PSoC6\pdl\middleware\emWin\libs\libemWin_nosnts_gcc.a(LCD_GetEx.o)
                0x10087c1e                LCD_GetYSizeMax
 .text.LCD_SetDisplaySize
                0x10087c28        0xc Generated_Source\PSoC6\pdl\middleware\emWin\libs\libemWin_nosnts_gcc.a(LCD_GetEx.o)
                0x10087c28                LCD_SetDisplaySize
 .text.LCD_GetXSizeDisplay
                0x10087c34        0xc Generated_Source\PSoC6\pdl\middleware\emWin\libs\libemWin_nosnts_gcc.a(LCD_GetEx.o)
                0x10087c34                LCD_GetXSizeDisplay
 .text.LCD_GetYSizeDisplay
                0x10087c40        0xc Generated_Source\PSoC6\pdl\middleware\emWin\libs\libemWin_nosnts_gcc.a(LCD_GetEx.o)
                0x10087c40                LCD_GetYSizeDisplay
 .text.LCD__GetBPP
                0x10087c4c       0x72 Generated_Source\PSoC6\pdl\middleware\emWin\libs\libemWin_nosnts_gcc.a(LCD_GetEx.o)
                0x10087c4c                LCD__GetBPP
 .text.LCD__GetBPPDevice
                0x10087cbe       0x2a Generated_Source\PSoC6\pdl\middleware\emWin\libs\libemWin_nosnts_gcc.a(LCD_GetEx.o)
                0x10087cbe                LCD__GetBPPDevice
 .text.LCD_GetNumLayers
                0x10087ce8        0xe Generated_Source\PSoC6\pdl\middleware\emWin\libs\libemWin_nosnts_gcc.a(LCD_GetNumDisplays.o)
                0x10087ce8                LCD_GetNumLayers
 *fill*         0x10087cf6        0x2 
 .text.LCD_SelectLCD
                0x10087cf8       0x44 Generated_Source\PSoC6\pdl\middleware\emWin\libs\libemWin_nosnts_gcc.a(LCD_SelectLCD.o)
                0x10087cf8                LCD_SelectLCD
 .text.LCD_SetLUTEntryEx
                0x10087d3c       0x2e Generated_Source\PSoC6\pdl\middleware\emWin\libs\libemWin_nosnts_gcc.a(LCD_Set.o)
                0x10087d3c                LCD_SetLUTEntryEx
 .text.LCD_SetSizeEx
                0x10087d6a       0x2e Generated_Source\PSoC6\pdl\middleware\emWin\libs\libemWin_nosnts_gcc.a(LCD_Set.o)
                0x10087d6a                LCD_SetSizeEx
 .text.LCD_SetVRAMAddrEx
                0x10087d98       0x2a Generated_Source\PSoC6\pdl\middleware\emWin\libs\libemWin_nosnts_gcc.a(LCD_Set.o)
                0x10087d98                LCD_SetVRAMAddrEx
 .text.LCD_SetVSizeEx
                0x10087dc2       0x2e Generated_Source\PSoC6\pdl\middleware\emWin\libs\libemWin_nosnts_gcc.a(LCD_Set.o)
                0x10087dc2                LCD_SetVSizeEx
 .text.LCD_UpdateColorIndices
                0x10087df0       0x24 Generated_Source\PSoC6\pdl\middleware\emWin\libs\libemWin_nosnts_gcc.a(LCD_UpdateColorIndices.o)
                0x10087df0                LCD_UpdateColorIndices
 .text._OnExit  0x10087e14       0x88 Generated_Source\PSoC6\pdl\middleware\emWin\libs\libemWin_nosnts_gcc.a(WM.o)
 .text._Findy1  0x10087e9c       0xb4 Generated_Source\PSoC6\pdl\middleware\emWin\libs\libemWin_nosnts_gcc.a(WM.o)
 .text._Findx0  0x10087f50       0x8a Generated_Source\PSoC6\pdl\middleware\emWin\libs\libemWin_nosnts_gcc.a(WM.o)
 .text._Findx1  0x10087fda       0x7c Generated_Source\PSoC6\pdl\middleware\emWin\libs\libemWin_nosnts_gcc.a(WM.o)
 *fill*         0x10088056        0x2 
 .text.WM__ClipAtParentBorders
                0x10088058       0x54 Generated_Source\PSoC6\pdl\middleware\emWin\libs\libemWin_nosnts_gcc.a(WM.o)
                0x10088058                WM__ClipAtParentBorders
 .text.WM__InsertWindowIntoList
                0x100880ac       0xaa Generated_Source\PSoC6\pdl\middleware\emWin\libs\libemWin_nosnts_gcc.a(WM.o)
                0x100880ac                WM__InsertWindowIntoList
 .text.WM__Client2Screen
                0x10088156       0x14 Generated_Source\PSoC6\pdl\middleware\emWin\libs\libemWin_nosnts_gcc.a(WM.o)
                0x10088156                WM__Client2Screen
 *fill*         0x1008816a        0x2 
 .text._SetClipRectUserIntersect
                0x1008816c       0x50 Generated_Source\PSoC6\pdl\middleware\emWin\libs\libemWin_nosnts_gcc.a(WM.o)
 .text.WM__ActivateClipRect
                0x100881bc       0x50 Generated_Source\PSoC6\pdl\middleware\emWin\libs\libemWin_nosnts_gcc.a(WM.o)
                0x100881bc                WM__ActivateClipRect
 .text.WM__InvalidateDrawAndDescs
                0x1008820c       0x54 Generated_Source\PSoC6\pdl\middleware\emWin\libs\libemWin_nosnts_gcc.a(WM.o)
                0x1008820c                WM__InvalidateDrawAndDescs
 .text.WM__RectIsNZ
                0x10088260       0x22 Generated_Source\PSoC6\pdl\middleware\emWin\libs\libemWin_nosnts_gcc.a(WM.o)
                0x10088260                WM__RectIsNZ
 *fill*         0x10088282        0x2 
 .text._Invalidate1Abs
                0x10088284       0x88 Generated_Source\PSoC6\pdl\middleware\emWin\libs\libemWin_nosnts_gcc.a(WM.o)
 .text.WM__Invalidate1Abs
                0x1008830c        0xa Generated_Source\PSoC6\pdl\middleware\emWin\libs\libemWin_nosnts_gcc.a(WM.o)
                0x1008830c                WM__Invalidate1Abs
 .text.WM_InvalidateWindowAndDescsEx
                0x10088316       0x60 Generated_Source\PSoC6\pdl\middleware\emWin\libs\libemWin_nosnts_gcc.a(WM.o)
                0x10088316                WM_InvalidateWindowAndDescsEx
 *fill*         0x10088376        0x2 
 .text.WM__InvalidateRect
                0x10088378       0x80 Generated_Source\PSoC6\pdl\middleware\emWin\libs\libemWin_nosnts_gcc.a(WM.o)
                0x10088378                WM__InvalidateRect
 .text.WM__InvalidateRectEx
                0x100883f8        0xa Generated_Source\PSoC6\pdl\middleware\emWin\libs\libemWin_nosnts_gcc.a(WM.o)
                0x100883f8                WM__InvalidateRectEx
 .text.WM__SendMsgNoData
                0x10088402       0x10 Generated_Source\PSoC6\pdl\middleware\emWin\libs\libemWin_nosnts_gcc.a(WM.o)
                0x10088402                WM__SendMsgNoData
 .text.WM__GetClientRectWin
                0x10088412       0x18 Generated_Source\PSoC6\pdl\middleware\emWin\libs\libemWin_nosnts_gcc.a(WM.o)
                0x10088412                WM__GetClientRectWin
 *fill*         0x1008842a        0x2 
 .text.WM_InvalidateRect
                0x1008842c       0x80 Generated_Source\PSoC6\pdl\middleware\emWin\libs\libemWin_nosnts_gcc.a(WM.o)
                0x1008842c                WM_InvalidateRect
 .text.WM_InvalidateWindow
                0x100884ac        0xa Generated_Source\PSoC6\pdl\middleware\emWin\libs\libemWin_nosnts_gcc.a(WM.o)
                0x100884ac                WM_InvalidateWindow
 *fill*         0x100884b6        0x2 
 .text.WM_SelectWindow
                0x100884b8       0x38 Generated_Source\PSoC6\pdl\middleware\emWin\libs\libemWin_nosnts_gcc.a(WM.o)
                0x100884b8                WM_SelectWindow
 .text.WM_CreateWindowAsChild
                0x100884f0      0x144 Generated_Source\PSoC6\pdl\middleware\emWin\libs\libemWin_nosnts_gcc.a(WM.o)
                0x100884f0                WM_CreateWindowAsChild
 .text.WM_CreateWindow
                0x10088634       0x1a Generated_Source\PSoC6\pdl\middleware\emWin\libs\libemWin_nosnts_gcc.a(WM.o)
                0x10088634                WM_CreateWindow
 *fill*         0x1008864e        0x2 
 .text.WM__GetNextIVR
                0x10088650      0x160 Generated_Source\PSoC6\pdl\middleware\emWin\libs\libemWin_nosnts_gcc.a(WM.o)
                0x10088650                WM__GetNextIVR
 .text.WM__InitIVRSearch
                0x100887b0      0x100 Generated_Source\PSoC6\pdl\middleware\emWin\libs\libemWin_nosnts_gcc.a(WM.o)
                0x100887b0                WM__InitIVRSearch
 .text.WM_Activate
                0x100888b0       0x10 Generated_Source\PSoC6\pdl\middleware\emWin\libs\libemWin_nosnts_gcc.a(WM.o)
                0x100888b0                WM_Activate
 .text.WM_DefaultProc
                0x100888c0       0x48 Generated_Source\PSoC6\pdl\middleware\emWin\libs\libemWin_nosnts_gcc.a(WM.o)
                0x100888c0                WM_DefaultProc
 .text._cbBackWin
                0x10088908       0x44 Generated_Source\PSoC6\pdl\middleware\emWin\libs\libemWin_nosnts_gcc.a(WM.o)
 .text.WM_Init  0x1008894c       0xa4 Generated_Source\PSoC6\pdl\middleware\emWin\libs\libemWin_nosnts_gcc.a(WM.o)
                0x1008894c                WM_Init
 .text.WM__GetFirstSibling
                0x100889f0       0x16 Generated_Source\PSoC6\pdl\middleware\emWin\libs\libemWin_nosnts_gcc.a(WM__Private.o)
                0x100889f0                WM__GetFirstSibling
 .text.WM__GetPrevSibling
                0x10088a06       0x28 Generated_Source\PSoC6\pdl\middleware\emWin\libs\libemWin_nosnts_gcc.a(WM__Private.o)
                0x10088a06                WM__GetPrevSibling
 *fill*         0x10088a2e        0x2 
 .text.WM__SendMessage
                0x10088a30       0x38 Generated_Source\PSoC6\pdl\middleware\emWin\libs\libemWin_nosnts_gcc.a(WM__Private.o)
                0x10088a30                WM__SendMessage
 .text.WM__AddCriticalHandle
                0x10088a68       0x10 Generated_Source\PSoC6\pdl\middleware\emWin\libs\libemWin_nosnts_gcc.a(WM__Private.o)
                0x10088a68                WM__AddCriticalHandle
 .text.WM__GetClientRectEx
                0x10088a78       0x20 Generated_Source\PSoC6\pdl\middleware\emWin\libs\libemWin_nosnts_gcc.a(WM__Private.o)
                0x10088a78                WM__GetClientRectEx
 .text.WM_GetDesktopWindow
                0x10088a98        0xc Generated_Source\PSoC6\pdl\middleware\emWin\libs\libemWin_nosnts_gcc.a(WM_Lib.o)
                0x10088a98                WM_GetDesktopWindow
 .text.WM_GetFirstChild
                0x10088aa4        0xe Generated_Source\PSoC6\pdl\middleware\emWin\libs\libemWin_nosnts_gcc.a(WM_Lib.o)
                0x10088aa4                WM_GetFirstChild
 .text.WM_GetParent
                0x10088ab2        0xe Generated_Source\PSoC6\pdl\middleware\emWin\libs\libemWin_nosnts_gcc.a(WM_Lib.o)
                0x10088ab2                WM_GetParent
 .text.WM_BringToBottom
                0x10088ac0       0x80 Generated_Source\PSoC6\pdl\middleware\emWin\libs\libemWin_nosnts_gcc.a(WM_Lib.o)
                0x10088ac0                WM_BringToBottom
 .text.WM_SendToParent
                0x10088b40       0x1a Generated_Source\PSoC6\pdl\middleware\emWin\libs\libemWin_nosnts_gcc.a(WM_Lib.o)
                0x10088b40                WM_SendToParent
 *fill*         0x10088b5a        0x2 
 .text.GUI__ManageCacheEx
                0x10088b5c       0xe0 Generated_Source\PSoC6\pdl\middleware\emWin\libs\libemWin_nosnts_gcc.a(GUI__ManageCache.o)
                0x10088b5c                GUI__ManageCacheEx
 .text.GUI__ManageCache
                0x10088c3c       0x14 Generated_Source\PSoC6\pdl\middleware\emWin\libs\libemWin_nosnts_gcc.a(GUI__ManageCache.o)
                0x10088c3c                GUI__ManageCache
 .text.GUI__IntersectRect
                0x10088c50       0x3c Generated_Source\PSoC6\pdl\middleware\emWin\libs\libemWin_nosnts_gcc.a(GUI__Private.o)
                0x10088c50                GUI__IntersectRect
 .text.GUI__IntersectRects
                0x10088c8c       0x68 Generated_Source\PSoC6\pdl\middleware\emWin\libs\libemWin_nosnts_gcc.a(GUI__Private.o)
                0x10088c8c                GUI__IntersectRects
 .text.GUI_GetYAdjust
                0x10088cf4       0x2c Generated_Source\PSoC6\pdl\middleware\emWin\libs\libemWin_nosnts_gcc.a(GUI_Char.o)
                0x10088cf4                GUI_GetYAdjust
 .text.GUI_GetFontDistY
                0x10088d20       0x10 Generated_Source\PSoC6\pdl\middleware\emWin\libs\libemWin_nosnts_gcc.a(GUI_Char.o)
                0x10088d20                GUI_GetFontDistY
 .text.GUI_GetCharDistX
                0x10088d30       0x14 Generated_Source\PSoC6\pdl\middleware\emWin\libs\libemWin_nosnts_gcc.a(GUI_Char.o)
                0x10088d30                GUI_GetCharDistX
 .text.GUI_GetCharDistXEx
                0x10088d44       0x14 Generated_Source\PSoC6\pdl\middleware\emWin\libs\libemWin_nosnts_gcc.a(GUI_Char.o)
                0x10088d44                GUI_GetCharDistXEx
 .text._Log2VisBuffered
                0x10088d58        0x2 Generated_Source\PSoC6\pdl\middleware\emWin\libs\libemWin_nosnts_gcc.a(GUI_CharLine.o)
 *fill*         0x10088d5a        0x2 
 .text._DispLine
                0x10088d5c       0x9c Generated_Source\PSoC6\pdl\middleware\emWin\libs\libemWin_nosnts_gcc.a(GUI_CharLine.o)
 .text.GUI__GetLineNumChars
                0x10088df8       0x3c Generated_Source\PSoC6\pdl\middleware\emWin\libs\libemWin_nosnts_gcc.a(GUI_CharLine.o)
                0x10088df8                GUI__GetLineNumChars
 .text.GUI__GetOverlap
                0x10088e34       0x18 Generated_Source\PSoC6\pdl\middleware\emWin\libs\libemWin_nosnts_gcc.a(GUI_CharLine.o)
                0x10088e34                GUI__GetOverlap
 .text.GUI__GetLineDistX
                0x10088e4c       0x5c Generated_Source\PSoC6\pdl\middleware\emWin\libs\libemWin_nosnts_gcc.a(GUI_CharLine.o)
                0x10088e4c                GUI__GetLineDistX
 .text.GUI__DispLine
                0x10088ea8       0x9c Generated_Source\PSoC6\pdl\middleware\emWin\libs\libemWin_nosnts_gcc.a(GUI_CharLine.o)
                0x10088ea8                GUI__DispLine
 .text.GL_DrawPoint
                0x10088f44       0x28 Generated_Source\PSoC6\pdl\middleware\emWin\libs\libemWin_nosnts_gcc.a(GUI_DrawLib.o)
                0x10088f44                GL_DrawPoint
 .text.GUI_SelectLayer
                0x10088f6c       0x28 Generated_Source\PSoC6\pdl\middleware\emWin\libs\libemWin_nosnts_gcc.a(GUI_SelectLayer.o)
                0x10088f6c                GUI_SelectLayer
 .text._GetIndexMask_0
                0x10088f94       0x44 Generated_Source\PSoC6\pdl\middleware\emWin\libs\libemWin_nosnts_gcc.a(GUICC_0.o)
 .text._Index2Color_0
                0x10088fd8       0x20 Generated_Source\PSoC6\pdl\middleware\emWin\libs\libemWin_nosnts_gcc.a(GUICC_0.o)
 .text._Color2Index_0
                0x10088ff8       0x50 Generated_Source\PSoC6\pdl\middleware\emWin\libs\libemWin_nosnts_gcc.a(GUICC_0.o)
 .text.GUI_MEMDEV_GetBitsPerPixel
                0x10089048       0x26 Generated_Source\PSoC6\pdl\middleware\emWin\libs\libemWin_nosnts_gcc.a(GUIDEV.o)
                0x10089048                GUI_MEMDEV_GetBitsPerPixel
 *fill*         0x1008906e        0x2 
 .text.GUI_MEMDEV_Delete
                0x10089070       0x40 Generated_Source\PSoC6\pdl\middleware\emWin\libs\libemWin_nosnts_gcc.a(GUIDEV.o)
                0x10089070                GUI_MEMDEV_Delete
 .text._GetDevData
                0x100890b0       0x10 Generated_Source\PSoC6\pdl\middleware\emWin\libs\libemWin_nosnts_gcc.a(GUIDEV_1.o)
 .text._GetDevFunc
                0x100890c0       0x10 Generated_Source\PSoC6\pdl\middleware\emWin\libs\libemWin_nosnts_gcc.a(GUIDEV_1.o)
 .text._SetOrg  0x100890d0        0xc Generated_Source\PSoC6\pdl\middleware\emWin\libs\libemWin_nosnts_gcc.a(GUIDEV_1.o)
 .text._GetDevProp
                0x100890dc        0xc Generated_Source\PSoC6\pdl\middleware\emWin\libs\libemWin_nosnts_gcc.a(GUIDEV_1.o)
 .text._GetRect
                0x100890e8       0x30 Generated_Source\PSoC6\pdl\middleware\emWin\libs\libemWin_nosnts_gcc.a(GUIDEV_1.o)
 .text._XY2PTR_BITOFFSET
                0x10089118       0x44 Generated_Source\PSoC6\pdl\middleware\emWin\libs\libemWin_nosnts_gcc.a(GUIDEV_1.o)
 .text._GetPixelIndex
                0x1008915c       0x18 Generated_Source\PSoC6\pdl\middleware\emWin\libs\libemWin_nosnts_gcc.a(GUIDEV_1.o)
 .text._XorPixel
                0x10089174       0x58 Generated_Source\PSoC6\pdl\middleware\emWin\libs\libemWin_nosnts_gcc.a(GUIDEV_1.o)
 .text._SetPixelIndex
                0x100891cc       0x60 Generated_Source\PSoC6\pdl\middleware\emWin\libs\libemWin_nosnts_gcc.a(GUIDEV_1.o)
 .text._DrawVLine
                0x1008922c       0xb8 Generated_Source\PSoC6\pdl\middleware\emWin\libs\libemWin_nosnts_gcc.a(GUIDEV_1.o)
 .text._FillRect
                0x100892e4      0x158 Generated_Source\PSoC6\pdl\middleware\emWin\libs\libemWin_nosnts_gcc.a(GUIDEV_1.o)
 .text._DrawHLine
                0x1008943c        0xa Generated_Source\PSoC6\pdl\middleware\emWin\libs\libemWin_nosnts_gcc.a(GUIDEV_1.o)
 *fill*         0x10089446        0x2 
 .text._DrawBitmap
                0x10089448      0x614 Generated_Source\PSoC6\pdl\middleware\emWin\libs\libemWin_nosnts_gcc.a(GUIDEV_1.o)
 .text._GetDevData
                0x10089a5c       0x10 Generated_Source\PSoC6\pdl\middleware\emWin\libs\libemWin_nosnts_gcc.a(GUIDEV_8.o)
 .text._GetDevFunc
                0x10089a6c       0x10 Generated_Source\PSoC6\pdl\middleware\emWin\libs\libemWin_nosnts_gcc.a(GUIDEV_8.o)
 .text._SetOrg  0x10089a7c       0x10 Generated_Source\PSoC6\pdl\middleware\emWin\libs\libemWin_nosnts_gcc.a(GUIDEV_8.o)
 .text._GetRect
                0x10089a8c       0x30 Generated_Source\PSoC6\pdl\middleware\emWin\libs\libemWin_nosnts_gcc.a(GUIDEV_8.o)
 .text._XY2PTR  0x10089abc       0x38 Generated_Source\PSoC6\pdl\middleware\emWin\libs\libemWin_nosnts_gcc.a(GUIDEV_8.o)
 .text._GetPixelIndex
                0x10089af4        0xe Generated_Source\PSoC6\pdl\middleware\emWin\libs\libemWin_nosnts_gcc.a(GUIDEV_8.o)
 *fill*         0x10089b02        0x2 
 .text._XorPixel
                0x10089b04       0x54 Generated_Source\PSoC6\pdl\middleware\emWin\libs\libemWin_nosnts_gcc.a(GUIDEV_8.o)
 .text._SetPixelIndex
                0x10089b58       0x48 Generated_Source\PSoC6\pdl\middleware\emWin\libs\libemWin_nosnts_gcc.a(GUIDEV_8.o)
 .text._DrawVLine
                0x10089ba0       0xbc Generated_Source\PSoC6\pdl\middleware\emWin\libs\libemWin_nosnts_gcc.a(GUIDEV_8.o)
 .text._FillRect
                0x10089c5c       0xb0 Generated_Source\PSoC6\pdl\middleware\emWin\libs\libemWin_nosnts_gcc.a(GUIDEV_8.o)
 .text._DrawHLine
                0x10089d0c        0xa Generated_Source\PSoC6\pdl\middleware\emWin\libs\libemWin_nosnts_gcc.a(GUIDEV_8.o)
 *fill*         0x10089d16        0x2 
 .text._DrawBitmap
                0x10089d18      0x688 Generated_Source\PSoC6\pdl\middleware\emWin\libs\libemWin_nosnts_gcc.a(GUIDEV_8.o)
 .text._GetDevProp
                0x1008a3a0       0x1e Generated_Source\PSoC6\pdl\middleware\emWin\libs\libemWin_nosnts_gcc.a(GUIDEV_8.o)
 .text.GUI_USAGE_DecUseCnt
                0x1008a3be       0x24 Generated_Source\PSoC6\pdl\middleware\emWin\libs\libemWin_nosnts_gcc.a(GUIDEV_Usage.o)
                0x1008a3be                GUI_USAGE_DecUseCnt
 .text.GUI_USAGE_AddRect
                0x1008a3e2       0x26 Generated_Source\PSoC6\pdl\middleware\emWin\libs\libemWin_nosnts_gcc.a(GUIDEV_Usage.o)
                0x1008a3e2                GUI_USAGE_AddRect
 .text._Convert16
                0x1008a408       0x34 Generated_Source\PSoC6\pdl\middleware\emWin\libs\libemWin_nosnts_gcc.a(GUIDEV_WriteToActiveOpaque.o)
 .text._Convert8
                0x1008a43c       0x34 Generated_Source\PSoC6\pdl\middleware\emWin\libs\libemWin_nosnts_gcc.a(GUIDEV_WriteToActiveOpaque.o)
 .text.GUI_MEMDEV__WriteToActiveOpaque
                0x1008a470      0x714 Generated_Source\PSoC6\pdl\middleware\emWin\libs\libemWin_nosnts_gcc.a(GUIDEV_WriteToActiveOpaque.o)
                0x1008a470                GUI_MEMDEV__WriteToActiveOpaque
 .text.LCD_SetClipRectEx
                0x1008ab84       0x30 Generated_Source\PSoC6\pdl\middleware\emWin\libs\libemWin_nosnts_gcc.a(LCD_SetClipRectEx.o)
                0x1008ab84                LCD_SetClipRectEx
 .text.GUI__CompactPixelIndices
                0x1008abb4      0x14a Generated_Source\PSoC6\pdl\middleware\emWin\libs\libemWin_nosnts_gcc.a(GUI__CompactPixelIndices.o)
                0x1008abb4                GUI__CompactPixelIndices
 *fill*         0x1008acfe        0x2 
 .text.GL_FillCircle
                0x1008ad00       0xcc Generated_Source\PSoC6\pdl\middleware\emWin\libs\libemWin_nosnts_gcc.a(GUI_Circ.o)
                0x1008ad00                GL_FillCircle
 .text.GUI_MEMDEV_GetDataPtr
                0x1008adcc       0x1c Generated_Source\PSoC6\pdl\middleware\emWin\libs\libemWin_nosnts_gcc.a(GUIDEV_GetDataPtr.o)
                0x1008adcc                GUI_MEMDEV_GetDataPtr
 .text          0x1008ade8       0x14 c:/program files (x86)/cypress/psoc creator/4.2/psoc creator/import/gnu/arm/5.4.1/bin/../lib/gcc/arm-none-eabi/5.4.1/armv7e-m/softfp\libgcc.a(_thumb1_case_uqi.o)
                0x1008ade8                __gnu_thumb1_case_uqi
 .text          0x1008adfc       0x14 c:/program files (x86)/cypress/psoc creator/4.2/psoc creator/import/gnu/arm/5.4.1/bin/../lib/gcc/arm-none-eabi/5.4.1/armv7e-m/softfp\libgcc.a(_thumb1_case_uhi.o)
                0x1008adfc                __gnu_thumb1_case_uhi
 .text          0x1008ae10       0x24 c:/program files (x86)/cypress/psoc creator/4.2/psoc creator/import/gnu/arm/5.4.1/bin/../lib/gcc/arm-none-eabi/5.4.1/armv7e-m/softfp\libgcc.a(_udivsi3.o)
                0x1008ae10                __aeabi_uidiv
                0x1008ae10                __udivsi3
                0x1008ae24                __aeabi_uidivmod
 .text          0x1008ae34       0x2c c:/program files (x86)/cypress/psoc creator/4.2/psoc creator/import/gnu/arm/5.4.1/bin/../lib/gcc/arm-none-eabi/5.4.1/armv7e-m/softfp\libgcc.a(_divsi3.o)
                0x1008ae34                __divsi3
                0x1008ae34                __aeabi_idiv
                0x1008ae50                __aeabi_idivmod
 .text          0x1008ae60        0x4 c:/program files (x86)/cypress/psoc creator/4.2/psoc creator/import/gnu/arm/5.4.1/bin/../lib/gcc/arm-none-eabi/5.4.1/armv7e-m/softfp\libgcc.a(_dvmd_tls.o)
                0x1008ae60                __aeabi_idiv0
                0x1008ae60                __aeabi_ldiv0
 .text.memcpy   0x1008ae64       0x16 c:/program files (x86)/cypress/psoc creator/4.2/psoc creator/import/gnu/arm/5.4.1/bin/../lib/gcc/arm-none-eabi/5.4.1/../../../../arm-none-eabi/lib/armv7e-m/softfp\libg_nano.a(lib_a-memcpy-stub.o)
                0x1008ae64                memcpy
 .text.memmove  0x1008ae7a       0x36 c:/program files (x86)/cypress/psoc creator/4.2/psoc creator/import/gnu/arm/5.4.1/bin/../lib/gcc/arm-none-eabi/5.4.1/../../../../arm-none-eabi/lib/armv7e-m/softfp\libg_nano.a(lib_a-memmove.o)
                0x1008ae7a                memmove
 .text.memset   0x1008aeb0       0x10 c:/program files (x86)/cypress/psoc creator/4.2/psoc creator/import/gnu/arm/5.4.1/bin/../lib/gcc/arm-none-eabi/5.4.1/../../../../arm-none-eabi/lib/armv7e-m/softfp\libg_nano.a(lib_a-memset.o)
                0x1008aeb0                memset
 .text.rand     0x1008aec0       0x74 c:/program files (x86)/cypress/psoc creator/4.2/psoc creator/import/gnu/arm/5.4.1/bin/../lib/gcc/arm-none-eabi/5.4.1/../../../../arm-none-eabi/lib/armv7e-m/softfp\libg_nano.a(lib_a-rand.o)
                0x1008aec0                rand
 .text.sprintf  0x1008af34       0x48 c:/program files (x86)/cypress/psoc creator/4.2/psoc creator/import/gnu/arm/5.4.1/bin/../lib/gcc/arm-none-eabi/5.4.1/../../../../arm-none-eabi/lib/armv7e-m/softfp\libg_nano.a(lib_a-sprintf.o)
                0x1008af34                siprintf
                0x1008af34                sprintf
 .text.strncpy  0x1008af7c       0x26 c:/program files (x86)/cypress/psoc creator/4.2/psoc creator/import/gnu/arm/5.4.1/bin/../lib/gcc/arm-none-eabi/5.4.1/../../../../arm-none-eabi/lib/armv7e-m/softfp\libg_nano.a(lib_a-strncpy.o)
                0x1008af7c                strncpy
 *fill*         0x1008afa2        0x2 
 .text.malloc   0x1008afa4       0x10 c:/program files (x86)/cypress/psoc creator/4.2/psoc creator/import/gnu/arm/5.4.1/bin/../lib/gcc/arm-none-eabi/5.4.1/../../../../arm-none-eabi/lib/armv7e-m/softfp\libg_nano.a(lib_a-malloc.o)
                0x1008afa4                malloc
 .text._free_r  0x1008afb4       0x9c c:/program files (x86)/cypress/psoc creator/4.2/psoc creator/import/gnu/arm/5.4.1/bin/../lib/gcc/arm-none-eabi/5.4.1/../../../../arm-none-eabi/lib/armv7e-m/softfp\libg_nano.a(lib_a-nano-freer.o)
                0x1008afb4                _free_r
 .text._malloc_r
                0x1008b050       0xbc c:/program files (x86)/cypress/psoc creator/4.2/psoc creator/import/gnu/arm/5.4.1/bin/../lib/gcc/arm-none-eabi/5.4.1/../../../../arm-none-eabi/lib/armv7e-m/softfp\libg_nano.a(lib_a-nano-mallocr.o)
                0x1008b050                _malloc_r
 .text.__ssputs_r
                0x1008b10c       0xb2 c:/program files (x86)/cypress/psoc creator/4.2/psoc creator/import/gnu/arm/5.4.1/bin/../lib/gcc/arm-none-eabi/5.4.1/../../../../arm-none-eabi/lib/armv7e-m/softfp\libg_nano.a(lib_a-nano-svfprintf.o)
                0x1008b10c                __ssputs_r
 *fill*         0x1008b1be        0x2 
 .text._svfprintf_r
                0x1008b1c0      0x1e8 c:/program files (x86)/cypress/psoc creator/4.2/psoc creator/import/gnu/arm/5.4.1/bin/../lib/gcc/arm-none-eabi/5.4.1/../../../../arm-none-eabi/lib/armv7e-m/softfp\libg_nano.a(lib_a-nano-svfprintf.o)
                0x1008b1c0                _svfiprintf_r
                0x1008b1c0                _svfprintf_r
 .text._printf_common
                0x1008b3a8       0xec c:/program files (x86)/cypress/psoc creator/4.2/psoc creator/import/gnu/arm/5.4.1/bin/../lib/gcc/arm-none-eabi/5.4.1/../../../../arm-none-eabi/lib/armv7e-m/softfp\libg_nano.a(lib_a-nano-vfprintf_i.o)
                0x1008b3a8                _printf_common
 .text._printf_i
                0x1008b494      0x24c c:/program files (x86)/cypress/psoc creator/4.2/psoc creator/import/gnu/arm/5.4.1/bin/../lib/gcc/arm-none-eabi/5.4.1/../../../../arm-none-eabi/lib/armv7e-m/softfp\libg_nano.a(lib_a-nano-vfprintf_i.o)
                0x1008b494                _printf_i